                                                                                                    SDL Error: Couldn't find matching EGL config (call to eglChooseConfig failed, reporting an error of EGL_BAD_ATTRIBUTE)
2025-11-21 18:14:07.110  3266-13546 DOTNET                  com.app.ralaunch                     I  Microsoft.Xna.Framework.Graphics.NoSuitableGraphicsDeviceException: Couldn't find matching EGL config (call to eglChooseConfig failed, reporting an error of EGL_BAD_ATTRIBUTE)
                                                                                                       at Microsoft.Xna.Framework.SDL2_FNAPlatform.CreateWindow() in D:\a\tModLoader\tModLoader\FNA\src\FNAPlatform\SDL2_FNAPlatform.cs:line 500
2025-11-21 18:14:07.110  3266-13546 DOTNET                  com.app.ralaunch                     I     at Microsoft.Xna.Framework.Game..ctor(Boolean headlessMode) in D:\a\tModLoader\tModLoader\FNA\src\Game.cs:line 274
                                                                                                       at Terraria.Main..ctor() in D:\a\tModLoader\tModLoader\src\tModLoader\Terraria\Main.cs:line 5685
2025-11-21 18:14:07.110  3266-13546 DOTNET                  com.app.ralaunch                     I     at Terraria.Program.RunGame() in D:\a\tModLoader\tModLoader\src\tModLoader\Terraria\Program.cs:line 257
2025-11-21 18:14:07.110  3266-13546 app_process64           com.app.ralaunch                     D  tML: [18:14:07.110] [Main Thread/FATAL] [tML]: Main engine crash
                                                                                                    
                                                                                                    SDL Error: Couldn't find matching EGL config (call to eglChooseConfig failed, reporting an error of EGL_BAD_ATTRIBUTE)
                                                                                                    
                                                                                                    Microsoft.Xna.Framework.Graphics.NoSuitableGraphicsDeviceException: Couldn't find matching EGL config (call to eglChooseConfig failed, reporting an error of EGL_BAD_ATTRIBUTE)
                                                                                                       at Microsoft.Xna.Framework.SDL2_FNAPlatform.CreateWindow() in D:\a\tModLoader\tModLoader\FNA\src\FNAPlatform\SDL2_FNAPlatform.cs:line 500
                                                                                                       at Microsoft.Xna.Framework.Game..ctor(Boolean headlessMode) in D:\a\tModLoader\tModLoader\FNA\src\Game.cs:line 274
                                                                                                       at Terraria.Main..ctor() in D:\a\tModLoader\tModLoader\src\tModLoader\Terraria\Main.cs:line 5685
                                                                                                       at Terraria.Program.RunGame() in D:\a\tModLoader\tModLoader\src\tModLoader\Terraria\Program.cs:line 257
2025-11-21 18:14:07.118  3266-13546 DOTNET                  com.app.ralaunch                     I  [18:14:07.118] [Main Thread/WARN] [tML]: Silently Caught Exception: 
                                                                                                    System.PlatformNotSupportedException: Operation is not supported on this platform.
                                                                                                       at System.Console.set_ForegroundColor(ConsoleColor value)
2025-11-21 18:14:07.118  3266-13546 DOTNET                  com.app.ralaunch                     I     at Terraria.ModLoader.Engine.ErrorReporting.MessageBoxShow(String message, Boolean fatal) in D:\a\tModLoader\tModLoader\src\tModLoader\Terraria\ModLoader\Engine\ErrorReporting.cs:line 28
2025-11-21 18:14:07.118  3266-13546 DOTNET                  com.app.ralaunch                     I     at Terraria.ModLoader.Engine.ErrorReporting.FatalExit(String message) in D:\a\tModLoader\tModLoader\src\tModLoader\Terraria\ModLoader\Engine\ErrorReporting.cs:line 43
                                                                                                       at Terraria.ModLoader.Engine.ErrorReporting.FatalExit(String message, Exception e) in D:\a\tModLoader\tModLoader\src\tModLoader\Terraria\ModLoader\Engine\ErrorReporting.cs:line 91
2025-11-21 18:14:07.118  3266-13546 DOTNET                  com.app.ralaunch                     I     at Terraria.Program.RunGame() in D:\a\tModLoader\tModLoader\src\tModLoader\Terraria\Program.cs:line 257
                                                                                                       at Terraria.Program.LaunchGame_(Boolean isServer) in D:\a\tModLoader\tModLoader\src\tModLoader\Terraria\Program.cs:line 240
2025-11-21 18:14:07.118  3266-13546 DOTNET                  com.app.ralaunch                     I     at Terraria.Program.LaunchGame(String[] args, Boolean monoArgs) in D:\a\tModLoader\tModLoader\src\tModLoader\Terraria\Program.cs:line 213
                                                                                                       at Terraria.MonoLaunch.Main_End(String[] args) in D:\a\tModLoader\tModLoader\src\tModLoader\Terraria\MonoLaunch.cs:line 79
2025-11-21 18:14:07.118  3266-13546 DOTNET                  com.app.ralaunch                     I     at Terraria.MonoLaunch.<>c__DisplayClass1_0.<Main>b__1() in D:\a\tModLoader\tModLoader\src\tModLoader\Terraria\MonoLaunch.cs:line 65
                                                                                                       at Terraria.MonoLaunch.Main(String[] args) in D:\a\tModLoader\tModLoader\src\tModLoader\Terraria\MonoLaunch.cs:line 72
2025-11-21 18:14:07.118  3266-13546 app_process64           com.app.ralaunch                     D  tML: [18:14:07.118] [Main Thread/WARN] [tML]: Silently Caught Exception: 
                                                                                                    System.PlatformNotSupportedException: Operation is not supported on this platform.
                                                                                                       at System.Console.set_ForegroundColor(ConsoleColor value)
                                                                                                       at Terraria.ModLoader.Engine.ErrorReporting.MessageBoxShow(String message, Boolean fatal) in D:\a\tModLoader\tModLoader\src\tModLoader\Terraria\ModLoader\Engine\ErrorReporting.cs:line 28
                                                                                                       at Terraria.ModLoader.Engine.ErrorReporting.FatalExit(String message) in D:\a\tModLoader\tModLoader\src\tModLoader\Terraria\ModLoader\Engine\ErrorReporting.cs:line 43
                                                                                                       at Terraria.ModLoader.Engine.ErrorReporting.FatalExit(String message, Exception e) in D:\a\tModLoader\tModLoader\src\tModLoader\Terraria\ModLoader\Engine\ErrorReporting.cs:line 91
                                                                                                       at Terraria.Program.RunGame() in D:\a\tModLoader\tModLoader\src\tModLoader\Terraria\Program.cs:line 257
                                                                                                       at Terraria.Program.LaunchGame_(Boolean isServer) in D:\a\tModLoader\tModLoader\src\tModLoader\Terraria\Program.cs:line 240
                                                                                                       at Terraria.Program.Launc
--------- beginning of crash
2025-11-21 18:14:07.154  3266-13333 libc                    com.app.ralaunch                     A  FORTIFY: pthread_mutex_lock called on a destroyed mutex (0x7cd420eac8)
2025-11-21 18:14:07.154  3266-13333 Fishnet                 com.app.ralaunch                     E  Received signal SIGABRT, code SI_QUEUE
2025-11-21 18:14:07.154  3266-13334 libc                    com.app.ralaunch                     A  FORTIFY: pthread_mutex_lock called on a destroyed mutex (0x7cd420eac8)
2025-11-21 18:14:07.154  3266-13334 DOTNET                  com.app.ralaunch                     A  Aborting process.
---------------------------- PROCESS ENDED (3266) for package com.app.ralaunch ----------------------------
2025-11-21 18:14:07.194  2830-4557  InputDispatcher         system_server                        E  channel 'e78904b com.app.ralaunch/com.app.ralaunch.activity.GameActivity' ~ Channel is unrecoverably broken and will be disposed!
2025-11-21 18:14:07.223  5121-5121  Zygote                  usap64                               E  process_name_ptr:5121 com.app.ralaunch
2025-11-21 18:14:07.224  5121-5121  Zygote                  usap64                               E  SetMemoryProtected process_name_ptr:5121 com.app.ralaunch
---------------------------- PROCESS STARTED (5121) for package com.app.ralaunch ----------------------------
2025-11-21 18:14:07.266  5121-13581 MiuiDownscaleImpl       com.app.ralaunch                     D  set override inverted scale : 1.0
2025-11-21 18:14:07.278  5121-5121  ActivityThread          com.app.ralaunch                     D  setEmbeddedParam packageName=com.app.ralaunch processName=com.app.ralaunch isEmbedded=false isIsolated=false
2025-11-21 18:14:07.283  5121-5121  nativeloader            com.app.ralaunch                     D  Configuring clns-10 for other apk /data/app/~~xZmBAeWYARqTgnjV8R9TXg==/com.app.ralaunch-q7tiZT26Sl4yp5G5v8K-Cw==/base.apk. target_sdk_version=35, uses_libraries=, library_path=/data/app/~~xZmBAeWYARqTgnjV8R9TXg==/com.app.ralaunch-q7tiZT26Sl4yp5G5v8K-Cw==/lib/arm64:/data/app/~~xZmBAeWYARqTgnjV8R9TXg==/com.app.ralaunch-q7tiZT26Sl4yp5G5v8K-Cw==/base.apk!/lib/arm64-v8a, permitted_path=/data:/mnt/expand:/data/user/0/com.app.ralaunch
2025-11-21 18:14:07.284  5121-5121  CompatChangeReporter    com.app.ralaunch                     D  Compat change id reported: 202956589; UID 11317; state: ENABLED
2025-11-21 18:14:07.287  5121-5121  om.app.ralaunch         com.app.ralaunch                     I  AssetManager2(0xb400007b26073778) locale list changing from [] to [zh-CN]
2025-11-21 18:14:07.291  5121-5121  HWUI                    com.app.ralaunch                     D  [HWUI] Flag vulkan_enhance_pipeline_cache enabled
2025-11-21 18:14:07.291  5121-5121  HWUI                    com.app.ralaunch                     D  [HWUI] EnhanceVkPipelineCache is disabled
2025-11-21 18:14:07.291  5121-5121  GraphicsEnvironment     com.app.ralaunch                     V  Currently set values for:
2025-11-21 18:14:07.292  5121-5121  GraphicsEnvironment     com.app.ralaunch                     V    angle_gl_driver_selection_pkgs=[]
2025-11-21 18:14:07.292  5121-5121  GraphicsEnvironment     com.app.ralaunch                     V    angle_gl_driver_selection_values=[]
2025-11-21 18:14:07.292  5121-5121  GraphicsEnvironment     com.app.ralaunch                     V  com.app.ralaunch is not listed in per-application setting
2025-11-21 18:14:07.292  5121-5121  GraphicsEnvironment     com.app.ralaunch                     V  ANGLE allowlist from config: 
2025-11-21 18:14:07.292  5121-5121  GraphicsEnvironment     com.app.ralaunch                     V  com.app.ralaunch is not listed in ANGLE allowlist or settings, returning default
2025-11-21 18:14:07.292  5121-5121  GraphicsEnvironment     com.app.ralaunch                     V  Updatable production driver is not supported on the device.
2025-11-21 18:14:07.297  5121-13581 AppScoutStateMachine    com.app.ralaunch                     D  5121-ScoutStateMachinecreated
2025-11-21 18:14:07.302  5121-13585 MiuiMonitorThread       com.app.ralaunch                     D  Shared singleton Thread for stability monitor start
2025-11-21 18:14:07.309  5121-13585 Perf                    com.app.ralaunch                     I  Connecting to perf service.
2025-11-21 18:14:07.309  5121-5121  ResMonitorStub          com.app.ralaunch                     D  The current process type is: third_party_app, process name is: com.app.ralaunch
2025-11-21 18:14:07.310  5121-5121  MiuiAppAda...ubsControl com.app.ralaunch                     I  Feature Flag of ThirdAppOpt is turned off
2025-11-21 18:14:07.315  5121-13585 ActivityThread          com.app.ralaunch                     I  TrafficStats init done
2025-11-21 18:14:07.315  5121-5121  CompatChangeReporter    com.app.ralaunch                     D  Compat change id reported: 279646685; UID 11317; state: ENABLED
2025-11-21 18:14:07.315  5121-13602 ashmem                  com.app.ralaunch                     E  Pinning is deprecated since Android Q. Please use trim or other methods.
2025-11-21 18:14:07.317  5121-13585 ForceDarkHelperStubImpl com.app.ralaunch                     I  initialize for com.app.ralaunch , ForceDarkOrigin
2025-11-21 18:14:07.317  5121-13585 nativeloader            com.app.ralaunch                     D  Load libforcedarkimpl.so using system ns (caller=/system_ext/framework/miui-framework.jar): ok
2025-11-21 18:14:07.317  5121-13585 HWUI                    com.app.ralaunch                     D  JNI_OnLoad success
2025-11-21 18:14:07.317  5121-13585 MiuiForceDarkConfig     com.app.ralaunch                     I  setConfig density:2.625000, mainRule:0, secondaryRule:0, tertiaryRule:0
2025-11-21 18:14:07.320  5121-13585 ActivityThread          com.app.ralaunch                     I  Miui Feature Init done
2025-11-21 18:14:07.323  5121-5121  nativeloader            com.app.ralaunch                     D  Load /data/app/~~xZmBAeWYARqTgnjV8R9TXg==/com.app.ralaunch-q7tiZT26Sl4yp5G5v8K-Cw==/lib/arm64/libcom.kyant.fishnet.so using class loader ns clns-10 (caller=/data/app/~~xZmBAeWYARqTgnjV8R9TXg==/com.app.ralaunch-q7tiZT26Sl4yp5G5v8K-Cw==/base.apk): ok
2025-11-21 18:14:07.335  5121-5121  libc                    com.app.ralaunch                     W  Access denied finding property "vendor.boostfwk.frameprefetcher"
2025-11-21 18:14:07.336  5121-5121  UnionPowerNotifier      com.app.ralaunch                     D  check_union_power_ioctl -1
2025-11-21 18:14:07.337  5121-5121  FramePredict            com.app.ralaunch                     D  FramePredict init: false
2025-11-21 18:14:07.347  5121-5121  HWUI                    com.app.ralaunch                     D  [HWUI] Flag vulkan_enhance_pipeline_cache enabled
2025-11-21 18:14:07.347  5121-5121  HWUI                    com.app.ralaunch                     D  [HWUI] EnhanceVkPipelineCache is disabled
2025-11-21 18:14:07.347  5121-5121  om.app.ralaunch         com.app.ralaunch                     D  blurUtils, initBackgroundBlurMinInterval processName(com.app.ralaunch), inWhiteLists(0)
2025-11-21 18:14:07.348  5121-13585 ActivityThread          com.app.ralaunch                     I  HardwareRenderer preload  done
2025-11-21 18:14:07.359  5121-5121  om.app.ralaunch         com.app.ralaunch                     I  AssetManager2(0xb400007b2606f5d8) locale list changing from [] to [zh-CN]
2025-11-21 18:14:07.366  5121-5121  AppCompatDelegate       com.app.ralaunch                     D  Checking for metadata for AppLocalesMetadataHolderService : Service not found
2025-11-21 18:14:07.366  5121-13631 DisplayManager          com.app.ralaunch                     I  Choreographer implicitly registered for the refresh rate.
2025-11-21 18:14:07.373  5121-5121  om.app.ralaunch         com.app.ralaunch                     I  AssetManager2(0xb400007b2606fc18) locale list changing from [] to [zh-CN]
2025-11-21 18:14:07.374  5121-13631 libc                    com.app.ralaunch                     W  Access denied finding property "vendor.migl.debug"
2025-11-21 18:14:07.374  5121-13631 libMiGL                 com.app.ralaunch                     I  EnableDR: 0
2025-11-21 18:14:07.374  5121-13631 libMiGL                 com.app.ralaunch                     D  mDFIInterval: -1
2025-11-21 18:14:07.374  5121-13631 AdrenoGLES-0            com.app.ralaunch                     I  QUALCOMM build                   : 331d135022, I2ffb9e077a
                                                                                                    Build Date                       : 07/11/25
                                                                                                    OpenGL ES Shader Compiler Version: E031.41.03.62
                                                                                                    Local Branch                     : 
                                                                                                    Remote Branch                    : refs/tags/AU_LINUX_ANDROID_LA.VENDOR.13.2.0.11.00.00.856.062
                                                                                                    Remote Branch                    : NONE
                                                                                                    Reconstruct Branch               : NOTHING
2025-11-21 18:14:07.374  5121-13631 AdrenoGLES-0            com.app.ralaunch                     I  Build Config                     : S P 14.1.4 AArch64
2025-11-21 18:14:07.374  5121-13631 AdrenoGLES-0            com.app.ralaunch                     I  Driver Path                      : /vendor/lib64/egl/libGLESv2_adreno.so
2025-11-21 18:14:07.374  5121-13631 AdrenoGLES-0            com.app.ralaunch                     I  Driver Version                   : 0676.74
2025-11-21 18:14:07.395  5121-13631 AdrenoGLES-0            com.app.ralaunch                     I  PFP: 0x01740181, ME: 0x00000000
2025-11-21 18:14:07.405  2830-4965  HyperSentinel           system_server                        E  ->pid:5121,processName:"com.app.ralaunch",Rss Memory Size Change 120324kb -> 157228kb
2025-11-21 18:14:07.419  5121-13631 AdrenoUtils             com.app.ralaunch                     I  <ReadGpuID:407>: Reading chip ID through GSL
2025-11-21 18:14:07.423  5121-13631 libEGL                  com.app.ralaunch                     I  shader cache num entries: 86
2025-11-21 18:14:07.424  5121-13631 HWUI                    com.app.ralaunch                     D  [HWUI] Flag vulkan_enhance_pipeline_cache enabled
2025-11-21 18:14:07.424  5121-13631 HWUI                    com.app.ralaunch                     D  [HWUI] EnhanceVkPipelineCache is disabled
2025-11-21 18:14:07.424  5121-13631 SKIA                    com.app.ralaunch                     D  [Skia] Flag vulkan_enhance_pipeline_cache enabled
2025-11-21 18:14:07.424  5121-13631 SKIA                    com.app.ralaunch                     D  [Skia] EnhanceVkPipelineCache is false
2025-11-21 18:14:07.424  5121-13631 HWUI                    com.app.ralaunch                     D  MiShaderPrecompile handle com.app.ralaunch, isSksl: 0, isAppInPreCacheList: 0, isGpuVersionChanged: 0, isSkslChanged: 0
2025-11-21 18:14:07.438  5121-5121  CompatChangeReporter    com.app.ralaunch                     D  Compat change id reported: 309578419; UID 11317; state: ENABLED
2025-11-21 18:14:07.440  5121-5121  DesktopModeFlags        com.app.ralaunch                     D  Toggle override initialized to: OVERRIDE_UNSET
2025-11-21 18:14:07.447  5121-5121  DecorView               com.app.ralaunch                     D  updateFreeformOutlineFromActivity, inFreeform=false,inFreeformWindowMode=false
2025-11-21 18:14:07.451  5121-5121  om.app.ralaunch         com.app.ralaunch                     I  hiddenapi: Accessing hidden method Landroid/view/ViewGroup;->makeOptionalFitsSystemWindows()V (runtime_flags=0, domain=platform, api=unsupported) from Landroidx/appcompat/widget/ViewUtils; (domain=app) using reflection: allowed
2025-11-21 18:14:07.456  5121-5121  CompatChangeReporter    com.app.ralaunch                     D  Compat change id reported: 63938206; UID 11317; state: ENABLED
2025-11-21 18:14:07.481  5121-13661 om.app.ralaunch         com.app.ralaunch                     I  AssetManager2(0xb400007b26079b78) locale list changing from [] to [zh-CN]
2025-11-21 18:14:07.499  5121-5121  ScrollerOp...ionManager com.app.ralaunch                     D  registerConfigChangedListener
2025-11-21 18:14:07.499  5121-5121  libc                    com.app.ralaunch                     W  Access denied finding property "ro.vendor.mi_sf.new_dynamic_refresh_rate"
2025-11-21 18:14:07.499  5121-5121  SplineOverScroller      com.app.ralaunch                     D  dynamic params is false
2025-11-21 18:14:07.503  5121-5121  ScrollerOp...ionManager com.app.ralaunch                     D  registerConfigChangedListener
2025-11-21 18:14:07.506  5121-13661 nativeloader            com.app.ralaunch                     D  Configuring clns-11 for other apk /system_ext/app/miuisystem/miuisystem.apk. target_sdk_version=35, uses_libraries=ALL, library_path=/product/app/ContentCatcherOS3/lib/arm64:/product/app/ContentCatcherOS3/ContentCatcherOS3.apk!/lib/arm64-v8a:/system_ext/priv-app/RtMiCloudSDK/RtMiCloudSDK.apk!/lib/arm64-v8a:/system_ext/app/miuisystem/miuisystem.apk!/lib/arm64-v8a, permitted_path=/data:/mnt/expand
2025-11-21 18:14:07.506  5121-13661 nativeloader            com.app.ralaunch                     D  Extending system_exposed_libraries: libbinauralrenderer_wrapper.qti.so:libhoaeffects.qti.so:libmisys_jni.xiaomi.so:libpag.hyperos.so:libffavc.hyperos.so:libxiaomi_modemdumpsdx55_jni.modem.so:libxiaomi_modemdump_jni.modem.so:libmodemsmartengine_jni.modem.so:libupdateprof.qti.so:libthermalclient.qti.so:libdiag_system.qti.so:libqape.qti.so:libqesdk_ndk_platform.qti.so:liblistenjni.qti.so:libautoui_image.xiaomi.so
2025-11-21 18:14:07.517  5121-13661 nativeloader            com.app.ralaunch                     D  Configuring clns-12 for other apk /system_ext/priv-app/RtMiCloudSDK/RtMiCloudSDK.apk. target_sdk_version=35, uses_libraries=ALL, library_path=/product/app/ContentCatcherOS3/lib/arm64:/product/app/ContentCatcherOS3/ContentCatcherOS3.apk!/lib/arm64-v8a:/system_ext/priv-app/RtMiCloudSDK/RtMiCloudSDK.apk!/lib/arm64-v8a:/system_ext/app/miuisystem/miuisystem.apk!/lib/arm64-v8a, permitted_path=/data:/mnt/expand
2025-11-21 18:14:07.517  5121-13661 nativeloader            com.app.ralaunch                     D  Extending system_exposed_libraries: libbinauralrenderer_wrapper.qti.so:libhoaeffects.qti.so:libmisys_jni.xiaomi.so:libpag.hyperos.so:libffavc.hyperos.so:libxiaomi_modemdumpsdx55_jni.modem.so:libxiaomi_modemdump_jni.modem.so:libmodemsmartengine_jni.modem.so:libupdateprof.qti.so:libthermalclient.qti.so:libdiag_system.qti.so:libqape.qti.so:libqesdk_ndk_platform.qti.so:liblistenjni.qti.so:libautoui_image.xiaomi.so
2025-11-21 18:14:07.523  5121-13661 ApplicationLoaders      com.app.ralaunch                     D  Returning zygote-cached class loader: /system/framework/org.apache.http.legacy.jar
2025-11-21 18:14:07.523  5121-13661 ApplicationLoaders      com.app.ralaunch                     D  Returning zygote-cached class loader: /system_ext/framework/androidx.window.extensions.jar
2025-11-21 18:14:07.523  5121-13661 ApplicationLoaders      com.app.ralaunch                     D  Returning zygote-cached class loader: /system_ext/framework/androidx.window.sidecar.jar
2025-11-21 18:14:07.531  5121-5121  HWUI                    com.app.ralaunch                     D  ImageDecoder_nDecodeBitmap: width = 81, height = 81, encodedFormat = 4
2025-11-21 18:14:07.532  5121-5121  HWUI                    com.app.ralaunch                     W  Image decoding logging dropped!
2025-11-21 18:14:07.532  5121-5121  HWUI                    com.app.ralaunch                     D  ImageDecoder_nDecodeBitmap: width = 81, height = 81, encodedFormat = 4
2025-11-21 18:14:07.532  5121-5121  HWUI                    com.app.ralaunch                     W  Image decoding logging dropped!
2025-11-21 18:14:07.534  5121-5121  HWUI                    com.app.ralaunch                     D  ImageDecoder_nDecodeBitmap: width = 71, height = 48, encodedFormat = 4
2025-11-21 18:14:07.534  5121-5121  HWUI                    com.app.ralaunch                     W  Image decoding logging dropped!
2025-11-21 18:14:07.545  5121-13661 nativeloader            com.app.ralaunch                     D  InitLlndkLibrariesProduct: libEGL.so:libGLESv1_CM.so:libGLESv2.so:libGLESv3.so:libRS.so:libandroid_net.so:libapexsupport.so:libavf.so:libbinder_ndk.so:libc.so:libcgrouprc.so:libclang_rt.asan-aarch64-android.so:libclang_rt.asan-arm-android.so:libclang_rt.hwasan-aarch64-android.so:libcom.android.tethering.connectivity_native.so:libdl.so:libft2.so:liblog.so:libm.so:libmediandk.so:libnativewindow.so:libneuralnetworks.so:libselinux.so:libsync.so:libvendorsupport.so:libvndksupport.so:libvulkan.so
2025-11-21 18:14:07.545  5121-13661 nativeloader            com.app.ralaunch                     D  Configuring product-clns-13 for unbundled product apk /product/app/ContentCatcherOS3/ContentCatcherOS3.apk. target_sdk_version=35, uses_libraries=, library_path=/product/app/ContentCatcherOS3/lib/arm64:/product/app/ContentCatcherOS3/ContentCatcherOS3.apk!/lib/arm64-v8a:/system_ext/priv-app/RtMiCloudSDK/RtMiCloudSDK.apk!/lib/arm64-v8a:/system_ext/app/miuisystem/miuisystem.apk!/lib/arm64-v8a:/product/lib64:/system/product/lib64, permitted_path=/data:/mnt/expand:/product/lib64:/system/product/lib64
2025-11-21 18:14:07.546  5121-13661 nativeloader            com.app.ralaunch                     D  InitVndkspLibrariesProduct: VNDK is deprecated with product
2025-11-21 18:14:07.551  5121-13661 ViewContentFactory      com.app.ralaunch                     D  initViewContentFetcherClass
2025-11-21 18:14:07.551  5121-13661 ViewContentFactory      com.app.ralaunch                     D  getInterceptorPackageInfo
2025-11-21 18:14:07.551  5121-13661 ViewContentFactory      com.app.ralaunch                     D  getInitialApplication took 1ms
2025-11-21 18:14:07.551  5121-13661 ViewContentFactory      com.app.ralaunch                     D  packageInfo.packageName: com.miui.contentcatcher
2025-11-21 18:14:07.552  5121-13661 ViewContentFactory      com.app.ralaunch                     D  initViewContentFetcherClass took 1ms
2025-11-21 18:14:07.552  5121-13661 ContentCatcher          com.app.ralaunch                     I  ViewContentFetcher : ViewContentFetcher
2025-11-21 18:14:07.552  5121-13661 ViewContentFactory      com.app.ralaunch                     D  createInterceptor took 1ms
2025-11-21 18:14:07.553  5121-13661 ContentCatcherManager   com.app.ralaunch                     E  failed to get ContentCatcherService.
2025-11-21 18:14:07.553  5121-13661 ContentCatcherManager   com.app.ralaunch                     E  failed to get ContentCatcherService.
2025-11-21 18:14:07.563  5121-5121  NativeTurboSchedManager com.app.ralaunch                     I  Load libmiui_runtime
2025-11-21 18:14:07.564  5121-5121  TurboSchedMonitor       com.app.ralaunch                     E  failed to find setSchedAffinity method com.app.ralaunch
2025-11-21 18:14:07.565  5121-5121  TurboSchedMonitor       com.app.ralaunch                     E  failed to find setSchedAffinity method com.app.ralaunch
2025-11-21 18:14:07.578  5121-5121  Activity                com.app.ralaunch                     D  Activity = ActivityInfo{e91fee8 com.app.ralaunch.activity.MainActivity}, Resume onConfigurationChanged = {1.0 460mcc11mnc [zh_CN] ldltr sw411dp w914dp h411dp 420dpi nrml long hdr widecg land finger qwerty/v/v dpad/v winConfig={ mBounds=Rect(0, 0 - 2400, 1080) mAppBounds=Rect(0, 0 - 2400, 1080) mMaxBounds=Rect(0, 0 - 2400, 1080) mDisplayRotation=ROTATION_90 mWindowingMode=fullscreen mActivityType=standard mAlwaysOnTop=undefined mRotation=ROTATION_90 mInSplitScreen=false letterBoxed=false foScaled=false isSpecificEmbedded=false} s.4 fontWeightAdjustment=0/d/0 themeChanged=0 themeChangedFlags=0 display=0 extraData = Bundle[{}] screenType=0/0}
2025-11-21 18:14:07.582  5121-5121  SecurityManager         com.app.ralaunch                     D  checkAccessControl flag0
2025-11-21 18:14:07.584  5121-5121  CompatChangeReporter    com.app.ralaunch                     D  Compat change id reported: 352594277; UID 11317; state: ENABLED
2025-11-21 18:14:07.592  5121-13661 ContentCatcher          com.app.ralaunch                     I  SettingTrigger : register screen QA status observer com.app.ralaunch.activity.MainActivity
2025-11-21 18:14:07.593  5121-5121  CompatChangeReporter    com.app.ralaunch                     D  Compat change id reported: 349153669; UID 11317; state: ENABLED
2025-11-21 18:14:07.594  5121-5121  FramePredict            com.app.ralaunch                     D  init success
2025-11-21 18:14:07.595  5121-5121  om.app.ralaunch         com.app.ralaunch                     D  MiuiProcessManagerServiceStub setSchedFifo
2025-11-21 18:14:07.595  5121-5121  MiuiProcessManagerImpl  com.app.ralaunch                     I  setSchedFifo pid:5121, mode:3
2025-11-21 18:14:07.596  5121-13691 FramePredict            com.app.ralaunch                     E  registerContentObserver fail
2025-11-21 18:14:07.598  5121-13661 ContentCatcher          com.app.ralaunch                     I  SettingTrigger : register global collect status observer com.app.ralaunch.activity.MainActivity
2025-11-21 18:14:07.599  5121-13661 ContentCatcher          com.app.ralaunch                     I  SettingTrigger : registerUIAgentListener com.app.ralaunch.activity.MainActivity, uid:11317
2025-11-21 18:14:07.599  5121-5121  FirstFrameSpeedUp       com.app.ralaunch                     D  bls: [com.xcj.hm.kangfuyixue]
2025-11-21 18:14:07.599  5121-5121  ViewRootImpl            com.app.ralaunch                     I  com.app.ralaunch/com.app.ralaunch.activity.MainActivity use first frame acceleration
2025-11-21 18:14:07.599  5121-5121  InsetsController        com.app.ralaunch                     D  Setting requestedVisibleTypes to -14 (was -9)
2025-11-21 18:14:07.601  5121-5121  MiuiMultiWindowUtils    com.app.ralaunch                     D  freeform resolution args raw data:{  "wide_default":{    "freeform_args": {        "vertical_portrait":{"aspect_ratio":0.626, "original_ratio":0.5643,"original_scale":0.74,"top_margin":0.168,"left_margin":0.484},        "horizontal_portrait":{"aspect_ratio":0.626, "original_ratio":0.5643,"original_scale":0.74,"top_margin":0.1222,"left_margin":0.59745},        "vertical_landscape":{"aspect_ratio":1.6, "original_ratio":0.6992,"original_scale":0.604,"top_margin":0.2596,"left_margin":0.2624},        "horizontal_landscape":{"aspect_ratio":1.6, "original_ratio":0.6992,"original_scale":0.604,"top_margin":0.213,"left_margin":0.3758}    },    "mini_freeform_args":{        "vertical_portrait":{"original_ratio":0.147},        "horizontal_portrait":{"original_ratio":0.147},        "vertical_landscape":{"original_ratio":0.165},        "horizontal_landscape":{"original_ratio":0.165}    }  },  "narrow_default": {    "freeform_args": {        "vertical_portrait":{"aspect_ratio":0.626, "original_ratio":1,"original_scale":0.74,"top_margin":0.0753,"left_margin":-1},        "horizontal_portrait":{"aspect_ratio":0.626, "original_ratio":1,"original_scale":0.5756,"top_margin":-1,"left_margin":0.0753},        "vertical_landscape":{"aspect_ratio":1.6, "original_ratio":1,"original_scale":0.587,"top_margin":0.0753,"left_margin":-1},        "horizontal_landscape":{"aspect_ratio":1.6, "original_ratio":1,"original_scale":0.587,"top_margin":-1,"left_margin":0.0753}    },    "mini_freeform_args":{        "vertical_portrait":{"original_ratio":0.26},        "horizontal_portrait":{"original_ratio":0.26},        "vertical_landscape":{"original_ratio":0.293},        "horizontal_landscape":{"original_ratio":0.293}    }  },  "regular_default": {    "freeform_args": {      "vertical_portrait":{"aspect_ratio":0.625, "original_ratio":1,"original_scale":0.7,"top_margin":0.109,"left_margin":-1},      "horizontal_portrait":{"aspect_ratio":0.6667, "original_ratio":1,"original_scale":0.6102,"top_margin":-1,"left_margin":0.026},      "vertical_landscape":{"aspect_ratio":1.6, "original_ratio":1,"original_scale":0.5899,"top_margin":0.109,"left_margin":-1},      "horizontal_landscape":{"aspect_ratio":1.6, "original_ratio":1,"original_scale":0.5899,"top_margin":-1,"left_margin":0.026}    },    "mini_freeform_args":{      "vertical_portrait":{"original_ratio":0.25},      "horizontal_portrait":{"original_ratio":0.25},      "vertical_landscape":{"original_ratio":0.25},      "horizontal_landscape":{"original_ratio":0.25}    }  },  "pad_default": {    "freeform_args": {      "vertical_portrait":{"aspect_ratio":0.5625, "original_ratio":0.375,"original_scale":0.835,"top_margin":0.049,"left_margin":0.2775},      "horizontal_portrait":{"aspect_ratio":0.5625, "original_ratio":0.375,"original_scale":0.835,"top_margin":-1,"left_margin":0.6525},      "vertical_landscape":{"aspect_ratio":-1, "original_ratio":1,"original_scale":0.468,"top_margin":0.049,"left_margin":-1},      "horizontal_landscape":{"aspect_ratio":-1, "original_ratio":1,"original_scale":0.468,"top_margin":-1,"left_margin":0.4976}    },    "mini_freeform_args":{      "vertical_portrait":{"original_ratio":0.144},      "horizontal_portrait":{"original_ratio":0.144},      "vertical_landscape":{"original_ratio":0.2},      "horizontal_landscape":{"original_ratio":0.2}    }  }}
2025-11-21 18:14:07.604  5121-5121  MiuiMultiWindowUtils    com.app.ralaunch                     D  initFreeFormResolutionArgs failed, device is vermeer
2025-11-21 18:14:07.611  5121-5121  ComputilityLevel        com.app.ralaunch                     I  getComputilityLevel(): 5
2025-11-21 18:14:07.640  5121-5121  HWUI                    com.app.ralaunch                     W  Image decoding logging dropped!
2025-11-21 18:14:07.659  5121-5121  libc                    com.app.ralaunch                     W  Access denied finding property "vendor.display.enable_optimal_refresh_rate"
2025-11-21 18:14:07.652  5121-5121  om.app.ralaunch         com.app.ralaunch                     W  type=1400 audit(0.0:903546): avc:  denied  { read } for  name="u:object_r:vendor_display_prop:s0" dev="tmpfs" ino=505 scontext=u:r:untrusted_app:s0:c37,c261,c512,c768 tcontext=u:object_r:vendor_display_prop:s0 tclass=file permissive=0 app=com.app.ralaunch
2025-11-21 18:14:07.656  5121-5121  om.app.ralaunch         com.app.ralaunch                     W  type=1400 audit(0.0:903547): avc:  denied  { read } for  name="u:object_r:vendor_display_prop:s0" dev="tmpfs" ino=505 scontext=u:r:untrusted_app:s0:c37,c261,c512,c768 tcontext=u:object_r:vendor_display_prop:s0 tclass=file permissive=0 app=com.app.ralaunch
2025-11-21 18:14:07.660  5121-5121  libc                    com.app.ralaunch                     W  Access denied finding property "vendor.display.enable_optimal_refresh_rate"
2025-11-21 18:14:07.666  5121-13631 om.app.ralaunch         com.app.ralaunch                     I  Support FEAS product miproduct_vermeer: 
2025-11-21 18:14:07.673  5121-5121  VRI[MainActivity]       com.app.ralaunch                     D  vri.reportNextDraw 0 Rect(0, 0 - 2400, 1080) android.view.ViewRootImpl.performTraversals:5477 android.view.ViewRootImpl.doTraversal:4036 android.view.ViewRootImpl$TraversalRunnable.run:12396 android.view.Choreographer$CallbackRecord.run:2022 android.view.Choreographer$CallbackRecord.run:2031 
2025-11-21 18:14:07.673  5121-5121  VRI[MainActivity]       com.app.ralaunch                     D  vri.Setup new sync=wmsSync-VRI[MainActivity]#0
2025-11-21 18:14:07.701  5121-5121  VRI[MainActivity]       com.app.ralaunch                     D  vri.reportDrawFinished 0 0 Rect(0, 0 - 2400, 1080)
2025-11-21 18:14:07.702  5121-5121  Choreographer           com.app.ralaunch                     I  first vsync insert message into MessageQueue Head
2025-11-21 18:14:07.708  5121-13631 HWUI                    com.app.ralaunch                     D  [HWUI] Flag vulkan_enhance_pipeline_cache enabled
2025-11-21 18:14:07.708  5121-13631 HWUI                    com.app.ralaunch                     D  [HWUI] EnhanceVkPipelineCache is disabled
2025-11-21 18:14:07.710  5121-13746 InsetsController        com.app.ralaunch                     D  default animation onReady types: 1 controller=android.view.InsetsAnimationControlImpl@71045fd
2025-11-21 18:14:07.710  5121-13746 ViewRootImplStubImpl    com.app.ralaunch                     D  requestedTypes: 1
2025-11-21 18:14:07.711  5121-5121  VRI[MainActivity]       com.app.ralaunch                     D  vri.reportNextDraw 0 Rect(0, 0 - 2400, 1080) android.view.ViewRootImpl.handleResized:3166 android.view.ViewRootImpl.-$$Nest$mhandleResized:0 android.view.ViewRootImpl$W.resized:13603 android.app.servertransaction.WindowStateResizeItem.execute:93 android.app.servertransaction.WindowStateTransactionItem.execute:62 
2025-11-21 18:14:07.712  5121-5121  VRI[MainActivity]       com.app.ralaunch                     D  vri.Setup new sync=wmsSync-VRI[MainActivity]#2
2025-11-21 18:14:07.715  5121-5121  VRI[MainActivity]       com.app.ralaunch                     D  vri.reportDrawFinished 0 0 Rect(0, 0 - 2400, 1080)
2025-11-21 18:14:07.725  2830-4965  HyperSentinel           system_server                        E  ->pid:5121,processName:"com.app.ralaunch",Rss Memory Size Change 157228kb -> 205032kb
2025-11-21 18:14:07.731  5121-5121  HandWritingStubImpl     com.app.ralaunch                     I  refreshLastKeyboardType: 1
2025-11-21 18:14:07.732  5121-5121  HandWritingStubImpl     com.app.ralaunch                     I  getCurrentKeyboardType: 1
2025-11-21 18:14:07.737  5121-5121  InsetsController        com.app.ralaunch                     D  hide(ime(), fromIme=false)
2025-11-21 18:14:07.737  5121-5121  ImeTracker              com.app.ralaunch                     I  com.app.ralaunch:2f32d156: onCancelled at PHASE_CLIENT_ALREADY_HIDDEN
2025-11-21 18:14:07.738  5121-5121  HandWritingStubImpl     com.app.ralaunch                     I  getCurrentKeyboardType: 1
2025-11-21 18:14:07.741  5121-5121  InsetsController        com.app.ralaunch                     D  Setting requestedVisibleTypes to -16 (was -14)
2025-11-21 18:14:07.741  5121-13746 InsetsController        com.app.ralaunch                     D  default animation onReady types: 2 controller=android.view.InsetsAnimationControlImpl@19737b5
2025-11-21 18:14:07.741  5121-13746 ViewRootImplStubImpl    com.app.ralaunch                     D  requestedTypes: 2
2025-11-21 18:14:07.743  5121-5121  VRI[MainActivity]       com.app.ralaunch                     D  getMiuiFreeformStackInfo mTmpFrames.miuiFreeFormStackInfo: null
2025-11-21 18:14:08.075  5121-13746 InsetsAnimationCtrlImpl com.app.ralaunch                     D  notifyFinished shown: false, currentAlpha: 1.000000, currentInsets: Insets{left=0, top=0, right=0, bottom=0}
2025-11-21 18:14:08.075  5121-13746 InsetsAnimationCtrlImpl com.app.ralaunch                     D  Animation finished abruptly.
2025-11-21 18:14:08.075  5121-13746 InsetsController        com.app.ralaunch                     D  onAnimationFinish showOnFinish: false
2025-11-21 18:14:08.075  5121-5121  InsetsController        com.app.ralaunch                     D  cancelAnimation of types:1 animType:1 host:com.app.ralaunch/com.app.ralaunch.activity.MainActivity invokeCallback=false
2025-11-21 18:14:08.075  5121-5121  InsetsController        com.app.ralaunch                     D  notifyFinished. shown: false runner=android.view.InsetsAnimationThreadControlRunner@af6f98f
2025-11-21 18:14:08.078  5121-13746 InteractionJankMonitor  com.app.ralaunch                     W  Initializing without READ_DEVICE_CONFIG permission. enabled=false, interval=1, missedFrameThreshold=3, frameTimeThreshold=64, package=com.app.ralaunch
2025-11-21 18:14:08.108  5121-13746 InsetsAnimationCtrlImpl com.app.ralaunch                     D  notifyFinished shown: false, currentAlpha: 1.000000, currentInsets: Insets{left=0, top=0, right=0, bottom=0}
2025-11-21 18:14:08.108  5121-5121  InsetsController        com.app.ralaunch                     D  cancelAnimation of types:2 animType:1 host:com.app.ralaunch/com.app.ralaunch.activity.MainActivity invokeCallback=false
2025-11-21 18:14:08.108  5121-5121  InsetsController        com.app.ralaunch                     D  notifyFinished. shown: false runner=android.view.InsetsAnimationThreadControlRunner@71a8676
2025-11-21 18:14:08.108  5121-13746 InsetsAnimationCtrlImpl com.app.ralaunch                     D  Animation finished abruptly.
2025-11-21 18:14:08.108  5121-13746 InsetsController        com.app.ralaunch                     D  onAnimationFinish showOnFinish: false
2025-11-21 18:14:08.296  5121-13572 om.app.ralaunch         com.app.ralaunch                     I  Compiler allocated 6363KB to compile void android.view.ViewRootImpl.performTraversals()
2025-11-21 18:14:09.568  5121-13583 om.app.ralaunch         com.app.ralaunch                     I  ProcessProfilingInfo new_methods=0 is saved saved_to_disk=0
2025-11-21 18:14:12.798  5121-13858 ProfileInstaller        com.app.ralaunch                     D  Installing profile for com.app.ralaunch
2025-11-21 18:14:14.579  5121-13583 om.app.ralaunch         com.app.ralaunch                     I  ProcessProfilingInfo new_methods=2 is saved saved_to_disk=1
2025-11-21 18:14:17.339  5121-13583 om.app.ralaunch         com.app.ralaunch                     I  ProcessProfilingInfo new_methods=0 is saved saved_to_disk=0
2025-11-21 18:14:41.849  5121-13574 om.app.ralaunch         com.app.ralaunch                     I  This is non sticky GC, maxfree is 33554432 minfree is 8388608
2025-11-21 18:14:41.844  5121-5121  FinalizerDaemon         com.app.ralaunch                     W  type=1400 audit(0.0:903619): avc:  denied  { getopt } for  path="/dev/socket/usap_pool_primary" scontext=u:r:untrusted_app:s0:c37,c261,c512,c768 tcontext=u:r:zygote:s0 tclass=unix_stream_socket permissive=0 app=com.app.ralaunch
