2025-11-21 18:14:04.821  3266-3266  CoreCLRConfig           com.app.ralaunch                     I    JIT Optimize Type: blended ()
2025-11-21 18:14:04.822  3266-3266  CoreCLRConfig           com.app.ralaunch                     I  ========================================
2025-11-21 18:14:04.822  3266-3266  CoreCLRConfig           com.app.ralaunch                     I  CoreCLR 
2025-11-21 18:14:04.822  3266-3266  CoreCLRConfig           com.app.ralaunch                     I  ========================================
2025-11-21 18:14:04.822  3266-3266  NetCoreHost             com.app.ralaunch                     I  COREHOST_TRACE : 
2025-11-21 18:14:04.822  3266-3266  GameLauncher            com.app.ralaunch                     I  COREHOST_TRACE: 
2025-11-21 18:14:04.822  3266-3266  NetCoreHost             com.app.ralaunch                     I  ========================================
2025-11-21 18:14:04.822  3266-3266  NetCoreHost             com.app.ralaunch                     I   
2025-11-21 18:14:04.822  3266-3266  NetCoreHost             com.app.ralaunch                     I  ========================================
2025-11-21 18:14:04.822  3266-3266  NetCoreHost             com.app.ralaunch                     I    : /storage/emulated/0/Android/data/com.app.ralaunch/files/games/tModLoader (7)_v1.4.4.9 v4_1763537905363/GoG Games/ModLoader
2025-11-21 18:14:04.822  3266-3266  NetCoreHost             com.app.ralaunch                     I    : tModLoader.dll
2025-11-21 18:14:04.822  3266-3266  NetCoreHost             com.app.ralaunch                     I    : /storage/emulated/0/Android/data/com.app.ralaunch/files/games/tModLoader (7)_v1.4.4.9 v4_1763537905363/GoG Games/ModLoader/tModLoader.dll
2025-11-21 18:14:04.822  3266-3266  NetCoreHost             com.app.ralaunch                     I    .NET: /data/user/0/com.app.ralaunch/files/dotnet
2025-11-21 18:14:04.822  3266-3266  NetCoreHost             com.app.ralaunch                     I    : 10.x ()
2025-11-21 18:14:04.822  3266-3266  NetCoreHost             com.app.ralaunch                     I  ========================================
2025-11-21 18:14:04.822  3266-3266  NetCoreHost             com.app.ralaunch                     I  DOTNET_ROOT : /data/user/0/com.app.ralaunch/files/dotnet
2025-11-21 18:14:04.822  3266-3266  NetCoreHost             com.app.ralaunch                     I   : framework_major=10
2025-11-21 18:14:04.822  3266-3266  NetCoreHost             com.app.ralaunch                     I  :  net10.x
2025-11-21 18:14:04.822  3266-3266  NetCoreHost             com.app.ralaunch                     I     LatestMajor: 
2025-11-21 18:14:04.822  3266-3266  GameLauncher            com.app.ralaunch                     I  Launch parameters set successfully
2025-11-21 18:14:04.822  3266-3266  GameActivity            com.app.ralaunch                     I  Launch parameters set successfully
2025-11-21 18:14:04.822  3266-3266  GameActivity            com.app.ralaunch                     I  Back pressed handler ready (using onBackPressed override)
2025-11-21 18:14:04.824  3266-3266  Activity                com.app.ralaunch                     D  Activity = ActivityInfo{ee74001 com.app.ralaunch.activity.GameActivity}, Resume onConfigurationChanged = {1.0 460mcc11mnc [zh_CN] ldltr sw411dp w914dp h411dp 420dpi nrml long hdr widecg land finger qwerty/v/v dpad/v winConfig={ mBounds=Rect(0, 0 - 2400, 1080) mAppBounds=Rect(0, 0 - 2400, 1080) mMaxBounds=Rect(0, 0 - 2400, 1080) mDisplayRotation=ROTATION_90 mWindowingMode=fullscreen mActivityType=standard mAlwaysOnTop=undefined mRotation=ROTATION_90 mInSplitScreen=false letterBoxed=false foScaled=false isSpecificEmbedded=false} s.3 fontWeightAdjustment=0/d/0 themeChanged=0 themeChangedFlags=0 display=0 extraData = Bundle[{}] screenType=0/0}
2025-11-21 18:14:04.826  3266-3266  SecurityManager         com.app.ralaunch                     D  checkAccessControl flag0
2025-11-21 18:14:04.826  3266-13317 ContentCatcher          com.app.ralaunch                     I  SettingTrigger : register screen QA status observer com.app.ralaunch.activity.GameActivity
2025-11-21 18:14:04.828  3266-3266  ViewRootImpl            com.app.ralaunch                     I  com.app.ralaunch/com.app.ralaunch.activity.GameActivity use first frame acceleration
2025-11-21 18:14:04.828  3266-3266  InsetsController        com.app.ralaunch                     D  Setting requestedVisibleTypes to -16 (was -9)
2025-11-21 18:14:04.829  3266-13317 ContentCatcher          com.app.ralaunch                     I  SettingTrigger : register global collect status observer com.app.ralaunch.activity.GameActivity
2025-11-21 18:14:04.830  3266-13317 ContentCatcher          com.app.ralaunch                     I  SettingTrigger : registerUIAgentListener com.app.ralaunch.activity.GameActivity, uid:11317
2025-11-21 18:14:04.833  3266-3266  Choreographer           com.app.ralaunch                     I  first vsync insert message into MessageQueue Head
2025-11-21 18:14:04.835  3266-3266  ComputilityLevel        com.app.ralaunch                     I  getComputilityLevel(): 5
2025-11-21 18:14:04.846  3266-3266  libc                    com.app.ralaunch                     W  Access denied finding property "vendor.display.enable_optimal_refresh_rate"
2025-11-21 18:14:04.847  3266-3266  libc                    com.app.ralaunch                     W  Access denied finding property "vendor.display.enable_optimal_refresh_rate"
2025-11-21 18:14:04.848  2830-6275  TransitionChain         system_server                        E  Mismatch between current collecting (TransitionRecord{7e12061 id=2439 type=OPEN flags=0x0 overrideAnimOptions={t=CUSTOM enterResId=17432576 changeResId=0 exitResId=17432577 mUserId=0} c=[
                                                                                                       ChangeInfo{76b9612 container=DefaultTaskDisplayArea@29268275 flags=0x0}
                                                                                                       ChangeInfo{47491e3 container=Task{86f25bd #266 type=standard A=11317:com.app.ralaunch} flags=0x0}
                                                                                                       ChangeInfo{2a777e0 container=Display{#0 state=ON size=2400x1080 ROTATION_90} flags=0x0}
                                                                                                       ChangeInfo{469015e container=ActivityRecord{231010086 u0 com.app.ralaunch/.activity.MainActivity t266} flags=0x0}
                                                                                                       ChangeInfo{f147a99 container=ActivityRecord{247367558 u0 com.app.ralaunch/.activity.GameActivity t266} flags=0x0}
                                                                                                    ]
                                                                                                    }) and chain (TransitionRecord{7e12061 id=2439 type=OPEN flags=0x0 overrideAnimOptions={t=CUSTOM enterResId=17432576 changeResId=0 exitResId=17432577 mUserId=0} c=[
                                                                                                       ChangeInfo{76b9612 container=DefaultTaskDisplayArea@29268275 flags=0x0}
                                                                                                       ChangeInfo{47491e3 container=Task{86f25bd #266 type=standard A=11317:com.app.ralaunch} flags=0x0}
                                                                                                       ChangeInfo{2a777e0 container=Display{#0 state=ON size=2400x1080 ROTATION_90} flags=0x0}
                                                                                                       ChangeInfo{469015e container=ActivityRecord{231010086 u0 com.app.ralaunch/.activity.MainActivity t266} flags=0x0}
                                                                                                       ChangeInfo{f147a99 container=ActivityRecord{247367558 u0 com.app.ralaunch/.activity.GameActivity t266} flags=0x0}
                                                                                                    ]
                                                                                                    })
2025-11-21 18:14:04.853  3266-3266  VRI[GameActivity]       com.app.ralaunch                     D  vri.reportNextDraw 0 Rect(0, 0 - 2400, 1080) android.view.ViewRootImpl.performTraversals:5477 android.view.ViewRootImpl.doTraversal:4036 android.view.ViewRootImpl$TraversalRunnable.run:12396 android.view.Choreographer$CallbackRecord.run:2022 android.view.Choreographer$CallbackRecord.run:2031 
2025-11-21 18:14:04.853  3266-3266  SurfaceView             com.app.ralaunch                     D  UPDATE null, mIsCastMode = false
2025-11-21 18:14:04.854  3266-3266  libc                    com.app.ralaunch                     W  Access denied finding property "vendor.display.enable_optimal_refresh_rate"
2025-11-21 18:14:04.857  3266-3266  libc                    com.app.ralaunch                     W  Access denied finding property "vendor.display.enable_optimal_refresh_rate"
2025-11-21 18:14:04.858  3266-13245 BLASTBufferQueue        com.app.ralaunch                     D  onGameOptimizeParameter: new GameOptimizeInfo game: no valid app, VsyncBuffergame: no valid app, mOptimizeEnable: 0, mSuperTouchEnable: 0,mVsyncBufferEnable: 0,mPendingBufferEnable 0,mNeedDynamicDropBuffer: 0, mNeedFirstFrameDropBuffer: 0
2025-11-21 18:14:04.867  3266-13546 SDL                     com.app.ralaunch                     V  nativeRunMain()
2025-11-21 18:14:04.867  3266-3266  VRI[GameActivity]       com.app.ralaunch                     D  vri.Setup new sync=wmsSync-VRI[GameActivity]#5
2025-11-21 18:14:04.867  3266-13546 GameLauncher            com.app.ralaunch                     I  ================================================
2025-11-21 18:14:04.867  3266-13546 GameLauncher            com.app.ralaunch                     I  SDL_main started (using netcorehost API)
2025-11-21 18:14:04.867  3266-13546 GameLauncher            com.app.ralaunch                     I  ================================================
2025-11-21 18:14:04.867  3266-13546 NetCoreHost             com.app.ralaunch                     I  ========================================
2025-11-21 18:14:04.867  3266-13546 NetCoreHost             com.app.ralaunch                     I    .NET 
2025-11-21 18:14:04.867  3266-3266  SurfaceView             com.app.ralaunch                     D  UPDATE Surface(name=a86db3d SurfaceView[com.app.ralaunch/com.app.ralaunch.activity.GameActivity]#45345)/@0x98aee39, mIsProjectionMode = false
2025-11-21 18:14:04.868  3266-13546 NetCoreHost             com.app.ralaunch                     I  ========================================
2025-11-21 18:14:04.868  3266-13546 NetCoreHost             com.app.ralaunch                     I    : /storage/emulated/0/Android/data/com.app.ralaunch/files/games/tModLoader (7)_v1.4.4.9 v4_1763537905363/GoG Games/ModLoader/tModLoader.dll
2025-11-21 18:14:04.868  3266-13546 NetCoreHost             com.app.ralaunch                     I    .NET: /data/user/0/com.app.ralaunch/files/dotnet
2025-11-21 18:14:04.868  3266-13546 NetCoreHost             com.app.ralaunch                     I    : /storage/emulated/0/Android/data/com.app.ralaunch/files/games/tModLoader (7)_v1.4.4.9 v4_1763537905363/GoG Games/ModLoader
2025-11-21 18:14:04.868  3266-13546 NetCoreHost             com.app.ralaunch                     I  ==========================================
2025-11-21 18:14:04.868  3266-13546 NetCoreHost             com.app.ralaunch                     I  COREHOST_TRACE enabled, log file: /sdcard/Android/data/com.app.ralaunch/files/corehost_trace.log
2025-11-21 18:14:04.868  3266-13546 NetCoreHost             com.app.ralaunch                     I  Initializing JNI Bridge...
2025-11-21 18:14:04.868  3266-13546 NetCoreHost             com.app.ralaunch                     I  JNI Bridge initialized, JavaVM: 0xb400007a4606baa0, JNIEnv: 0xb400007bc60cb270
2025-11-21 18:14:04.868  3266-13546 NetCoreHost             com.app.ralaunch                     I  COREHOST_TRACE 
2025-11-21 18:14:04.868  3266-13546 NetCoreHost             com.app.ralaunch                     I   DOTNET_STARTUP_HOOKS=/storage/emulated/0/Android/data/com.app.ralaunch/files/patches/tml_android_fix/TModLoaderPatch.dll
2025-11-21 18:14:04.868  3266-13546 NetCoreHost             com.app.ralaunch                     I  StartupHook  Main() 
2025-11-21 18:14:04.868  3266-13546 NetCoreHost             com.app.ralaunch                     I   hostfxr...
2025-11-21 18:14:04.869  3266-13546 NetCoreHost             com.app.ralaunch                     I  find_dotnet_exe: starting, path=/data/user/0/com.app.ralaunch/files/dotnet/host/fxr/10.0.0/libhostfxr.so
2025-11-21 18:14:04.869  3266-13546 NetCoreHost             com.app.ralaunch                     I  find_dotnet_exe: converted to string
2025-11-21 18:14:04.869  3266-13546 NetCoreHost             com.app.ralaunch                     I  find_dotnet_exe: checking dirname=10.0.0
2025-11-21 18:14:04.869  3266-13546 NetCoreHost             com.app.ralaunch                     I  find_dotnet_exe: checking dirname=fxr
2025-11-21 18:14:04.869  3266-13546 NetCoreHost             com.app.ralaunch                     I  find_dotnet_exe: checking dirname=host
2025-11-21 18:14:04.869  3266-13546 NetCoreHost             com.app.ralaunch                     I  find_dotnet_exe: checking dirname=dotnet
2025-11-21 18:14:04.869  3266-13546 NetCoreHost             com.app.ralaunch                     I  find_dotnet_exe: found dotnet root=/data/user/0/com.app.ralaunch/files/dotnet
2025-11-21 18:14:04.869  3266-13546 NetCoreHost             com.app.ralaunch                     I  find_dotnet_exe: found apphost at /data/user/0/com.app.ralaunch/files/dotnet/apphost
2025-11-21 18:14:04.869  3266-13546 NetCoreHost             com.app.ralaunch                     I  find_dotnet_exe: completed, result=/data/user/0/com.app.ralaunch/files/dotnet/apphost
2025-11-21 18:14:04.869  3266-13546 NetCoreHost             com.app.ralaunch                     I  Hostfxr constructor: find_dotnet_exe completed
2025-11-21 18:14:04.869  3266-13546 NetCoreHost             com.app.ralaunch                     I  Hostfxr constructor: calling load_functions...
2025-11-21 18:14:04.869  3266-13546 NetCoreHost             com.app.ralaunch                     I  load_functions: getting hostfxr_initialize_for_runtime_config...
2025-11-21 18:14:04.869  3266-13546 NetCoreHost             com.app.ralaunch                     I  load_functions: getting hostfxr_initialize_for_dotnet_command_line...
2025-11-21 18:14:04.869  3266-13546 NetCoreHost             com.app.ralaunch                     I  load_functions: getting hostfxr_get_runtime_delegate...
2025-11-21 18:14:04.869  3266-13546 NetCoreHost             com.app.ralaunch                     I  load_functions: getting hostfxr_run_app...
2025-11-21 18:14:04.869  3266-13546 NetCoreHost             com.app.ralaunch                     I  load_functions: getting hostfxr_close...
2025-11-21 18:14:04.869  3266-13546 NetCoreHost             com.app.ralaunch                     I  load_functions: validating functions...
2025-11-21 18:14:04.869  3266-13546 NetCoreHost             com.app.ralaunch                     I  load_functions: all functions loaded successfully
2025-11-21 18:14:04.869  3266-13546 NetCoreHost             com.app.ralaunch                     I  Hostfxr constructor: load_functions completed
2025-11-21 18:14:04.869  3266-13546 NetCoreHost             com.app.ralaunch                     I  hostfxr 
2025-11-21 18:14:04.869  3266-13546 NetCoreHost             com.app.ralaunch                     I   .NET ...
2025-11-21 18:14:04.880  3266-3266  VRI[GameActivity]       com.app.ralaunch                     D  vri.reportDrawFinished 0 0 Rect(0, 0 - 2400, 1080)
2025-11-21 18:14:04.883  3266-3266  InsetsController        com.app.ralaunch                     D  Setting requestedVisibleTypes to -9 (was -16)
2025-11-21 18:14:04.886  2830-2879  WindowManager           system_server                        E   source = ActivityRecord{231010086 u0 com.app.ralaunch/.activity.MainActivity t266} excludeMiuiNavBar = false excludeMiuiStatusBar = false excludeIme = false excludeNavBar = true miuiNavSurfaceControl = null miuiStatusSurfaceControl = null
2025-11-21 18:14:04.908  3266-13373 InsetsController        com.app.ralaunch                     D  default animation onReady types: 3 controller=android.view.InsetsAnimationControlImpl@4e8e1d7
2025-11-21 18:14:04.908  3266-13373 ViewRootImplStubImpl    com.app.ralaunch                     D  requestedTypes: 3
2025-11-21 18:14:04.929  3266-13546 NetCoreHost             com.app.ralaunch                     I  .NET 
2025-11-21 18:14:04.934  3266-13546 NetCoreHost             com.app.ralaunch                     I  ...
2025-11-21 18:14:04.937  3266-3266  HandWritingStubImpl     com.app.ralaunch                     I  refreshLastKeyboardType: 1
2025-11-21 18:14:04.937  3266-3266  HandWritingStubImpl     com.app.ralaunch                     I  getCurrentKeyboardType: 1
2025-11-21 18:14:04.941  3266-13307 om.app.ralaunch         com.app.ralaunch                     E  FrameInsert open fail: No such file or directory
2025-11-21 18:14:04.941  3266-3266  InsetsController        com.app.ralaunch                     D  hide(ime(), fromIme=false)
2025-11-21 18:14:04.941  3266-3266  ImeTracker              com.app.ralaunch                     I  com.app.ralaunch:7423ad3b: onCancelled at PHASE_CLIENT_ALREADY_HIDDEN
2025-11-21 18:14:04.945  3266-3266  InsetsController        com.app.ralaunch                     D  Setting requestedVisibleTypes to -16 (was -9)
2025-11-21 18:14:04.945  3266-3266  InsetsController        com.app.ralaunch                     D  cancelAnimation of types:3 animType:0 host:com.app.ralaunch/com.app.ralaunch.activity.GameActivity invokeCallback=true
2025-11-21 18:14:04.948  3266-13373 InsetsController        com.app.ralaunch                     D  onAnimationFinish showOnFinish: true
2025-11-21 18:14:04.948  3266-13373 InsetsController        com.app.ralaunch                     D  default animation onReady types: 3 controller=android.view.InsetsAnimationControlImpl@a6d4eeb
2025-11-21 18:14:04.948  3266-13373 ViewRootImplStubImpl    com.app.ralaunch                     D  requestedTypes: 7
2025-11-21 18:14:04.973  3266-13546 NetCoreHost             com.app.ralaunch                     I  ========================================
2025-11-21 18:14:04.973  3266-13546 NetCoreHost             com.app.ralaunch                     I  ...
2025-11-21 18:14:04.973  3266-13546 NetCoreHost             com.app.ralaunch                     I  ========================================
2025-11-21 18:14:05.007  3266-13546 DOTNET                  com.app.ralaunch                     I  [StartupHook] DOTNET_STARTUP_HOOKS executing...
2025-11-21 18:14:05.008  3266-13546 DOTNET                  com.app.ralaunch                     I  ========================================
2025-11-21 18:14:05.008  3266-13546 DOTNET                  com.app.ralaunch                     I  [TModLoaderPatch] Initializing Android/ARM64 fix patch...
2025-11-21 18:14:05.008  3266-13546 DOTNET                  com.app.ralaunch                     I  ========================================
2025-11-21 18:14:05.014  2830-4965  HyperSentinel           system_server                        E  ->pid:3266,processName:"com.app.ralaunch",Rss Memory Size Change 219752kb -> 286484kb
2025-11-21 18:14:05.016  3266-13546 DOTNET                  com.app.ralaunch                     I  [StartupHook] Loading shared dependency: 0Harmony from /storage/emulated/0/Android/data/com.app.ralaunch/files/patches/0Harmony.dll
2025-11-21 18:14:05.019  3266-13546 DOTNET                  com.app.ralaunch                     I  Patch Assembly: TModLoaderPatch
2025-11-21 18:14:05.021  3266-13546 DOTNET                  com.app.ralaunch                     I  Version: 1.0.0.0
2025-11-21 18:14:05.021  3266-13546 DOTNET                  com.app.ralaunch                     I  Location: /storage/emulated/0/Android/data/com.app.ralaunch/files/patches/tml_android_fix/TModLoaderPatch.dll
2025-11-21 18:14:05.021  3266-13546 DOTNET                  com.app.ralaunch                     I  .NET Version: 10.0.0
2025-11-21 18:14:05.021  3266-13546 DOTNET                  com.app.ralaunch                     I  Harmony Version: 2.3.3.0
2025-11-21 18:14:05.024  3266-13546 DOTNET                  com.app.ralaunch                     I  [TModLoaderPatch] tModLoader assembly already loaded, patching directly...
2025-11-21 18:14:05.025  3266-13546 DOTNET                  com.app.ralaunch                     I  [TModLoaderPatch] Applying patches and mitigations...
2025-11-21 18:14:05.026  3266-13546 DOTNET                  com.app.ralaunch                     I  [TModLoaderPatch] [WARN] IsSteamUnsupported not found in InstallVerifier class. It is normal when lower version of tModLoader is loaded
2025-11-21 18:14:05.028  3266-13546 DOTNET                  com.app.ralaunch                     I  [TModLoaderPatch] InstallVerifier class mitigations applied successfully!
2025-11-21 18:14:05.268  3266-3266  SDLThread               com.app.ralaunch                     W  type=1400 audit(0.0:903419): avc:  granted  { execute } for  path="/data/data/com.app.ralaunch/files/dotnet/shared/Microsoft.NETCore.App/10.0.0/System.Reflection.Emit.dll" dev="dm-57" ino=2966656 scontext=u:r:untrusted_app:s0:c37,c261,c512,c768 tcontext=u:object_r:app_data_file:s0:c37,c261,c512,c768 tclass=file app=com.app.ralaunch
2025-11-21 18:14:05.268  3266-3266  SDLThread               com.app.ralaunch                     W  type=1400 audit(0.0:903420): avc:  granted  { execute } for  path="/data/data/com.app.ralaunch/files/dotnet/shared/Microsoft.NETCore.App/10.0.0/System.Reflection.Emit.dll" dev="dm-57" ino=2966656 scontext=u:r:untrusted_app:s0:c37,c261,c512,c768 tcontext=u:object_r:app_data_file:s0:c37,c261,c512,c768 tclass=file app=com.app.ralaunch
2025-11-21 18:14:05.317  3266-13373 InsetsAnimationCtrlImpl com.app.ralaunch                     D  notifyFinished shown: false, currentAlpha: 1.000000, currentInsets: Insets{left=0, top=0, right=0, bottom=0}
2025-11-21 18:14:05.318  3266-3266  InsetsController        com.app.ralaunch                     D  cancelAnimation of types:3 animType:1 host:com.app.ralaunch/com.app.ralaunch.activity.GameActivity invokeCallback=false
2025-11-21 18:14:05.318  3266-3266  InsetsController        com.app.ralaunch                     D  notifyFinished. shown: false runner=android.view.InsetsAnimationThreadControlRunner@5008806
2025-11-21 18:14:05.319  3266-13373 InsetsAnimationCtrlImpl com.app.ralaunch                     D  Animation finished abruptly.
2025-11-21 18:14:05.319  3266-13373 InsetsController        com.app.ralaunch                     D  onAnimationFinish showOnFinish: false
2025-11-21 18:14:05.418  3266-3266  VRI[MainActivity]       com.app.ralaunch                     D  visibilityChanged oldVisibility=true newVisibility=false
2025-11-21 18:14:05.432  3266-3266  om.app.ralaunch         com.app.ralaunch                     W  Binder 0xb400007b860994c0 destroyed after setInheritRt before being parceled.
2025-11-21 18:14:05.462  3266-13554 ProfileInstaller        com.app.ralaunch                     D  Installing profile for com.app.ralaunch
2025-11-21 18:14:05.502  3266-13546 DOTNET                  com.app.ralaunch                     I  [TModLoaderPatch] LoggingHooks patch applied successfully!
2025-11-21 18:14:05.508  3266-13546 DOTNET                  com.app.ralaunch                     I  [TModLoaderPatch] TMLContentManager.TryFixFileCasings modifying IL...
2025-11-21 18:14:05.518  3266-13546 DOTNET                  com.app.ralaunch                     I  [TModLoaderPatch] TMLContentManager.TryFixFileCasings modified IL!
2025-11-21 18:14:05.542  3266-13546 DOTNET                  com.app.ralaunch                     I  [TModLoaderPatch] TMLContentManager patch applied successfully!
2025-11-21 18:14:05.542  3266-13546 DOTNET                  com.app.ralaunch                     I  [TModLoaderPatch] All patches applied successfully!
2025-11-21 18:14:05.542  3266-13546 DOTNET                  com.app.ralaunch                     I  [TModLoaderPatch] tModLoader assembly already loaded, patched!
2025-11-21 18:14:05.542  3266-13546 DOTNET                  com.app.ralaunch                     I  [TModLoaderPatch] Patch initialized successfully
2025-11-21 18:14:05.542  3266-13546 DOTNET                  com.app.ralaunch                     I  ========================================
2025-11-21 18:14:05.542  3266-13546 DOTNET                  com.app.ralaunch                     I  [StartupHook] Patcher.Initialize returned: 0
2025-11-21 18:14:05.748  3266-13546 DOTNET                  com.app.ralaunch                     I  [18:14:05.737] [Main Thread/INFO] [tML]: Starting tModLoader client 1.4.4.9+2025.09.3.1|2025.09|stable|Stable|69edb4bbe91502f1a6d76fbbdb1fea2b406ae87c|5250668658850276702 built 2025/11/9 13:47
2025-11-21 18:14:05.749  3266-13546 app_process64           com.app.ralaunch                     D  tML: [18:14:05.737] [Main Thread/INFO] [tML]: Starting tModLoader client 1.4.4.9+2025.09.3.1|2025.09|stable|Stable|69edb4bbe91502f1a6d76fbbdb1fea2b406ae87c|5250668658850276702 built 2025/11/9 13:47
2025-11-21 18:14:05.751  3266-13546 DOTNET                  com.app.ralaunch                     I  [18:14:05.751] [Main Thread/INFO] [tML]: Log date: 2025/11/21
2025-11-21 18:14:05.751  3266-13546 app_process64           com.app.ralaunch                     D  tML: [18:14:05.751] [Main Thread/INFO] [tML]: Log date: 2025/11/21
2025-11-21 18:14:05.752  3266-13546 DOTNET                  com.app.ralaunch                     I  [18:14:05.751] [Main Thread/INFO] [tML]: Running on Linux (v36.0.0.0) Arm64 NetCore 10.0.0
2025-11-21 18:14:05.752  3266-13546 app_process64           com.app.ralaunch                     D  tML: [18:14:05.751] [Main Thread/INFO] [tML]: Running on Linux (v36.0.0.0) Arm64 NetCore 10.0.0
2025-11-21 18:14:05.756  3266-13546 DOTNET                  com.app.ralaunch                     I  [18:14:05.756] [Main Thread/INFO] [tML]: CPU: 5 processors. RAM: 14.8 GB
2025-11-21 18:14:05.756  3266-13546 app_process64           com.app.ralaunch                     D  tML: [18:14:05.756] [Main Thread/INFO] [tML]: CPU: 5 processors. RAM: 14.8 GB
2025-11-21 18:14:05.756  3266-13546 DOTNET                  com.app.ralaunch                     I  [18:14:05.756] [Main Thread/INFO] [tML]: FrameworkDescription: .NET 10.0.0-dev
2025-11-21 18:14:05.756  3266-13546 app_process64           com.app.ralaunch                     D  tML: [18:14:05.756] [Main Thread/INFO] [tML]: FrameworkDescription: .NET 10.0.0-dev
2025-11-21 18:14:05.756  3266-13546 DOTNET                  com.app.ralaunch                     I  [18:14:05.756] [Main Thread/INFO] [tML]: Executable: /storage/emulated/0/Android/data/com.app.ralaunch/files/games/tModLoader (7)_v1.4.4.9 v4_1763537905363/GoG Games/ModLoader/tModLoader.dll
2025-11-21 18:14:05.756  3266-13546 app_process64           com.app.ralaunch                     D  tML: [18:14:05.756] [Main Thread/INFO] [tML]: Executable: /storage/emulated/0/Android/data/com.app.ralaunch/files/games/tModLoader (7)_v1.4.4.9 v4_1763537905363/GoG Games/ModLoader/tModLoader.dll
2025-11-21 18:14:05.756  3266-13546 DOTNET                  com.app.ralaunch                     I  [18:14:05.756] [Main Thread/INFO] [tML]: Working Directory: /storage/emulated/0/Android/data/com.app.ralaunch/files/games/tModLoader (7)_v1.4.4.9 v4_1763537905363/GoG Games/ModLoader
2025-11-21 18:14:05.756  3266-13546 app_process64           com.app.ralaunch                     D  tML: [18:14:05.756] [Main Thread/INFO] [tML]: Working Directory: /storage/emulated/0/Android/data/com.app.ralaunch/files/games/tModLoader (7)_v1.4.4.9 v4_1763537905363/GoG Games/ModLoader
2025-11-21 18:14:05.761  3266-13546 DOTNET                  com.app.ralaunch                     I  [TModLoaderPatch] LoggingHooks.Init method is now a no-op.
2025-11-21 18:14:05.962  3266-13546 DOTNET                  com.app.ralaunch                     I  [18:14:05.962] [Main Thread/INFO] [tML]: Attempt to Port from "/storage/emulated/0/Android/data/com.app.ralaunch/files/games/tModLoader (7)_v1.4.4.9 v4_1763537905363/GoG Games/ModLoader/Terraria/tModLoader" to "/storage/emulated/0/Android/data/com.app.ralaunch/files/games/tModLoader (7)_v1.4.4.9 v4_1763537905363/GoG Games/ModLoader/Terraria/tModLoader-1.4.3" aborted, "2025.9.3.1" is a newer version.
2025-11-21 18:14:05.962  3266-13546 app_process64           com.app.ralaunch                     D  tML: [18:14:05.962] [Main Thread/INFO] [tML]: Attempt to Port from "/storage/emulated/0/Android/data/com.app.ralaunch/files/games/tModLoader (7)_v1.4.4.9 v4_1763537905363/GoG Games/ModLoader/Terraria/tModLoader" to "/storage/emulated/0/Android/data/com.app.ralaunch/files/games/tModLoader (7)_v1.4.4.9 v4_1763537905363/GoG Games/ModLoader/Terraria/tModLoader-1.4.3" aborted, "2025.9.3.1" is a newer version.
2025-11-21 18:14:05.962  3266-13546 DOTNET                  com.app.ralaunch                     I  [18:14:05.962] [Main Thread/INFO] [tML]: Saves Are Located At: /storage/emulated/0/Android/data/com.app.ralaunch/files/games/tModLoader (7)_v1.4.4.9 v4_1763537905363/GoG Games/ModLoader/Terraria/tModLoader
2025-11-21 18:14:05.962  3266-13546 app_process64           com.app.ralaunch                     D  tML: [18:14:05.962] [Main Thread/INFO] [tML]: Saves Are Located At: /storage/emulated/0/Android/data/com.app.ralaunch/files/games/tModLoader (7)_v1.4.4.9 v4_1763537905363/GoG Games/ModLoader/Terraria/tModLoader
2025-11-21 18:14:05.966  3266-13546 SDL_Renderer            com.app.ralaunch                     I  ================================================================
2025-11-21 18:14:05.966  3266-13546 SDL_Renderer            com.app.ralaunch                     I    SDL Dynamic Renderer Loading
2025-11-21 18:14:05.966  3266-13546 SDL_Renderer            com.app.ralaunch                     I    Requested: gl4es
2025-11-21 18:14:05.967  3266-13546 SDL_Renderer            com.app.ralaunch                     I    Environment: RALCORE_RENDERER/RALCORE_EGL -> gl4es
2025-11-21 18:14:05.967  3266-13546 SDL_Renderer            com.app.ralaunch                     I  ================================================================
2025-11-21 18:14:05.967  3266-13546 SDL_Renderer            com.app.ralaunch                     I    Selected: gl4es
2025-11-21 18:14:05.967  3266-13546 SDL_Renderer            com.app.ralaunch                     I    EGL Library: libgl4es.so
2025-11-21 18:14:05.967  3266-13546 SDL_Renderer            com.app.ralaunch                     I    Loading with dlopen(RTLD_NOW | RTLD_GLOBAL)...
2025-11-21 18:14:05.980  3266-13546 libEGL                  com.app.ralaunch                     E  call to OpenGL ES API with no current context (logged once per thread)
2025-11-21 18:14:05.982  3266-13546 SDL_Renderer            com.app.ralaunch                     I    ✓ dlopen success, handle = 0xd86ff289c36f347d
2025-11-21 18:14:05.982  3266-13546 SDL_Renderer            com.app.ralaunch                     I    ✓ LD_PRELOAD = libgl4es.so
2025-11-21 18:14:05.982  3266-13546 SDL_Renderer            com.app.ralaunch                     I    ✓ SDL_VIDEO_GL_DRIVER = libgl4es.so
2025-11-21 18:14:05.982  3266-13546 SDL_Renderer            com.app.ralaunch                     I    ✓ FNA3D_OPENGL_DRIVER = gl4es
2025-11-21 18:14:05.982  3266-13546 SDL_Renderer            com.app.ralaunch                     I    ✓ gl4es environment configured
2025-11-21 18:14:05.982  3266-13546 SDL_Renderer            com.app.ralaunch                     I  ✅ Renderer 'gl4es' loaded successfully
2025-11-21 18:14:05.982  3266-13546 SDL_Renderer            com.app.ralaunch                     I  ================================================================
2025-11-21 18:14:05.982  3266-13546 SDL_Renderer            com.app.ralaunch                     I  Setting up GL functions for renderer: gl4es
2025-11-21 18:14:05.982  3266-13546 SDL_Renderer            com.app.ralaunch                     I  ✓ GL functions configured
2025-11-21 18:14:06.003  3266-13546 DOTNET                  com.app.ralaunch                     I  [18:14:06.003] [Main Thread/INFO] [tML]: Display DPI: Diagonal DPI is 420. Vertical DPI is 394.56296. Horizontal DPI is 394.70477
2025-11-21 18:14:06.004  3266-13546 app_process64           com.app.ralaunch                     D  tML: [18:14:06.003] [Main Thread/INFO] [tML]: Display DPI: Diagonal DPI is 420. Vertical DPI is 394.56296. Horizontal DPI is 394.70477
2025-11-21 18:14:06.004  3266-13546 DOTNET                  com.app.ralaunch                     I  [18:14:06.004] [Main Thread/INFO] [tML]: High DPI Display detected: setting FNA to highdpi mode
2025-11-21 18:14:06.004  3266-13546 app_process64           com.app.ralaunch                     D  tML: [18:14:06.004] [Main Thread/INFO] [tML]: High DPI Display detected: setting FNA to highdpi mode
2025-11-21 18:14:06.006  3266-13546 DOTNET                  com.app.ralaunch                     I  [18:14:06.006] [Main Thread/DEBUG] [FNA]: Querying linked library versions...
2025-11-21 18:14:06.007  3266-13546 app_process64           com.app.ralaunch                     D  FNA: [18:14:06.006] [Main Thread/DEBUG] [FNA]: Querying linked library versions...
2025-11-21 18:14:06.008  3266-13546 DOTNET                  com.app.ralaunch                     I  [18:14:06.008] [Main Thread/DEBUG] [FNA]: SDL v2.30.1
2025-11-21 18:14:06.008  3266-13546 app_process64           com.app.ralaunch                     D  FNA: [18:14:06.008] [Main Thread/DEBUG] [FNA]: SDL v2.30.1
2025-11-21 18:14:06.009  3266-13546 DOTNET                  com.app.ralaunch                     I  [18:14:06.009] [Main Thread/DEBUG] [FNA]: FNA3D v25.11.0
2025-11-21 18:14:06.009  3266-13546 app_process64           com.app.ralaunch                     D  FNA: [18:14:06.009] [Main Thread/DEBUG] [FNA]: FNA3D v25.11.0
2025-11-21 18:14:06.010  3266-13546 DOTNET                  com.app.ralaunch                     I  [18:14:06.010] [Main Thread/DEBUG] [FNA]: FAudio v25.11.0
2025-11-21 18:14:06.011  3266-13546 app_process64           com.app.ralaunch                     D  FNA: [18:14:06.010] [Main Thread/DEBUG] [FNA]: FAudio v25.11.0
2025-11-21 18:14:06.427  2830-4965  HyperSentinel           system_server                        E  ->pid:3266,processName:"com.app.ralaunch",Rss Memory Size Change 286484kb -> 358156kb
2025-11-21 18:14:06.616  3266-3266  com.app.ralaunch        com.app.ralaunch                     W  type=1400 audit(0.0:903496): avc:  granted  { execute } for  comm=4D61696E20546872656164 path="/data/data/com.app.ralaunch/files/dotnet/shared/Microsoft.NETCore.App/10.0.0/System.Net.Sockets.dll" dev="dm-57" ino=3034347 scontext=u:r:untrusted_app:s0:c37,c261,c512,c768 tcontext=u:object_r:app_data_file:s0:c37,c261,c512,c768 tclass=file app=com.app.ralaunch
2025-11-21 18:14:06.616  3266-3266  com.app.ralaunch        com.app.ralaunch                     W  type=1400 audit(0.0:903497): avc:  granted  { execute } for  comm=4D61696E20546872656164 path="/data/data/com.app.ralaunch/files/dotnet/shared/Microsoft.NETCore.App/10.0.0/System.Net.Sockets.dll" dev="dm-57" ino=3034347 scontext=u:r:untrusted_app:s0:c37,c261,c512,c768 tcontext=u:object_r:app_data_file:s0:c37,c261,c512,c768 tclass=file app=com.app.ralaunch
2025-11-21 18:14:06.616  3266-3266  com.app.ralaunch        com.app.ralaunch                     W  type=1400 audit(0.0:903498): avc:  granted  { execute } for  comm=4D61696E20546872656164 path="/data/data/com.app.ralaunch/files/dotnet/shared/Microsoft.NETCore.App/10.0.0/System.Net.Sockets.dll" dev="dm-57" ino=3034347 scontext=u:r:untrusted_app:s0:c37,c261,c512,c768 tcontext=u:object_r:app_data_file:s0:c37,c261,c512,c768 tclass=file app=com.app.ralaunch
2025-11-21 18:14:06.624  3266-3266  com.app.ralaunch        com.app.ralaunch                     W  type=1400 audit(0.0:903499): avc:  granted  { execute } for  comm=4D61696E20546872656164 path="/data/data/com.app.ralaunch/files/dotnet/shared/Microsoft.NETCore.App/10.0.0/System.Diagnostics.DiagnosticSource.dll" dev="dm-57" ino=2314780 scontext=u:r:untrusted_app:s0:c37,c261,c512,c768 tcontext=u:object_r:app_data_file:s0:c37,c261,c512,c768 tclass=file app=com.app.ralaunch
2025-11-21 18:14:06.624  3266-3266  com.app.ralaunch        com.app.ralaunch                     W  type=1400 audit(0.0:903500): avc:  granted  { execute } for  comm=4D61696E20546872656164 path="/data/data/com.app.ralaunch/files/dotnet/shared/Microsoft.NETCore.App/10.0.0/System.Diagnostics.DiagnosticSource.dll" dev="dm-57" ino=2314780 scontext=u:r:untrusted_app:s0:c37,c261,c512,c768 tcontext=u:object_r:app_data_file:s0:c37,c261,c512,c768 tclass=file app=com.app.ralaunch
2025-11-21 18:14:06.865  3266-13546 DOTNET                  com.app.ralaunch                     I  [18:14:06.865] [Main Thread/INFO] [tML]: Distribution Platform: GoG. Detection method: Terraria_v1.4.4.9.exe found, no steam files or directories nearby.
2025-11-21 18:14:06.865  3266-13546 app_process64           com.app.ralaunch                     D  tML: [18:14:06.865] [Main Thread/INFO] [tML]: Distribution Platform: GoG. Detection method: Terraria_v1.4.4.9.exe found, no steam files or directories nearby.
2025-11-21 18:14:07.070  3266-13546 DOTNET                  com.app.ralaunch                     I  [18:14:07.070] [Main Thread/INFO] [FNA]: SDL.SDL_Init(SDL.SDL_INIT_VIDEO)...
2025-11-21 18:14:07.070  3266-13546 app_process64           com.app.ralaunch                     D  FNA: [18:14:07.070] [Main Thread/INFO] [FNA]: SDL.SDL_Init(SDL.SDL_INIT_VIDEO)...
2025-11-21 18:14:07.070  3266-13546 SDL_Renderer            com.app.ralaunch                     I  ================================================================
2025-11-21 18:14:07.070  3266-13546 SDL_Renderer            com.app.ralaunch                     I    SDL Dynamic Renderer Loading
2025-11-21 18:14:07.070  3266-13546 SDL_Renderer            com.app.ralaunch                     I    Requested: gl4es
2025-11-21 18:14:07.070  3266-13546 SDL_Renderer            com.app.ralaunch                     I    Environment: RALCORE_RENDERER/RALCORE_EGL -> gl4es
2025-11-21 18:14:07.070  3266-13546 SDL_Renderer            com.app.ralaunch                     I  ================================================================
2025-11-21 18:14:07.070  3266-13546 SDL_Renderer            com.app.ralaunch                     I    Selected: gl4es
2025-11-21 18:14:07.070  3266-13546 SDL_Renderer            com.app.ralaunch                     I    EGL Library: libgl4es.so
2025-11-21 18:14:07.070  3266-13546 SDL_Renderer            com.app.ralaunch                     I    Loading with dlopen(RTLD_NOW | RTLD_GLOBAL)...
2025-11-21 18:14:07.071  3266-13546 SDL_Renderer            com.app.ralaunch                     I    ✓ dlopen success, handle = 0xd86ff289c36f347d
2025-11-21 18:14:07.071  3266-13546 SDL_Renderer            com.app.ralaunch                     I    ✓ LD_PRELOAD = libgl4es.so
2025-11-21 18:14:07.071  3266-13546 SDL_Renderer            com.app.ralaunch                     I    ✓ SDL_VIDEO_GL_DRIVER = libgl4es.so
2025-11-21 18:14:07.071  3266-13546 SDL_Renderer            com.app.ralaunch                     I    ✓ FNA3D_OPENGL_DRIVER = gl4es
2025-11-21 18:14:07.071  3266-13546 SDL_Renderer            com.app.ralaunch                     I    ✓ gl4es environment configured
2025-11-21 18:14:07.071  3266-13546 SDL_Renderer            com.app.ralaunch                     I  ✅ Renderer 'gl4es' loaded successfully
2025-11-21 18:14:07.071  3266-13546 SDL_Renderer            com.app.ralaunch                     I  ================================================================
2025-11-21 18:14:07.071  3266-13546 SDL_Renderer            com.app.ralaunch                     I  Setting up GL functions for renderer: gl4es
2025-11-21 18:14:07.071  3266-13546 SDL_Renderer            com.app.ralaunch                     I  ✓ GL functions configured
2025-11-21 18:14:07.071  3266-13546 DOTNET                  com.app.ralaunch                     I  [18:14:07.071] [Main Thread/INFO] [FNA]: Success
2025-11-21 18:14:07.071  3266-13546 app_process64           com.app.ralaunch                     D  FNA: [18:14:07.071] [Main Thread/INFO] [FNA]: Success
2025-11-21 18:14:07.071  3266-13546 DOTNET                  com.app.ralaunch                     I  [18:14:07.071] [Main Thread/INFO] [FNA]: SDL.SDL_InitSubSystem(SDL.SDL_INIT_GAMECONTROLLER)...
2025-11-21 18:14:07.071  3266-13546 app_process64           com.app.ralaunch                     D  FNA: [18:14:07.071] [Main Thread/INFO] [FNA]: SDL.SDL_InitSubSystem(SDL.SDL_INIT_GAMECONTROLLER)...
2025-11-21 18:14:07.072  3266-13546 CompatChangeReporter    com.app.ralaunch                     D  Compat change id reported: 312399441; UID 11317; state: ENABLED
2025-11-21 18:14:07.077  3266-13546 hidapi                  com.app.ralaunch                     E  hid_init threw an exception: com.app.ralaunch: One of RECEIVER_EXPORTED or RECEIVER_NOT_EXPORTED should be specified when a receiver isn't being registered exclusively for system broadcasts
2025-11-21 18:14:07.080  3266-13546 DOTNET                  com.app.ralaunch                     I  [18:14:07.080] [Main Thread/INFO] [FNA]: Success
2025-11-21 18:14:07.080  3266-13546 app_process64           com.app.ralaunch                     D  FNA: [18:14:07.080] [Main Thread/INFO] [FNA]: Success
2025-11-21 18:14:07.088  3266-13546 DOTNET                  com.app.ralaunch                     I  [18:14:07.088] [Main Thread/INFO] [FNA]: Controller 0: Xbox 360 Controller, GUID: 5e048e02, Mapping: 0500506d5e0400008e020000ff7f3f00,Xbox 360 Controller,a:b0,b:b1,back:b4,dpdown:b12,dpleft:b13,dpright:b14,dpup:b11,guide:b5,leftshoulder:b9,leftstick:b7,lefttrigger:a4,leftx:a0,lefty:a1,rightshoulder:b10,rightstick:b8,righttrigger:a5,rightx:a2,righty:a3,start:b6,x:b2,y:b3,platform:Android
2025-11-21 18:14:07.088  3266-13546 app_process64           com.app.ralaunch                     D  FNA: [18:14:07.088] [Main Thread/INFO] [FNA]: Controller 0: Xbox 360 Controller, GUID: 5e048e02, Mapping: 0500506d5e0400008e020000ff7f3f00,Xbox 360 Controller,a:b0,b:b1,back:b4,dpdown:b12,dpleft:b13,dpright:b14,dpup:b11,guide:b5,leftshoulder:b9,leftstick:b7,lefttrigger:a4,leftx:a0,lefty:a1,rightshoulder:b10,rightstick:b8,righttrigger:a5,rightx:a2,righty:a3,start:b6,x:b2,y:b3,platform:Android
2025-11-21 18:14:07.088  3266-13546 DOTNET                  com.app.ralaunch                     I  [18:14:07.088] [Main Thread/INFO] [FNA]: Controller 1: Keyboard, GUID: d1180200, Mapping: 0500bcdbd11800000200000051780000,*,a:b0,b:b4,start:b6,dpup:b11,dpdown:b12,dpleft:b13,dpright:b14,crc:dbbc,platform:Android
2025-11-21 18:14:07.088  3266-13546 app_process64           com.app.ralaunch                     D  FNA: [18:14:07.088] [Main Thread/INFO] [FNA]: Controller 1: Keyboard, GUID: d1180200, Mapping: 0500bcdbd11800000200000051780000,*,a:b0,b:b4,start:b6,dpup:b11,dpdown:b12,dpleft:b13,dpright:b14,crc:dbbc,platform:Android
2025-11-21 18:14:07.090  3266-13546 SDL/APP                 com.app.ralaunch                     I  FNA3D: Desktop OpenGL renderer detected (gl4es), forcing OpenGL 2.1 Compatibility Profile
2025-11-21 18:14:07.090  3266-13546 Android_GLES            com.app.ralaunch                     I  Android_GLES_LoadLibrary called, path=(null)
2025-11-21 18:14:07.090  3266-13546 Android_GLES            com.app.ralaunch                     I  current_renderer = gl4es, egl_lib_path = libgl4es.so
2025-11-21 18:14:07.090  3266-13546 Android_GLES            com.app.ralaunch                     I  Renderer 'gl4es' already preloaded, passing library path to SDL_EGL_LoadLibrary
2025-11-21 18:14:07.092  3266-13546 SDL_Window              com.app.ralaunch                     I  🪟 Android_CreateWindow called, window=0xb400007bc60f0fb0
2025-11-21 18:14:07.092  3266-13546 SDL_Window              com.app.ralaunch                     I  Setting orientation...
2025-11-21 18:14:07.095  3266-13546 SDL_Window              com.app.ralaunch                     I  Adjusting window size from 800x480 to 2400x1080
2025-11-21 18:14:07.098  3266-13546 SDL_Window              com.app.ralaunch                     I  Allocating window data...
2025-11-21 18:14:07.098  3266-13546 SDL_Window              com.app.ralaunch                     I  Getting native window...
2025-11-21 18:14:07.098  3266-13546 SDL_Window              com.app.ralaunch                     I  ✅ Native window obtained: 0xb400007a761244b0
2025-11-21 18:14:07.098  3266-13546 SDL_Window              com.app.ralaunch                     I  SDL_VIDEO_OPENGL_EGL is defined, creating EGL surface...
2025-11-21 18:14:07.098  3266-13546 SDL_Window              com.app.ralaunch                     E  ❌ Failed to create EGL surface!
2025-11-21 18:14:07.098  3266-13546 SDL_Window              com.app.ralaunch                     I  Android_CreateWindow returning -1
2025-11-21 18:14:07.106  3266-13546 DOTNET                  com.app.ralaunch                     I  [18:14:07.106] [Main Thread/WARN] [tML]: Silently Caught Exception: 
                                                                                                    Microsoft.Xna.Framework.Graphics.NoSuitableGraphicsDeviceException: Couldn't find matching EGL config (call to eglChooseConfig failed, reporting an error of EGL_BAD_ATTRIBUTE)
2025-11-21 18:14:07.107  3266-13546 DOTNET                  com.app.ralaunch                     I     at Microsoft.Xna.Framework.Game..ctor(Boolean headlessMode) in D:\a\tModLoader\tModLoader\FNA\src\Game.cs:line 274
                                                                                                       at Terraria.Main..ctor() in D:\a\tModLoader\tModLoader\src\tModLoader\Terraria\Main.cs:line 5685
2025-11-21 18:14:07.107  3266-13546 DOTNET                  com.app.ralaunch                     I     at Terraria.Program.RunGame() in D:\a\tModLoader\tModLoader\src\tModLoader\Terraria\Program.cs:line 257
                                                                                                       at Terraria.Program.LaunchGame_(Boolean isServer) in D:\a\tModLoader\tModLoader\src\tModLoader\Terraria\Program.cs:line 240
2025-11-21 18:14:07.107  3266-13546 DOTNET                  com.app.ralaunch                     I     at Terraria.Program.LaunchGame(String[] args, Boolean monoArgs) in D:\a\tModLoader\tModLoader\src\tModLoader\Terraria\Program.cs:line 213
                                                                                                       at Terraria.MonoLaunch.Main_End(String[] args) in D:\a\tModLoader\tModLoader\src\tModLoader\Terraria\MonoLaunch.cs:line 79
2025-11-21 18:14:07.107  3266-13546 DOTNET                  com.app.ralaunch                     I     at Terraria.MonoLaunch.<>c__DisplayClass1_0.<Main>b__1() in D:\a\tModLoader\tModLoader\src\tModLoader\Terraria\MonoLaunch.cs:line 65
                                                                                                       at Terraria.MonoLaunch.Main(String[] args) in D:\a\tModLoader\tModLoader\src\tModLoader\Terraria\MonoLaunch.cs:line 72
2025-11-21 18:14:07.107  3266-13546 app_process64           com.app.ralaunch                     D  tML: [18:14:07.106] [Main Thread/WARN] [tML]: Silently Caught Exception: 
                                                                                                    Microsoft.Xna.Framework.Graphics.NoSuitableGraphicsDeviceException: Couldn't find matching EGL config (call to eglChooseConfig failed, reporting an error of EGL_BAD_ATTRIBUTE)
                                                                                                       at Microsoft.Xna.Framework.Game..ctor(Boolean headlessMode) in D:\a\tModLoader\tModLoader\FNA\src\Game.cs:line 274
                                                                                                       at Terraria.Main..ctor() in D:\a\tModLoader\tModLoader\src\tModLoader\Terraria\Main.cs:line 5685
                                                                                                       at Terraria.Program.RunGame() in D:\a\tModLoader\tModLoader\src\tModLoader\Terraria\Program.cs:line 257
                                                                                                       at Terraria.Program.LaunchGame_(Boolean isServer) in D:\a\tModLoader\tModLoader\src\tModLoader\Terraria\Program.cs:line 240
                                                                                                       at Terraria.Program.LaunchGame(String[] args, Boolean monoArgs) in D:\a\tModLoader\tModLoader\src\tModLoader\Terraria\Program.cs:line 213
                                                                                                       at Terraria.MonoLaunch.Main_End(String[] args) in D:\a\tModLoader\tModLoader\src\tModLoader\Terraria\MonoLaunch.cs:line 79
                                                                                                       at Terraria.MonoLaunch.<>c__DisplayClass1_0.<Main>b
2025-11-21 18:14:07.110  3266-13546 DOTNET                  com.app.ralaunch                     I  [18:14:07.110] [Main Thread/FATAL] [tML]: Main engine crash
                                                                                                    
