2026-02-03 16:04:36.426 18439-18439 SDLActivity             com.app.ralaunch                     W  type=1400 audit(0.0:537890): avc: denied { read } for name="gpu_busy_percentage" dev="sysfs" ino=68755 scontext=u:r:untrusted_app:s0:c14,c257,c512,c768 tcontext=u:object_r:vendor_sysfs_kgsl:s0 tclass=file permissive=0 app=com.app.ralaunch
2026-02-03 16:04:36.426 18439-18439 SDLActivity             com.app.ralaunch                     W  type=1400 audit(0.0:537891): avc: denied { read } for name="devfreq" dev="sysfs" ino=68883 scontext=u:r:untrusted_app:s0:c14,c257,c512,c768 tcontext=u:object_r:vendor_sysfs_kgsl:s0 tclass=lnk_file permissive=0 app=com.app.ralaunch
2026-02-03 16:04:36.426 18439-18439 SDLActivity             com.app.ralaunch                     W  type=1400 audit(0.0:537892): avc: denied { read } for name="gpu_busy_percentage" dev="sysfs" ino=68755 scontext=u:r:untrusted_app:s0:c14,c257,c512,c768 tcontext=u:object_r:vendor_sysfs_kgsl:s0 tclass=file permissive=0 app=com.app.ralaunch
2026-02-03 16:04:36.426 18439-18439 SDLActivity             com.app.ralaunch                     W  type=1400 audit(0.0:537893): avc: denied { search } for name="devfreq" dev="sysfs" ino=46116 scontext=u:r:untrusted_app:s0:c14,c257,c512,c768 tcontext=u:object_r:vendor_sysfs_devfreq:s0 tclass=dir permissive=0 app=com.app.ralaunch
2026-02-03 16:04:36.426 18439-18439 SDLActivity             com.app.ralaunch                     W  type=1400 audit(0.0:537894): avc: denied { search } for name="devfreq" dev="sysfs" ino=46116 scontext=u:r:untrusted_app:s0:c14,c257,c512,c768 tcontext=u:object_r:vendor_sysfs_devfreq:s0 tclass=dir permissive=0 app=com.app.ralaunch
2026-02-03 16:04:36.576 18439-18485 DOTNET                  com.app.ralaunch                     I  [ConsolePatch] Console.Title setter patched!
2026-02-03 16:04:36.595 18439-18485 DOTNET                  com.app.ralaunch                     I  [ConsolePatch] Console.ForegroundColor getter patched!
2026-02-03 16:04:36.597 18439-18485 DOTNET                  com.app.ralaunch                     I  [ConsolePatch] Console.ForegroundColor setter patched!
2026-02-03 16:04:36.601 18439-18485 DOTNET                  com.app.ralaunch                     I  [ConsolePatch] Console.BackgroundColor getter patched!
2026-02-03 16:04:36.603 18439-18485 DOTNET                  com.app.ralaunch                     I  [ConsolePatch] Console.BackgroundColor setter patched!
2026-02-03 16:04:36.605 18439-18485 DOTNET                  com.app.ralaunch                     I  [ConsolePatch] Console.ResetColor patched!
2026-02-03 16:04:36.608 18439-18485 DOTNET                  com.app.ralaunch                     I  [ConsolePatch] Console.Clear patched!
2026-02-03 16:04:36.613 18439-18485 DOTNET                  com.app.ralaunch                     I  [ConsolePatch] Console.ReadKey() patched!
2026-02-03 16:04:36.616 18439-18485 DOTNET                  com.app.ralaunch                     I  [ConsolePatch] Console.ReadKey(bool) patched!
2026-02-03 16:04:36.620 18439-18485 DOTNET                  com.app.ralaunch                     I  [ConsolePatch] Console.ReadLine() patched!
2026-02-03 16:04:36.657 18439-18485 DOTNET                  com.app.ralaunch                     I  [ConsolePatch] Console.InputEncoding getter patched!
2026-02-03 16:04:36.662 18439-18485 DOTNET                  com.app.ralaunch                     I  [ConsolePatch] Console.InputEncoding setter patched!
2026-02-03 16:04:36.669 18439-18485 DOTNET                  com.app.ralaunch                     I  [ConsolePatch] Console.OutputEncoding getter patched!
2026-02-03 16:04:36.673 18439-18485 DOTNET                  com.app.ralaunch                     I  [ConsolePatch] Console.OutputEncoding setter patched!
2026-02-03 16:04:36.679 18439-18485 DOTNET                  com.app.ralaunch                     I  [ConsolePatch] PosixSignalRegistration.Create patched!
2026-02-03 16:04:36.679 18439-18485 DOTNET                  com.app.ralaunch                     I  [ConsolePatch] All console patches applied!
2026-02-03 16:04:36.679 18439-18485 DOTNET                  com.app.ralaunch                     I  ========================================
2026-02-03 16:04:36.679 18439-18485 DOTNET                  com.app.ralaunch                     I  [StartupHook] ConsolePatcher.Initialize returned: 0
2026-02-03 16:04:36.681 18439-18485 DOTNET                  com.app.ralaunch                     I  [StartupHook] TModLoaderPatch DOTNET_STARTUP_HOOKS executing...
2026-02-03 16:04:36.681 18439-18485 DOTNET                  com.app.ralaunch                     I  ========================================
2026-02-03 16:04:36.681 18439-18485 DOTNET                  com.app.ralaunch                     I  [TModLoaderPatch] Initializing Android/ARM64 fix patch...
2026-02-03 16:04:36.681 18439-18485 DOTNET                  com.app.ralaunch                     I  ========================================
2026-02-03 16:04:36.686 18439-18485 DOTNET                  com.app.ralaunch                     I  [TModLoaderPatch] InstallVerifier class mitigations applied successfully!
2026-02-03 16:04:36.691 18439-18485 DOTNET                  com.app.ralaunch                     I  [TModLoaderPatch] LoggingHooks patch applied successfully!
2026-02-03 16:04:36.719 18439-18485 DOTNET                  com.app.ralaunch                     I  [TModLoaderPatch] TMLContentManager patch applied successfully!
2026-02-03 16:04:36.720 18439-18485 DOTNET                  com.app.ralaunch                     I  [TModLoaderPatch] Patch initialized successfully
2026-02-03 16:04:36.720 18439-18485 DOTNET                  com.app.ralaunch                     I  ========================================
2026-02-03 16:04:36.720 18439-18485 DOTNET                  com.app.ralaunch                     I  [StartupHook] TModLoaderPatch.Patcher.Initialize returned: 0
2026-02-03 16:04:36.721 18439-18485 DOTNET                  com.app.ralaunch                     I  [StartupHook] FPSDisplayPatch DOTNET_STARTUP_HOOKS executing...
2026-02-03 16:04:36.723 18439-18485 DOTNET                  com.app.ralaunch                     I  ========================================
2026-02-03 16:04:36.723 18439-18485 DOTNET                  com.app.ralaunch                     I  [FPSDisplayPatch] Initializing FPS display patch...
2026-02-03 16:04:36.723 18439-18485 DOTNET                  com.app.ralaunch                     I  ========================================
2026-02-03 16:04:36.724 18439-18485 DOTNET                  com.app.ralaunch                     I  [FPSDisplayPatch] FPS data file: /storage/emulated/0/RALauncher/fps_data.txt
2026-02-03 16:04:36.725 18439-18485 DOTNET                  com.app.ralaunch                     I  [FPSDisplayPatch] Applying patches...
2026-02-03 16:04:36.730 18439-18485 DOTNET                  com.app.ralaunch                     I  [FPSDisplayPatch] Initialization complete
2026-02-03 16:04:36.730 18439-18485 DOTNET                  com.app.ralaunch                     I  [StartupHook] FPSDisplayPatcher.Initialize returned: 0
2026-02-03 16:04:36.731 18439-18485 DOTNET                  com.app.ralaunch                     I  [StartupHook] HostAndPlayPatch DOTNET_STARTUP_HOOKS executing...
2026-02-03 16:04:36.731 18439-18485 DOTNET                  com.app.ralaunch                     I  ========================================
2026-02-03 16:04:36.731 18439-18485 DOTNET                  com.app.ralaunch                     I  [HostAndPlayPatch] Android Multi-Process Host & Play
2026-02-03 16:04:36.731 18439-18485 DOTNET                  com.app.ralaunch                     I  ========================================
2026-02-03 16:04:36.732 18439-18520 DOTNET                  com.app.ralaunch                     I  [FPSDisplayPatch] Found Game.Draw method: Void Draw(Microsoft.Xna.Framework.GameTime)
2026-02-03 16:04:36.743 18439-18520 DOTNET                  com.app.ralaunch                     I  [FPSDisplayPatch] Game.Draw patched!
2026-02-03 16:04:36.777 18439-18485 DOTNET                  com.app.ralaunch                     I  [HostAndPlayPatch] Main.OnSubmitServerPassword() patched!
2026-02-03 16:04:36.777 18439-18485 DOTNET                  com.app.ralaunch                     I  [HostAndPlayPatch] Patch applied!
2026-02-03 16:04:36.777 18439-18485 DOTNET                  com.app.ralaunch                     I  [StartupHook] HostAndPlayPatcher.Initialize returned: 0
2026-02-03 16:04:37.110 18439-18485 DOTNET                  com.app.ralaunch                     I  [16:04:37.094] [Main Thread/INFO] [tML]: Starting tModLoader client *******+2**********|2025.09|stable|Stable|69edb4bbe91502f1a6d76fbbdb1fea2b406ae87c|5250668658850276702 built 2025/11/9 13:47
2026-02-03 16:04:37.112 18439-18485 app_process64           com.app.ralaunch                     D  tML: [16:04:37.094] [Main Thread/INFO] [tML]: Starting tModLoader client *******+2**********|2025.09|stable|Stable|69edb4bbe91502f1a6d76fbbdb1fea2b406ae87c|5250668658850276702 built 2025/11/9 13:47
2026-02-03 16:04:37.117 18439-18485 DOTNET                  com.app.ralaunch                     I  [16:04:37.117] [Main Thread/INFO] [tML]: Log date: 2026/2/3
2026-02-03 16:04:37.117 18439-18485 app_process64           com.app.ralaunch                     D  tML: [16:04:37.117] [Main Thread/INFO] [tML]: Log date: 2026/2/3
2026-02-03 16:04:37.120 18439-18485 DOTNET                  com.app.ralaunch                     I  [16:04:37.118] [Main Thread/INFO] [tML]: Running on Linux (v********) Arm64 NetCore 10.0.0
2026-02-03 16:04:37.120 18439-18485 app_process64           com.app.ralaunch                     D  tML: [16:04:37.118] [Main Thread/INFO] [tML]: Running on Linux (v********) Arm64 NetCore 10.0.0
2026-02-03 16:04:37.126 18439-18485 DOTNET                  com.app.ralaunch                     I  [16:04:37.126] [Main Thread/INFO] [tML]: CPU: 7 processors. RAM: 7.3 GB
2026-02-03 16:04:37.127 18439-18485 app_process64           com.app.ralaunch                     D  tML: [16:04:37.126] [Main Thread/INFO] [tML]: CPU: 7 processors. RAM: 7.3 GB
2026-02-03 16:04:37.127 18439-18485 DOTNET                  com.app.ralaunch                     I  [16:04:37.127] [Main Thread/INFO] [tML]: FrameworkDescription: .NET 10.0.0-dev
2026-02-03 16:04:37.127 18439-18485 app_process64           com.app.ralaunch                     D  tML: [16:04:37.127] [Main Thread/INFO] [tML]: FrameworkDescription: .NET 10.0.0-dev
2026-02-03 16:04:37.127 18439-18485 DOTNET                  com.app.ralaunch                     I  [16:04:37.127] [Main Thread/INFO] [tML]: Executable: /storage/emulated/0/Android/data/com.app.ralaunch/files/games/tModLoader_3d5878a7/GoG Games/tModLoader/tModLoader.dll
2026-02-03 16:04:37.127 18439-18485 app_process64           com.app.ralaunch                     D  tML: [16:04:37.127] [Main Thread/INFO] [tML]: Executable: /storage/emulated/0/Android/data/com.app.ralaunch/files/games/tModLoader_3d5878a7/GoG Games/tModLoader/tModLoader.dll
2026-02-03 16:04:37.127 18439-18485 DOTNET                  com.app.ralaunch                     I  [16:04:37.127] [Main Thread/INFO] [tML]: Working Directory: /storage/emulated/0/Android/data/com.app.ralaunch/files/games/tModLoader_3d5878a7/GoG Games/tModLoader
2026-02-03 16:04:37.127 18439-18485 app_process64           com.app.ralaunch                     D  tML: [16:04:37.127] [Main Thread/INFO] [tML]: Working Directory: /storage/emulated/0/Android/data/com.app.ralaunch/files/games/tModLoader_3d5878a7/GoG Games/tModLoader
2026-02-03 16:04:37.139 18439-18485 DOTNET                  com.app.ralaunch                     I  [TModLoaderPatch] LoggingHooks.Init method is now a no-op.
2026-02-03 16:04:37.260 18177-18197 System                  com.app.ralaunch                     W  A resource failed to call close. 
2026-02-03 16:04:37.442 18439-18439 SDLActivity             com.app.ralaunch                     W  type=1400 audit(0.0:538021): avc: denied { read } for name="gpu_busy_percentage" dev="sysfs" ino=68755 scontext=u:r:untrusted_app:s0:c14,c257,c512,c768 tcontext=u:object_r:vendor_sysfs_kgsl:s0 tclass=file permissive=0 app=com.app.ralaunch
2026-02-03 16:04:37.442 18439-18439 SDLActivity             com.app.ralaunch                     W  type=1400 audit(0.0:538022): avc: denied { read } for name="devfreq" dev="sysfs" ino=68883 scontext=u:r:untrusted_app:s0:c14,c257,c512,c768 tcontext=u:object_r:vendor_sysfs_kgsl:s0 tclass=lnk_file permissive=0 app=com.app.ralaunch
2026-02-03 16:04:37.442 18439-18439 SDLActivity             com.app.ralaunch                     W  type=1400 audit(0.0:538023): avc: denied { read } for name="gpu_busy_percentage" dev="sysfs" ino=68755 scontext=u:r:untrusted_app:s0:c14,c257,c512,c768 tcontext=u:object_r:vendor_sysfs_kgsl:s0 tclass=file permissive=0 app=com.app.ralaunch
2026-02-03 16:04:37.446 18439-18439 SDLActivity             com.app.ralaunch                     W  type=1400 audit(0.0:538024): avc: denied { search } for name="devfreq" dev="sysfs" ino=46116 scontext=u:r:untrusted_app:s0:c14,c257,c512,c768 tcontext=u:object_r:vendor_sysfs_devfreq:s0 tclass=dir permissive=0 app=com.app.ralaunch
2026-02-03 16:04:37.446 18439-18439 SDLActivity             com.app.ralaunch                     W  type=1400 audit(0.0:538025): avc: denied { search } for name="devfreq" dev="sysfs" ino=46116 scontext=u:r:untrusted_app:s0:c14,c257,c512,c768 tcontext=u:object_r:vendor_sysfs_devfreq:s0 tclass=dir permissive=0 app=com.app.ralaunch
2026-02-03 16:04:37.484 18439-18485 DOTNET                  com.app.ralaunch                     I  [16:04:37.484] [Main Thread/INFO] [tML]: Attempt to Port from "/storage/emulated/0/RALauncher/Terraria/tModLoader" to "/storage/emulated/0/RALauncher/Terraria/tModLoader-1.4.3" aborted, "2*********" is a newer version.
2026-02-03 16:04:37.485 18439-18485 app_process64           com.app.ralaunch                     D  tML: [16:04:37.484] [Main Thread/INFO] [tML]: Attempt to Port from "/storage/emulated/0/RALauncher/Terraria/tModLoader" to "/storage/emulated/0/RALauncher/Terraria/tModLoader-1.4.3" aborted, "2*********" is a newer version.
2026-02-03 16:04:37.485 18439-18485 DOTNET                  com.app.ralaunch                     I  [16:04:37.485] [Main Thread/INFO] [tML]: Saves Are Located At: /storage/emulated/0/RALauncher/Terraria/tModLoader
2026-02-03 16:04:37.485 18439-18485 app_process64           com.app.ralaunch                     D  tML: [16:04:37.485] [Main Thread/INFO] [tML]: Saves Are Located At: /storage/emulated/0/RALauncher/Terraria/tModLoader
2026-02-03 16:04:37.492 18439-18485 SDL_Renderer            com.app.ralaunch                     I  ================================================================
2026-02-03 16:04:37.492 18439-18485 SDL_Renderer            com.app.ralaunch                     I    SDL Dynamic Renderer Loading
2026-02-03 16:04:37.492 18439-18485 SDL_Renderer            com.app.ralaunch                     I    Requested: native
2026-02-03 16:04:37.492 18439-18485 SDL_Renderer            com.app.ralaunch                     I  ================================================================
2026-02-03 16:04:37.492 18439-18485 SDL_Renderer            com.app.ralaunch                     I    Selected: native
2026-02-03 16:04:37.492 18439-18485 SDL_Renderer            com.app.ralaunch                     I    Using system libEGL.so and libGLESv2.so
2026-02-03 16:04:37.492 18439-18485 SDL_Renderer            com.app.ralaunch                     I  Setting up GL functions for renderer: native
2026-02-03 16:04:37.492 18439-18485 SDL_Renderer            com.app.ralaunch                     I  âœ“ GL functions configured
2026-02-03 16:04:37.523 18439-18485 DOTNET                  com.app.ralaunch                     I  [16:04:37.523] [Main Thread/INFO] [tML]: Display DPI: Diagonal DPI is 420. Vertical DPI is 397.042. Horizontal DPI is 397.565
2026-02-03 16:04:37.523 18439-18485 app_process64           com.app.ralaunch                     D  tML: [16:04:37.523] [Main Thread/INFO] [tML]: Display DPI: Diagonal DPI is 420. Vertical DPI is 397.042. Horizontal DPI is 397.565
2026-02-03 16:04:37.523 18439-18485 DOTNET                  com.app.ralaunch                     I  [16:04:37.523] [Main Thread/INFO] [tML]: High DPI Display detected: setting FNA to highdpi mode
2026-02-03 16:04:37.523 18439-18485 app_process64           com.app.ralaunch                     D  tML: [16:04:37.523] [Main Thread/INFO] [tML]: High DPI Display detected: setting FNA to highdpi mode
2026-02-03 16:04:37.527 18439-18485 DOTNET                  com.app.ralaunch                     I  [16:04:37.527] [Main Thread/DEBUG] [FNA]: Querying linked library versions...
2026-02-03 16:04:37.527 18439-18485 app_process64           com.app.ralaunch                     D  FNA: [16:04:37.527] [Main Thread/DEBUG] [FNA]: Querying linked library versions...
2026-02-03 16:04:37.528 18439-18485 DOTNET                  com.app.ralaunch                     I  [16:04:37.528] [Main Thread/DEBUG] [FNA]: SDL v2.30.1
2026-02-03 16:04:37.528 18439-18485 app_process64           com.app.ralaunch                     D  FNA: [16:04:37.528] [Main Thread/DEBUG] [FNA]: SDL v2.30.1
2026-02-03 16:04:37.531 18439-18485 DOTNET                  com.app.ralaunch                     I  [16:04:37.531] [Main Thread/DEBUG] [FNA]: FNA3D v25.11.0
2026-02-03 16:04:37.531 18439-18485 app_process64           com.app.ralaunch                     D  FNA: [16:04:37.531] [Main Thread/DEBUG] [FNA]: FNA3D v25.11.0
2026-02-03 16:04:37.533 18439-18485 DOTNET                  com.app.ralaunch                     I  [16:04:37.533] [Main Thread/DEBUG] [FNA]: FAudio v25.12.0
2026-02-03 16:04:37.533 18439-18485 app_process64           com.app.ralaunch                     D  FNA: [16:04:37.533] [Main Thread/DEBUG] [FNA]: FAudio v25.12.0
2026-02-03 16:04:38.522 18177-18524 ProfileInstaller        com.app.ralaunch                     D  Installing profile for com.app.ralaunch
2026-02-03 16:04:38.530 18439-18439 SDLActivity             com.app.ralaunch                     W  type=1400 audit(0.0:538079): avc: denied { read } for name="gpu_busy_percentage" dev="sysfs" ino=68755 scontext=u:r:untrusted_app:s0:c14,c257,c512,c768 tcontext=u:object_r:vendor_sysfs_kgsl:s0 tclass=file permissive=0 app=com.app.ralaunch
2026-02-03 16:04:38.530 18439-18439 SDLActivity             com.app.ralaunch                     W  type=1400 audit(0.0:538080): avc: denied { read } for name="devfreq" dev="sysfs" ino=68883 scontext=u:r:untrusted_app:s0:c14,c257,c512,c768 tcontext=u:object_r:vendor_sysfs_kgsl:s0 tclass=lnk_file permissive=0 app=com.app.ralaunch
2026-02-03 16:04:38.530 18439-18439 SDLActivity             com.app.ralaunch                     W  type=1400 audit(0.0:538081): avc: denied { read } for name="gpu_busy_percentage" dev="sysfs" ino=68755 scontext=u:r:untrusted_app:s0:c14,c257,c512,c768 tcontext=u:object_r:vendor_sysfs_kgsl:s0 tclass=file permissive=0 app=com.app.ralaunch
2026-02-03 16:04:38.538 18439-18439 SDLActivity             com.app.ralaunch                     W  type=1400 audit(0.0:538082): avc: denied { search } for name="devfreq" dev="sysfs" ino=46116 scontext=u:r:untrusted_app:s0:c14,c257,c512,c768 tcontext=u:object_r:vendor_sysfs_devfreq:s0 tclass=dir permissive=0 app=com.app.ralaunch
2026-02-03 16:04:38.538 18439-18439 SDLActivity             com.app.ralaunch                     W  type=1400 audit(0.0:538083): avc: denied { search } for name="devfreq" dev="sysfs" ino=46116 scontext=u:r:untrusted_app:s0:c14,c257,c512,c768 tcontext=u:object_r:vendor_sysfs_devfreq:s0 tclass=dir permissive=0 app=com.app.ralaunch
2026-02-03 16:04:38.818 18439-18450 p.ralaunch:game         com.app.ralaunch                     I  Compiler allocated 5703KB to compile void android.view.ViewRootImpl.performTraversals()
2026-02-03 16:04:39.042 18439-18485 DOTNET                  com.app.ralaunch                     I  [16:04:39.042] [Main Thread/INFO] [tML]: Distribution Platform: GoG. Detection method: Terraria_v*******.exe found, no steam files or directories nearby.
2026-02-03 16:04:39.043 18439-18485 app_process64           com.app.ralaunch                     D  tML: [16:04:39.042] [Main Thread/INFO] [tML]: Distribution Platform: GoG. Detection method: Terraria_v*******.exe found, no steam files or directories nearby.
2026-02-03 16:04:39.403 18439-18485 DOTNET                  com.app.ralaunch                     I  [16:04:39.403] [Main Thread/INFO] [FNA]: SDL.SDL_Init(SDL.SDL_INIT_VIDEO)...
2026-02-03 16:04:39.403 18439-18485 app_process64           com.app.ralaunch                     D  FNA: [16:04:39.403] [Main Thread/INFO] [FNA]: SDL.SDL_Init(SDL.SDL_INIT_VIDEO)...
2026-02-03 16:04:39.403 18439-18485 SDL_Renderer            com.app.ralaunch                     I  ================================================================
2026-02-03 16:04:39.403 18439-18485 SDL_Renderer            com.app.ralaunch                     I    SDL Dynamic Renderer Loading
2026-02-03 16:04:39.403 18439-18485 SDL_Renderer            com.app.ralaunch                     I    Requested: native
2026-02-03 16:04:39.404 18439-18485 SDL_Renderer            com.app.ralaunch                     I  ================================================================
2026-02-03 16:04:39.404 18439-18485 SDL_Renderer            com.app.ralaunch                     I    Selected: native
2026-02-03 16:04:39.404 18439-18485 SDL_Renderer            com.app.ralaunch                     I    Using system libEGL.so and libGLESv2.so
2026-02-03 16:04:39.404 18439-18485 SDL_Renderer            com.app.ralaunch                     I  Setting up GL functions for renderer: native
2026-02-03 16:04:39.404 18439-18485 SDL_Renderer            com.app.ralaunch                     I  âœ“ GL functions configured
2026-02-03 16:04:39.404 18439-18485 DOTNET                  com.app.ralaunch                     I  [16:04:39.404] [Main Thread/INFO] [FNA]: Success
2026-02-03 16:04:39.404 18439-18485 app_process64           com.app.ralaunch                     D  FNA: [16:04:39.404] [Main Thread/INFO] [FNA]: Success
2026-02-03 16:04:39.404 18439-18485 DOTNET                  com.app.ralaunch                     I  [16:04:39.404] [Main Thread/INFO] [FNA]: SDL.SDL_InitSubSystem(SDL.SDL_INIT_GAMECONTROLLER)...
2026-02-03 16:04:39.404 18439-18485 app_process64           com.app.ralaunch                     D  FNA: [16:04:39.404] [Main Thread/INFO] [FNA]: SDL.SDL_InitSubSystem(SDL.SDL_INIT_GAMECONTROLLER)...
2026-02-03 16:04:39.411 18439-18485 DOTNET                  com.app.ralaunch                     I  [16:04:39.411] [Main Thread/INFO] [FNA]: Success
2026-02-03 16:04:39.411 18439-18485 app_process64           com.app.ralaunch                     D  FNA: [16:04:39.411] [Main Thread/INFO] [FNA]: Success
2026-02-03 16:04:39.423 18439-18485 DOTNET                  com.app.ralaunch                     I  [16:04:39.423] [Main Thread/INFO] [FNA]: Controller 0: Xbox 360 Controller, GUID: 5e048e02, Mapping: 0500506d5e0400008e020000ff7f3f00,Xbox 360 Controller,a:b0,b:b1,back:b4,dpdown:b12,dpleft:b13,dpright:b14,dpup:b11,guide:b5,leftshoulder:b9,leftstick:b7,lefttrigger:a4,leftx:a0,lefty:a1,rightshoulder:b10,rightstick:b8,righttrigger:a5,rightx:a2,righty:a3,start:b6,x:b2,y:b3,platform:Linux
2026-02-03 16:04:39.424 18439-18485 app_process64           com.app.ralaunch                     D  FNA: [16:04:39.423] [Main Thread/INFO] [FNA]: Controller 0: Xbox 360 Controller, GUID: 5e048e02, Mapping: 0500506d5e0400008e020000ff7f3f00,Xbox 360 Controller,a:b0,b:b1,back:b4,dpdown:b12,dpleft:b13,dpright:b14,dpup:b11,guide:b5,leftshoulder:b9,leftstick:b7,lefttrigger:a4,leftx:a0,lefty:a1,rightshoulder:b10,rightstick:b8,righttrigger:a5,rightx:a2,righty:a3,start:b6,x:b2,y:b3,platform:Linux
2026-02-03 16:04:39.433 18439-18485 DOTNET                  com.app.ralaunch                     I  [16:04:39.432] [Main Thread/INFO] [FNA]: FNA3D_PrepareWindowAttributes: FNA3D_FORCE_DRIVER=OpenGL
2026-02-03 16:04:39.433 18439-18485 app_process64           com.app.ralaunch                     D  FNA: [16:04:39.432] [Main Thread/INFO] [FNA]: FNA3D_PrepareWindowAttributes: FNA3D_FORCE_DRIVER=OpenGL
2026-02-03 16:04:39.433 18439-18485 Android_GLES            com.app.ralaunch                     I  Android_GLES_LoadLibrary called, path=(null)
2026-02-03 16:04:39.433 18439-18485 Android_GLES            com.app.ralaunch                     I  current_renderer = native, egl_lib_path = (null)
2026-02-03 16:04:39.436 18439-18485 SDL_Window              com.app.ralaunch                     I  ðŸªŸ Android_CreateWindow called, window=0xb400007c826e9030
2026-02-03 16:04:39.436 18439-18485 SDL_Window              com.app.ralaunch                     I  Setting orientation...
2026-02-03 16:04:39.437 18439-18485 SDL_Window              com.app.ralaunch                     I  Adjusting window size from 800x480 to 2278x993
2026-02-03 16:04:39.437 18439-18485 SDL_Window              com.app.ralaunch                     I  Allocating window data...
2026-02-03 16:04:39.437 18439-18485 SDL_Window              com.app.ralaunch                     I  Getting native window...
2026-02-03 16:04:39.437 18439-18485 SDL_JNI                 com.app.ralaunch                     I  Android_JNI_GetNativeWindow called
2026-02-03 16:04:39.437 18439-18485 SDL_JNI                 com.app.ralaunch                     I    env=0xb400007c92547ff0, mActivityClass=0x6626, midGetNativeSurface=0x71
2026-02-03 16:04:39.437 18439-18485 SDL                     com.app.ralaunch                     I  getNativeSurface() called from JNI
2026-02-03 16:04:39.437 18439-18485 SDL                     com.app.ralaunch                     I    mSingleton=com.app.ralaunch.ui.game.GameActivity@966c6eb, mSurface=org.libsdl.app.SDLSurface{83bedc0 VFE...... .F...... 0,0-2278,993 aid=1073741824}
2026-02-03 16:04:39.437 18439-18485 SDL                     com.app.ralaunch                     I    mSurface.getNativeSurface() returned: Surface(name=null)/@0xa15656b
2026-02-03 16:04:39.437 18439-18485 SDL                     com.app.ralaunch                     I    mSurface.mIsSurfaceReady=true
2026-02-03 16:04:39.437 18439-18485 SDL_JNI                 com.app.ralaunch                     I    getNativeSurface() returned: 0x29
2026-02-03 16:04:39.437 18439-18485 SDL_JNI                 com.app.ralaunch                     I    ANativeWindow_fromSurface returned: 0xb400007d524ce750
2026-02-03 16:04:39.437 18439-18485 SDL_Window              com.app.ralaunch                     I  âœ… Native window obtained: 0xb400007d524ce750
2026-02-03 16:04:39.437 18439-18485 SDL_Window              com.app.ralaunch                     I  SDL_VIDEO_OPENGL_EGL is defined, creating EGL surface...
2026-02-03 16:04:39.438 18439-18485 SDL/APP                 com.app.ralaunch                     I  pixel format wanted SDL_PIXELFORMAT_RGBA8888 (1), got SDL_PIXELFORMAT_RGBA8888 (1)
2026-02-03 16:04:39.438 18439-18485 SDL_Window              com.app.ralaunch                     I  âœ… Android_CreateWindow succeeded!
2026-02-03 16:04:39.438 18439-18485 SDL_Window              com.app.ralaunch                     I  Android_CreateWindow returning 0
2026-02-03 16:04:39.540 18439-18485 DOTNET                  com.app.ralaunch                     I  Handling steam_api.so loading, fast throw DllNotFoundException
2026-02-03 16:04:39.538 18439-18439 com.app.ralaunch:game   com.app.ralaunch                     W  type=1400 audit(0.0:538152): avc: granted { execute } for comm=4D61696E20546872656164 path="/data/data/com.app.ralaunch/files/dotnet/shared/Microsoft.NETCore.App/10.0.0/System.Reflection.Metadata.dll" dev="sda19" ino=912854 scontext=u:r:untrusted_app:s0:c14,c257,c512,c768 tcontext=u:object_r:app_data_file:s0:c14,c257,c512,c768 tclass=file app=com.app.ralaunch
2026-02-03 16:04:39.538 18439-18439 com.app.ralaunch:game   com.app.ralaunch                     W  type=1400 audit(0.0:538153): avc: granted { execute } for comm=4D61696E20546872656164 path="/data/data/com.app.ralaunch/files/dotnet/shared/Microsoft.NETCore.App/10.0.0/System.Reflection.Metadata.dll" dev="sda19" ino=912854 scontext=u:r:untrusted_app:s0:c14,c257,c512,c768 tcontext=u:object_r:app_data_file:s0:c14,c257,c512,c768 tclass=file app=com.app.ralaunch
2026-02-03 16:04:39.538 18439-18439 com.app.ralaunch:game   com.app.ralaunch                     W  type=1400 audit(0.0:538154): avc: granted { execute } for comm=4D61696E20546872656164 path="/data/data/com.app.ralaunch/files/dotnet/shared/Microsoft.NETCore.App/10.0.0/System.Reflection.Metadata.dll" dev="sda19" ino=912854 scontext=u:r:untrusted_app:s0:c14,c257,c512,c768 tcontext=u:object_r:app_data_file:s0:c14,c257,c512,c768 tclass=file app=com.app.ralaunch
2026-02-03 16:04:39.546 18439-18439 com.app.ralaunch:game   com.app.ralaunch                     W  type=1400 audit(0.0:538155): avc: granted { execute } for comm=4D61696E20546872656164 path="/data/data/com.app.ralaunch/files/dotnet/shared/Microsoft.NETCore.App/10.0.0/System.Collections.Immutable.dll" dev="sda19" ino=913057 scontext=u:r:untrusted_app:s0:c14,c257,c512,c768 tcontext=u:object_r:app_data_file:s0:c14,c257,c512,c768 tclass=file app=com.app.ralaunch
2026-02-03 16:04:39.546 18439-18439 com.app.ralaunch:game   com.app.ralaunch                     W  type=1400 audit(0.0:538156): avc: granted { execute } for comm=4D61696E20546872656164 path="/data/data/com.app.ralaunch/files/dotnet/shared/Microsoft.NETCore.App/10.0.0/System.Collections.Immutable.dll" dev="sda19" ino=913057 scontext=u:r:untrusted_app:s0:c14,c257,c512,c768 tcontext=u:object_r:app_data_file:s0:c14,c257,c512,c768 tclass=file app=com.app.ralaunch
2026-02-03 16:04:39.571 18439-18485 DOTNET                  com.app.ralaunch                     I  [16:04:39.571] [Main Thread/WARN] [tML]: Silently Caught Exception: 
                                                                                                    System.DllNotFoundException: Unable to load shared library "steam_api" or one of its dependencies. Handled by TModLoaderPatch of RotatingArtLauncher
2026-02-03 16:04:39.572 18439-18485 DOTNET                  com.app.ralaunch                     I     at System.Runtime.Loader.AssemblyLoadContext.GetResolvedUnmanagedDll(Assembly assembly, String unmanagedDllName)
2026-02-03 16:04:39.572 18439-18485 DOTNET                  com.app.ralaunch                     I     at Steamworks.NativeMethods.SteamInternal_GameServer_Init_V2(UInt32 unIP, UInt16 usGamePort, UInt16 usQueryPort, EServerMode eServerMode, UTF8StringHandle pchVersionString, UTF8StringHandle pszInternalCheckInterfaceVersions, IntPtr pOutErrMsg)
                                                                                                       at Steamworks.GameServer.InitEx(UInt32 unIP, UInt16 usGamePort, UInt16 usQueryPort, EServerMode eServerMode, String pchVersionString, String& OutSteamErrMsg)
2026-02-03 16:04:39.572 18439-18485 DOTNET                  com.app.ralaunch                     I     at Steamworks.GameServer.Init(UInt32 unIP, UInt16 usGamePort, UInt16 usQueryPort, EServerMode eServerMode, String pchVersionString)
2026-02-03 16:04:39.572 18439-18485 DOTNET                  com.app.ralaunch                     I     at Terraria.Social.Steam.SteamedWraps.TryInitViaGameServer() in D:\a\tModLoader\tModLoader\src\tModLoader\Terraria\Social\Steam\SteamedWraps.cs:line 94
                                                                                                       at Terraria.Social.Steam.SteamedWraps.Initialize() in D:\a\tModLoader\tModLoader\src\tModLoader\Terraria\Social\Steam\SteamedWraps.cs:line 86
2026-02-03 16:04:39.572 18439-18485 DOTNET                  com.app.ralaunch                     I     at Terraria.Social.SocialAPI.Initialize(Nullable`1 mode) in D:\a\tModLoader\tModLoader\src\tModLoader\Terraria\Social\SocialAPI.cs:line 81
                                                                                                       at Terraria.Program.RunGame() in D:\a\tModLoader\tModLoader\src\tModLoader\Terraria\Program.cs:line 260
2026-02-03 16:04:39.572 18439-18485 DOTNET                  com.app.ralaunch                     I     at Terraria.Program.LaunchGame_(Boolean isServer) in D:\a\tModLoader\tModLoader\src\tModLoader\Terraria\Program.cs:line 240
                                                                                                       at Terraria.Program.LaunchGame(String[] args, Boolean monoArgs) in D:\a\tModLoader\tModLoader\src\tModLoader\Terraria\Program.cs:line 213
2026-02-03 16:04:39.572 18439-18485 DOTNET                  com.app.ralaunch                     I     at Terraria.MonoLaunch.Main_End(String[] args) in D:\a\tModLoader\tModLoader\src\tModLoader\Terraria\MonoLaunch.cs:line 79
                                                                                                       at Terraria.MonoLaunch.<>c__DisplayClass1_0.<Main>b__1() in D:\a\tModLoader\tModLoader\src\tModLoader\Terraria\MonoLaunch.cs:line 65
2026-02-03 16:04:39.572 18439-18485 DOTNET                  com.app.ralaunch                     I     at Terraria.MonoLaunch.Main(String[] args) in D:\a\tModLoader\tModLoader\src\tModLoader\Terraria\MonoLaunch.cs:line 72
2026-02-03 16:04:39.572 18439-18485 app_process64           com.app.ralaunch                     D  tML: [16:04:39.571] [Main Thread/WARN] [tML]: Silently Caught Exception: 
                                                                                                    System.DllNotFoundException: Unable to load shared library "steam_api" or one of its dependencies. Handled by TModLoaderPatch of RotatingArtLauncher
                                                                                                       at System.Runtime.Loader.AssemblyLoadContext.GetResolvedUnmanagedDll(Assembly assembly, String unmanagedDllName)
                                                                                                       at Steamworks.NativeMethods.SteamInternal_GameServer_Init_V2(UInt32 unIP, UInt16 usGamePort, UInt16 usQueryPort, EServerMode eServerMode, UTF8StringHandle pchVersionString, UTF8StringHandle pszInternalCheckInterfaceVersions, IntPtr pOutErrMsg)
                                                                                                       at Steamworks.GameServer.InitEx(UInt32 unIP, UInt16 usGamePort, UInt16 usQueryPort, EServerMode eServerMode, String pchVersionString, String& OutSteamErrMsg)
                                                                                                       at Steamworks.GameServer.Init(UInt32 unIP, UInt16 usGamePort, UInt16 usQueryPort, EServerMode eServerMode, String pchVersionString)
                                                                                                       at Terraria.Social.Steam.SteamedWraps.TryInitViaGameServer() in D:\a\tModLoader\tModLoader\src\tModLoader\Terraria\Social\Steam\SteamedWra
2026-02-03 16:04:39.577 18439-18485 DOTNET                  com.app.ralaunch                     I  [16:04:39.577] [Main Thread/ERROR] [tML]: System.DllNotFoundException: Unable to load shared library "steam_api" or one of its dependencies. Handled by TModLoaderPatch of RotatingArtLauncher
2026-02-03 16:04:39.577 18439-18485 DOTNET                  com.app.ralaunch                     I     at TModLoaderPatch.Patcher.ResolveNativeLibrary(Assembly assembly, String name)
                                                                                                       at System.Runtime.Loader.AssemblyLoadContext.GetResolvedUnmanagedDll(Assembly assembly, String unmanagedDllName)
2026-02-03 16:04:39.577 18439-18485 DOTNET                  com.app.ralaunch                     I     at Steamworks.NativeMethods.SteamInternal_GameServer_Init_V2(UInt32 unIP, UInt16 usGamePort, UInt16 usQueryPort, EServerMode eServerMode, UTF8StringHandle pchVersionString, UTF8StringHandle pszInternalCheckInterfaceVersions, IntPtr pOutErrMsg)
2026-02-03 16:04:39.577 18439-18485 DOTNET                  com.app.ralaunch                     I     at Steamworks.GameServer.InitEx(UInt32 unIP, UInt16 usGamePort, UInt16 usQueryPort, EServerMode eServerMode, String pchVersionString, String& OutSteamErrMsg)
                                                                                                       at Steamworks.GameServer.Init(UInt32 unIP, UInt16 usGamePort, UInt16 usQueryPort, EServerMode eServerMode, String pchVersionString)
2026-02-03 16:04:39.577 18439-18485 DOTNET                  com.app.ralaunch                     I     at Terraria.Social.Steam.SteamedWraps.TryInitViaGameServer() in D:\a\tModLoader\tModLoader\src\tModLoader\Terraria\Social\Steam\SteamedWraps.cs:line 94
2026-02-03 16:04:39.578 18439-18485 app_process64           com.app.ralaunch                     D  tML: [16:04:39.577] [Main Thread/ERROR] [tML]: System.DllNotFoundException: Unable to load shared library "steam_api" or one of its dependencies. Handled by TModLoaderPatch of RotatingArtLauncher
                                                                                                       at TModLoaderPatch.Patcher.ResolveNativeLibrary(Assembly assembly, String name)
                                                                                                       at System.Runtime.Loader.AssemblyLoadContext.GetResolvedUnmanagedDll(Assembly assembly, String unmanagedDllName)
                                                                                                       at Steamworks.NativeMethods.SteamInternal_GameServer_Init_V2(UInt32 unIP, UInt16 usGamePort, UInt16 usQueryPort, EServerMode eServerMode, UTF8StringHandle pchVersionString, UTF8StringHandle pszInternalCheckInterfaceVersions, IntPtr pOutErrMsg)
                                                                                                       at Steamworks.GameServer.InitEx(UInt32 unIP, UInt16 usGamePort, UInt16 usQueryPort, EServerMode eServerMode, String pchVersionString, String& OutSteamErrMsg)
                                                                                                       at Steamworks.GameServer.Init(UInt32 unIP, UInt16 usGamePort, UInt16 usQueryPort, EServerMode eServerMode, String pchVersionString)
                                                                                                       at Terraria.Social.Steam.SteamedWraps.TryInitViaGameServer() in D:\a\tModLoader\tM
2026-02-03 16:04:39.578 18439-18485 DOTNET                  com.app.ralaunch                     I  [16:04:39.578] [Main Thread/ERROR] [tML]: Steam Game Server failed to Init. Steam Workshop downloading on GoG is unavailable. Make sure Steam is installed
2026-02-03 16:04:39.579 18439-18485 app_process64           com.app.ralaunch                     D  tML: [16:04:39.578] [Main Thread/ERROR] [tML]: Steam Game Server failed to Init. Steam Workshop downloading on GoG is unavailable. Make sure Steam is installed
2026-02-03 16:04:39.590 18439-18485 DOTNET                  com.app.ralaunch                     I  [16:04:39.590] [Main Thread/INFO] [tML]: Current 1281930 Workshop Folder Directory: steamapps/workshop
2026-02-03 16:04:39.590 18439-18485 app_process64           com.app.ralaunch                     D  tML: [16:04:39.590] [Main Thread/INFO] [tML]: Current 1281930 Workshop Folder Directory: steamapps/workshop
2026-02-03 16:04:39.602 18439-18485 SDL_Window              com.app.ralaunch                     I  ðŸ”’ Android_SetWindowSize called - forcing fullscreen size
2026-02-03 16:04:39.602 18439-18485 SDL_Window              com.app.ralaunch                     I  âœ… Window forced to fullscreen: 2278x993 at (0,0)
2026-02-03 16:04:39.603 18439-18485 SDL_Window              com.app.ralaunch                     I  ðŸ”’ Android_SetWindowPosition called - forcing position (0,0)
2026-02-03 16:04:39.603 18439-18485 SDL_Window              com.app.ralaunch                     I  âœ… Window position forced to (0,0)
2026-02-03 16:04:39.606 18439-18485 SDL/APP                 com.app.ralaunch                     I  SDL_EGL: Attempting to bind API: EGL_OPENGL_ES_API (profile_mask=4, major=3, minor=0, force_es_api=0)
2026-02-03 16:04:39.609 18439-18485 DOTNET                  com.app.ralaunch                     I  [16:04:39.608] [Main Thread/INFO] [FNA]: SDL Video Diver: Android
2026-02-03 16:04:39.609 18439-18485 app_process64           com.app.ralaunch                     D  FNA: [16:04:39.608] [Main Thread/INFO] [FNA]: SDL Video Diver: Android
2026-02-03 16:04:39.609 18439-18485 DOTNET                  com.app.ralaunch                     I  [16:04:39.609] [Main Thread/INFO] [FNA]: FNA3D Driver: OpenGL
2026-02-03 16:04:39.609 18439-18485 app_process64           com.app.ralaunch                     D  FNA: [16:04:39.609] [Main Thread/INFO] [FNA]: FNA3D Driver: OpenGL
2026-02-03 16:04:39.609 18439-18485 DOTNET                  com.app.ralaunch                     I  [16:04:39.609] [Main Thread/INFO] [FNA]: OpenGL Renderer: Adreno (TM) 620
2026-02-03 16:04:39.609 18439-18485 app_process64           com.app.ralaunch                     D  FNA: [16:04:39.609] [Main Thread/INFO] [FNA]: OpenGL Renderer: Adreno (TM) 620
2026-02-03 16:04:39.609 18439-18485 DOTNET                  com.app.ralaunch                     I  [16:04:39.609] [Main Thread/INFO] [FNA]: OpenGL Driver: OpenGL ES 3.2 V@0502.0 (GIT@191610ae03, Ic907de5ed0, 1600323700) (Date:09/17/20)
2026-02-03 16:04:39.609 18439-18485 app_process64           com.app.ralaunch                     D  FNA: [16:04:39.609] [Main Thread/INFO] [FNA]: OpenGL Driver: OpenGL ES 3.2 V@0502.0 (GIT@191610ae03, Ic907de5ed0, 1600323700) (Date:09/17/20)
2026-02-03 16:04:39.610 18439-18485 DOTNET                  com.app.ralaunch                     I  [16:04:39.609] [Main Thread/INFO] [FNA]: OpenGL Vendor: Qualcomm
2026-02-03 16:04:39.610 18439-18485 app_process64           com.app.ralaunch                     D  FNA: [16:04:39.609] [Main Thread/INFO] [FNA]: OpenGL Vendor: Qualcomm
2026-02-03 16:04:39.633 18439-18485 DOTNET                  com.app.ralaunch                     I  [16:04:39.633] [Main Thread/INFO] [FNA]: MojoShader Profile: glsles3
2026-02-03 16:04:39.633 18439-18485 app_process64           com.app.ralaunch                     D  FNA: [16:04:39.633] [Main Thread/INFO] [FNA]: MojoShader Profile: glsles3
2026-02-03 16:04:39.651 18439-18485 DOTNET                  com.app.ralaunch                     I  [16:04:39.651] [Main Thread/INFO] [tML]: Content folder of Terraria GOG Install Location assumed to be: /storage/emulated/0/Android/data/com.app.ralaunch/files/games/tModLoader_3d5878a7/GoG Games/Terraria/Content
2026-02-03 16:04:39.651 18439-18485 app_process64           com.app.ralaunch                     D  tML: [16:04:39.651] [Main Thread/INFO] [tML]: Content folder of Terraria GOG Install Location assumed to be: /storage/emulated/0/Android/data/com.app.ralaunch/files/games/tModLoader_3d5878a7/GoG Games/Terraria/Content
2026-02-03 16:04:40.686 18439-18439 SDLActivity             com.app.ralaunch                     W  type=1400 audit(0.0:538216): avc: denied { read } for name="gpu_busy_percentage" dev="sysfs" ino=68755 scontext=u:r:untrusted_app:s0:c14,c257,c512,c768 tcontext=u:object_r:vendor_sysfs_kgsl:s0 tclass=file permissive=0 app=com.app.ralaunch
2026-02-03 16:04:40.690 18439-18439 SDLActivity             com.app.ralaunch                     W  type=1400 audit(0.0:538217): avc: denied { read } for name="devfreq" dev="sysfs" ino=68883 scontext=u:r:untrusted_app:s0:c14,c257,c512,c768 tcontext=u:object_r:vendor_sysfs_kgsl:s0 tclass=lnk_file permissive=0 app=com.app.ralaunch
2026-02-03 16:04:40.690 18439-18439 SDLActivity             com.app.ralaunch                     W  type=1400 audit(0.0:538218): avc: denied { read } for name="gpu_busy_percentage" dev="sysfs" ino=68755 scontext=u:r:untrusted_app:s0:c14,c257,c512,c768 tcontext=u:object_r:vendor_sysfs_kgsl:s0 tclass=file permissive=0 app=com.app.ralaunch
2026-02-03 16:04:40.694 18439-18439 SDLActivity             com.app.ralaunch                     W  type=1400 audit(0.0:538219): avc: denied { search } for name="devfreq" dev="sysfs" ino=46116 scontext=u:r:untrusted_app:s0:c14,c257,c512,c768 tcontext=u:object_r:vendor_sysfs_devfreq:s0 tclass=dir permissive=0 app=com.app.ralaunch
2026-02-03 16:04:40.694 18439-18439 SDLActivity             com.app.ralaunch                     W  type=1400 audit(0.0:538220): avc: denied { search } for name="devfreq" dev="sysfs" ino=46116 scontext=u:r:untrusted_app:s0:c14,c257,c512,c768 tcontext=u:object_r:vendor_sysfs_devfreq:s0 tclass=dir permissive=0 app=com.app.ralaunch
2026-02-03 16:04:40.695 18439-18485 DOTNET                  com.app.ralaunch                     I  Found vanilla asset with wrong case, renaming: (from /storage/emulated/0/Android/data/com.app.ralaunch/files/games/tModLoader_3d5878a7/GoG Games/Terraria/Content) Images/NPC_517.xnb -> Images/NPC_517.xnb
2026-02-03 16:04:41.127 18439-18485 DOTNET                  com.app.ralaunch                     I  Found vanilla asset with wrong case, renaming: (from /storage/emulated/0/Android/data/com.app.ralaunch/files/games/tModLoader_3d5878a7/GoG Games/Terraria/Content) Images/Gore_240.xnb -> Images/Gore_240.xnb
2026-02-03 16:04:41.449 18439-18485 DOTNET                  com.app.ralaunch                     I  Found vanilla asset with wrong case, renaming: (from /storage/emulated/0/Android/data/com.app.ralaunch/files/games/tModLoader_3d5878a7/GoG Games/Terraria/Content) Images/Projectile_179.xnb -> Images/Projectile_179.xnb
2026-02-03 16:04:41.735 18439-18485 DOTNET                  com.app.ralaunch                     I  Found vanilla asset with wrong case, renaming: (from /storage/emulated/0/Android/data/com.app.ralaunch/files/games/tModLoader_3d5878a7/GoG Games/Terraria/Content) Images/Projectile_189.xnb -> Images/Projectile_189.xnb
2026-02-03 16:04:41.762 18439-18439 SDLActivity             com.app.ralaunch                     W  type=1400 audit(0.0:538271): avc: denied { read } for name="gpu_busy_percentage" dev="sysfs" ino=68755 scontext=u:r:untrusted_app:s0:c14,c257,c512,c768 tcontext=u:object_r:vendor_sysfs_kgsl:s0 tclass=file permissive=0 app=com.app.ralaunch
2026-02-03 16:04:41.766 18439-18439 SDLActivity             com.app.ralaunch                     W  type=1400 audit(0.0:538272): avc: denied { read } for name="devfreq" dev="sysfs" ino=68883 scontext=u:r:untrusted_app:s0:c14,c257,c512,c768 tcontext=u:object_r:vendor_sysfs_kgsl:s0 tclass=lnk_file permissive=0 app=com.app.ralaunch
2026-02-03 16:04:41.766 18439-18439 SDLActivity             com.app.ralaunch                     W  type=1400 audit(0.0:538273): avc: denied { read } for name="gpu_busy_percentage" dev="sysfs" ino=68755 scontext=u:r:untrusted_app:s0:c14,c257,c512,c768 tcontext=u:object_r:vendor_sysfs_kgsl:s0 tclass=file permissive=0 app=com.app.ralaunch
2026-02-03 16:04:41.770 18439-18439 SDLActivity             com.app.ralaunch                     W  type=1400 audit(0.0:538274): avc: denied { search } for name="devfreq" dev="sysfs" ino=46116 scontext=u:r:untrusted_app:s0:c14,c257,c512,c768 tcontext=u:object_r:vendor_sysfs_devfreq:s0 tclass=dir permissive=0 app=com.app.ralaunch
2026-02-03 16:04:41.770 18439-18439 SDLActivity             com.app.ralaunch                     W  type=1400 audit(0.0:538275): avc: denied { search } for name="devfreq" dev="sysfs" ino=46116 scontext=u:r:untrusted_app:s0:c14,c257,c512,c768 tcontext=u:object_r:vendor_sysfs_devfreq:s0 tclass=dir permissive=0 app=com.app.ralaunch
2026-02-03 16:04:42.014 18439-18485 DOTNET                  com.app.ralaunch                     I  Found vanilla asset with wrong case, renaming: (from /storage/emulated/0/Android/data/com.app.ralaunch/files/games/tModLoader_3d5878a7/GoG Games/Terraria/Content) Images/Projectile_618.xnb -> Images/Projectile_618.xnb
2026-02-03 16:04:42.256 18439-18485 DOTNET                  com.app.ralaunch                     I  Found vanilla asset with wrong case, renaming: (from /storage/emulated/0/Android/data/com.app.ralaunch/files/games/tModLoader_3d5878a7/GoG Games/Terraria/Content) Images/Tiles_650.xnb -> Images/Tiles_650.xnb
2026-02-03 16:04:42.453 18439-18485 DOTNET                  com.app.ralaunch                     I  Found vanilla asset with wrong case, renaming: (from /storage/emulated/0/Android/data/com.app.ralaunch/files/games/tModLoader_3d5878a7/GoG Games/Terraria/Content) Images/Item_2648.xnb -> Images/Item_2648.xnb
2026-02-03 16:04:42.854 18439-18439 SDLActivity             com.app.ralaunch                     W  type=1400 audit(0.0:538326): avc: denied { read } for name="gpu_busy_percentage" dev="sysfs" ino=68755 scontext=u:r:untrusted_app:s0:c14,c257,c512,c768 tcontext=u:object_r:vendor_sysfs_kgsl:s0 tclass=file permissive=0 app=com.app.ralaunch
2026-02-03 16:04:42.854 18439-18439 SDLActivity             com.app.ralaunch                     W  type=1400 audit(0.0:538327): avc: denied { read } for name="devfreq" dev="sysfs" ino=68883 scontext=u:r:untrusted_app:s0:c14,c257,c512,c768 tcontext=u:object_r:vendor_sysfs_kgsl:s0 tclass=lnk_file permissive=0 app=com.app.ralaunch
2026-02-03 16:04:42.858 18439-18439 SDLActivity             com.app.ralaunch                     W  type=1400 audit(0.0:538328): avc: denied { read } for name="gpu_busy_percentage" dev="sysfs" ino=68755 scontext=u:r:untrusted_app:s0:c14,c257,c512,c768 tcontext=u:object_r:vendor_sysfs_kgsl:s0 tclass=file permissive=0 app=com.app.ralaunch
2026-02-03 16:04:42.862 18439-18439 SDLActivity             com.app.ralaunch                     W  type=1400 audit(0.0:538329): avc: denied { search } for name="devfreq" dev="sysfs" ino=46116 scontext=u:r:untrusted_app:s0:c14,c257,c512,c768 tcontext=u:object_r:vendor_sysfs_devfreq:s0 tclass=dir permissive=0 app=com.app.ralaunch
