2026-02-03 16:04:42.862 18439-18439 SDLActivity             com.app.ralaunch                     W  type=1400 audit(0.0:538330): avc: denied { search } for name="devfreq" dev="sysfs" ino=46116 scontext=u:r:untrusted_app:s0:c14,c257,c512,c768 tcontext=u:object_r:vendor_sysfs_devfreq:s0 tclass=dir permissive=0 app=com.app.ralaunch
2026-02-03 16:04:43.743 18439-18485 DOTNET                  com.app.ralaunch                     I  [16:04:43.743] [Main Thread/INFO] [tML]: Maximum Resolution is 2376 x 1200
2026-02-03 16:04:43.743 18439-18485 app_process64           com.app.ralaunch                     D  tML: [16:04:43.743] [Main Thread/INFO] [tML]: Maximum Resolution is 2376 x 1200
2026-02-03 16:04:43.747 18439-18485 SDL_Window              com.app.ralaunch                     I  ðŸ”’ Android_SetWindowSize called - forcing fullscreen size
2026-02-03 16:04:43.747 18439-18485 SDL_Window              com.app.ralaunch                     I  âœ… Window forced to fullscreen: 2278x993 at (0,0)
2026-02-03 16:04:43.747 18439-18485 SDL_Window              com.app.ralaunch                     I  ðŸ”’ Android_SetWindowPosition called - forcing position (0,0)
2026-02-03 16:04:43.747 18439-18485 SDL_Window              com.app.ralaunch                     I  âœ… Window position forced to (0,0)
2026-02-03 16:04:43.756 18439-18485 DOTNET                  com.app.ralaunch                     I  [16:04:43.756] [Main Thread/DEBUG] [Terraria]: Device Created, Adapter: 0, DisplayMode: {{Width:2376 Height:1080 Format:Color}}, Profile: HiDef, Width: 2376, Height: 1080, Fullscreen: False, Display: \\.\DISPLAY1
2026-02-03 16:04:43.756 18439-18485 app_process64           com.app.ralaunch                     D  Terraria: [16:04:43.756] [Main Thread/DEBUG] [Terraria]: Device Created, Adapter: 0, DisplayMode: {{Width:2376 Height:1080 Format:Color}}, Profile: HiDef, Width: 2376, Height: 1080, Fullscreen: False, Display: \\.\DISPLAY1
2026-02-03 16:04:43.786 18439-18485 DOTNET                  com.app.ralaunch                     I  [16:04:43.786] [Main Thread/DEBUG] [Terraria]: Device Reset, Adapter: 0, DisplayMode: {{Width:2376 Height:1080 Format:Color}}, Profile: HiDef, Width: 2376, Height: 1080, Fullscreen: False -> True, Display: \\.\DISPLAY1
2026-02-03 16:04:43.786 18439-18485 app_process64           com.app.ralaunch                     D  Terraria: [16:04:43.786] [Main Thread/DEBUG] [Terraria]: Device Reset, Adapter: 0, DisplayMode: {{Width:2376 Height:1080 Format:Color}}, Profile: HiDef, Width: 2376, Height: 1080, Fullscreen: False -> True, Display: \\.\DISPLAY1
2026-02-03 16:04:43.787 18439-18485 DOTNET                  com.app.ralaunch                     I  [16:04:43.787] [Main Thread/DEBUG] [Terraria]: Device Reset, Adapter: 0, DisplayMode: {{Width:2376 Height:1080 Format:Color}}, Profile: HiDef, Width: 2376, Height: 1080, Fullscreen: True, Display: \\.\DISPLAY1
2026-02-03 16:04:43.787 18439-18485 app_process64           com.app.ralaunch                     D  Terraria: [16:04:43.787] [Main Thread/DEBUG] [Terraria]: Device Reset, Adapter: 0, DisplayMode: {{Width:2376 Height:1080 Format:Color}}, Profile: HiDef, Width: 2376, Height: 1080, Fullscreen: True, Display: \\.\DISPLAY1
2026-02-03 16:04:43.826 18439-18485 DOTNET                  com.app.ralaunch                     I  Resolution changed to: 2376x1080.
2026-02-03 16:04:43.946 18439-18439 SDLActivity             com.app.ralaunch                     W  type=1400 audit(0.0:538381): avc: denied { read } for name="gpu_busy_percentage" dev="sysfs" ino=68755 scontext=u:r:untrusted_app:s0:c14,c257,c512,c768 tcontext=u:object_r:vendor_sysfs_kgsl:s0 tclass=file permissive=0 app=com.app.ralaunch
2026-02-03 16:04:43.950 18439-18439 SDLActivity             com.app.ralaunch                     W  type=1400 audit(0.0:538382): avc: denied { read } for name="devfreq" dev="sysfs" ino=68883 scontext=u:r:untrusted_app:s0:c14,c257,c512,c768 tcontext=u:object_r:vendor_sysfs_kgsl:s0 tclass=lnk_file permissive=0 app=com.app.ralaunch
2026-02-03 16:04:43.950 18439-18439 SDLActivity             com.app.ralaunch                     W  type=1400 audit(0.0:538383): avc: denied { read } for name="gpu_busy_percentage" dev="sysfs" ino=68755 scontext=u:r:untrusted_app:s0:c14,c257,c512,c768 tcontext=u:object_r:vendor_sysfs_kgsl:s0 tclass=file permissive=0 app=com.app.ralaunch
2026-02-03 16:04:43.954 18439-18439 SDLActivity             com.app.ralaunch                     W  type=1400 audit(0.0:538384): avc: denied { search } for name="devfreq" dev="sysfs" ino=46116 scontext=u:r:untrusted_app:s0:c14,c257,c512,c768 tcontext=u:object_r:vendor_sysfs_devfreq:s0 tclass=dir permissive=0 app=com.app.ralaunch
2026-02-03 16:04:43.958 18439-18439 SDLActivity             com.app.ralaunch                     W  type=1400 audit(0.0:538385): avc: denied { search } for name="devfreq" dev="sysfs" ino=46116 scontext=u:r:untrusted_app:s0:c14,c257,c512,c768 tcontext=u:object_r:vendor_sysfs_devfreq:s0 tclass=dir permissive=0 app=com.app.ralaunch
2026-02-03 16:04:44.269 18439-18485 SDL/APP                 com.app.ralaunch                     I  Adding input device with name 20
2026-02-03 16:04:44.269 18439-18485 SDL/APP                 com.app.ralaunch                     I  Adding input device with name 21
2026-02-03 16:04:44.269 18439-18485 SDL/APP                 com.app.ralaunch                     I  Adding input device with name 22
2026-02-03 16:04:44.269 18439-18485 SDL/APP                 com.app.ralaunch                     I  Adding input device with name 32
2026-02-03 16:04:44.269 18439-18485 SDL/APP                 com.app.ralaunch                     I  Adding input device with name 23
2026-02-03 16:04:44.269 18439-18485 SDL/APP                 com.app.ralaunch                     I  Adding output device with name 2
2026-02-03 16:04:44.269 18439-18485 SDL/APP                 com.app.ralaunch                     I  Adding output device with name 3
2026-02-03 16:04:44.269 18439-18485 SDL/APP                 com.app.ralaunch                     I  Adding output device with name 11
2026-02-03 16:04:44.271 18439-18485 AAudio                  com.app.ralaunch                     I  AAudioStreamBuilder_openStream() called ----------------------------------------
2026-02-03 16:04:44.271 18439-18485 AudioStreamBuilder      com.app.ralaunch                     I  rate   =  48000, channels  = 2, channelMask = 0x80000003, format   = 5, sharing = SH, dir = OUTPUT
2026-02-03 16:04:44.271 18439-18485 AudioStreamBuilder      com.app.ralaunch                     I  device =      0, sessionId = -1, perfMode = 10, callback: OFF with frames = 0
2026-02-03 16:04:44.271 18439-18485 AudioStreamBuilder      com.app.ralaunch                     I  usage  =      0, contentType = 0, inputPreset = 0, allowedCapturePolicy = 0
2026-02-03 16:04:44.271 18439-18485 AudioStreamBuilder      com.app.ralaunch                     I  privacy sensitive = false, opPackageName = (null), attributionTag = (null)
2026-02-03 16:04:44.275 18439-18485 AudioStreamBuilder      com.app.ralaunch                     D  build() MMAP not used because AAUDIO_PERFORMANCE_MODE_LOW_LATENCY not requested.
2026-02-03 16:04:44.275 18439-18485 p.ralaunch:game         com.app.ralaunch                     D  PlayerBase::PlayerBase()
2026-02-03 16:04:44.281 18439-18485 AudioStreamTrack        com.app.ralaunch                     D  open(), request notificationFrames = 0, frameCount = 0
2026-02-03 16:04:44.284 18439-18485 VivoAudioP...roxyNative com.app.ralaunch                     V  VivoAudioPolicyProxy getInstanceInter: binding to vivoaudiopolicy service success!
2026-02-03 16:04:44.284 18439-18485 AudioTrack              com.app.ralaunch                     D  getpackName client name com.app.ralaunch:game(18439)
2026-02-03 16:04:44.284 18439-18485 AudioSystem             com.app.ralaunch                     D  getpackName client name com.app.ralaunch:game(18439)
2026-02-03 16:04:44.284 18439-18485 AudioTrack              com.app.ralaunch                     D  getpackName client name com.app.ralaunch:game(18439)
2026-02-03 16:04:44.285 18439-18485 AudioSystem             com.app.ralaunch                     D  getpackName client name com.app.ralaunch:game(18439)
2026-02-03 16:04:44.285 18439-18485 AudioTrack              com.app.ralaunch                     D  set(): Building AudioTrack with attributes: usage=1 content=2 flags=0x0 tags=[]
2026-02-03 16:04:44.285 18439-18485 AudioTrack              com.app.ralaunch                     D  set():callingPid=18439,myPid=18439,mClientAttributionSource.pid=18439
2026-02-03 16:04:44.285 18439-18485 AudioSystem             com.app.ralaunch                     D  getpackName client name com.app.ralaunch:game(18439)
2026-02-03 16:04:44.285 18439-18485 AudioTrack              com.app.ralaunch                     D  getpackName client name com.app.ralaunch:game(18439)
2026-02-03 16:04:44.285 18439-18485 AudioSystem             com.app.ralaunch                     W  setParameters: PlaybackCaptureProtectSupport=com.app.ralaunch:game
2026-02-03 16:04:44.286 18439-18485 AudioTrack              com.app.ralaunch                     D  getpackName client name com.app.ralaunch:game(18439)
2026-02-03 16:04:44.286 18439-18485 AudioTrack              com.app.ralaunch                     D  get APPSharePck NULL
2026-02-03 16:04:44.286 18439-18485 AudioTrack              com.app.ralaunch                     D  getpackName client name com.app.ralaunch:game(18439)
2026-02-03 16:04:44.325 18439-18485 AudioTrack              com.app.ralaunch                     D  getpackName client name com.app.ralaunch:game(18439)
2026-02-03 16:04:44.327 18439-18485 AudioTrack              com.app.ralaunch                     D  getpackName client name com.app.ralaunch:game(18439)
2026-02-03 16:04:44.327 18439-18485 AudioTrack              com.app.ralaunch                     D  getpackName client name com.app.ralaunch:game(18439)
2026-02-03 16:04:44.327 18439-18485 AAudioStream            com.app.ralaunch                     D  setState(s#1) from 0 to 2
2026-02-03 16:04:44.329 18439-18485 AAudio                  com.app.ralaunch                     I  AAudioStreamBuilder_openStream() returns 0 = AAUDIO_OK for s#1 ----------------
2026-02-03 16:04:44.329 18439-18485 AAudio                  com.app.ralaunch                     D  AAudioStream_requestStart(s#1) called --------------
2026-02-03 16:04:44.329 18439-18485 AAudioStream            com.app.ralaunch                     D  setState(s#1) from 2 to 3
2026-02-03 16:04:44.329 18439-18485 AudioTrack              com.app.ralaunch                     D  start(portId:1124, sessionId:7377): prior state:STATE_STOPPED
2026-02-03 16:04:44.329 18439-18485 AudioTrack              com.app.ralaunch                     D  getpackName client name com.app.ralaunch:game(18439)
2026-02-03 16:04:44.348 18439-18485 AAudio                  com.app.ralaunch                     D  AAudioStream_requestStart(s#1) returned 0 ---------
2026-02-03 16:04:44.350 18439-18539 AudioStreamLegacy       com.app.ralaunch                     D  onAudioDeviceUpdate(deviceId = 3)
2026-02-03 16:04:44.350 18439-18540 AudioTrack              com.app.ralaunch                     D  hasStarted(1124): hasStarted wait:1  ets:0  start position:0
2026-02-03 16:04:44.350 18439-18540 AudioTrack              com.app.ralaunch                     D  hasStarted(1124): hasStarted wait:1  ets:0  start position:0
2026-02-03 16:04:44.350 18439-18540 AudioTrack              com.app.ralaunch                     D  hasStarted(1124): hasStarted wait:1  ets:0  start position:0
2026-02-03 16:04:44.454 18439-18540 AudioTrack              com.app.ralaunch                     D  hasStarted(1124): hasStarted wait:0  ets:2048  start position:0
2026-02-03 16:04:44.454 18439-18540 AAudioStream            com.app.ralaunch                     D  setState(s#1) from 3 to 4
2026-02-03 16:04:44.572 18439-18485 AAudio                  com.app.ralaunch                     I  AAudioStreamBuilder_openStream() called ----------------------------------------
2026-02-03 16:04:44.572 18439-18485 AudioStreamBuilder      com.app.ralaunch                     I  rate   =  48000, channels  = 2, channelMask = 0x80000003, format   = 5, sharing = SH, dir = OUTPUT
2026-02-03 16:04:44.572 18439-18485 AudioStreamBuilder      com.app.ralaunch                     I  device =      0, sessionId = -1, perfMode = 10, callback: OFF with frames = 0
2026-02-03 16:04:44.572 18439-18485 AudioStreamBuilder      com.app.ralaunch                     I  usage  =      0, contentType = 0, inputPreset = 0, allowedCapturePolicy = 0
2026-02-03 16:04:44.572 18439-18485 AudioStreamBuilder      com.app.ralaunch                     I  privacy sensitive = false, opPackageName = (null), attributionTag = (null)
2026-02-03 16:04:44.572 18439-18485 AudioStreamBuilder      com.app.ralaunch                     D  build() MMAP not used because AAUDIO_PERFORMANCE_MODE_LOW_LATENCY not requested.
2026-02-03 16:04:44.573 18439-18485 p.ralaunch:game         com.app.ralaunch                     D  PlayerBase::PlayerBase()
2026-02-03 16:04:44.574 18439-18485 AudioStreamTrack        com.app.ralaunch                     D  open(), request notificationFrames = 0, frameCount = 0
2026-02-03 16:04:44.574 18439-18485 AudioTrack              com.app.ralaunch                     D  getpackName client name com.app.ralaunch:game(18439)
2026-02-03 16:04:44.574 18439-18485 AudioSystem             com.app.ralaunch                     D  getpackName client name com.app.ralaunch:game(18439)
2026-02-03 16:04:44.574 18439-18485 AudioTrack              com.app.ralaunch                     D  getpackName client name com.app.ralaunch:game(18439)
2026-02-03 16:04:44.575 18439-18485 AudioSystem             com.app.ralaunch                     D  getpackName client name com.app.ralaunch:game(18439)
2026-02-03 16:04:44.575 18439-18485 AudioTrack              com.app.ralaunch                     D  set(): Building AudioTrack with attributes: usage=1 content=2 flags=0x0 tags=[]
2026-02-03 16:04:44.575 18439-18485 AudioTrack              com.app.ralaunch                     D  set():callingPid=18439,myPid=18439,mClientAttributionSource.pid=18439
2026-02-03 16:04:44.575 18439-18485 AudioSystem             com.app.ralaunch                     D  getpackName client name com.app.ralaunch:game(18439)
2026-02-03 16:04:44.575 18439-18485 AudioTrack              com.app.ralaunch                     D  getpackName client name com.app.ralaunch:game(18439)
2026-02-03 16:04:44.575 18439-18485 AudioSystem             com.app.ralaunch                     W  setParameters: PlaybackCaptureProtectSupport=com.app.ralaunch:game
2026-02-03 16:04:44.575 18439-18485 AudioTrack              com.app.ralaunch                     D  getpackName client name com.app.ralaunch:game(18439)
2026-02-03 16:04:44.575 18439-18485 AudioTrack              com.app.ralaunch                     D  get APPSharePck NULL
2026-02-03 16:04:44.575 18439-18485 AudioTrack              com.app.ralaunch                     D  getpackName client name com.app.ralaunch:game(18439)
2026-02-03 16:04:44.598 18439-18485 AudioTrack              com.app.ralaunch                     D  getpackName client name com.app.ralaunch:game(18439)
2026-02-03 16:04:44.599 18439-18485 AudioTrack              com.app.ralaunch                     D  getpackName client name com.app.ralaunch:game(18439)
2026-02-03 16:04:44.599 18439-18485 AudioTrack              com.app.ralaunch                     D  getpackName client name com.app.ralaunch:game(18439)
2026-02-03 16:04:44.599 18439-18485 AAudioStream            com.app.ralaunch                     D  setState(s#2) from 0 to 2
2026-02-03 16:04:44.601 18439-18485 AAudio                  com.app.ralaunch                     I  AAudioStreamBuilder_openStream() returns 0 = AAUDIO_OK for s#2 ----------------
2026-02-03 16:04:44.601 18439-18485 AAudio                  com.app.ralaunch                     D  AAudioStream_requestStart(s#2) called --------------
2026-02-03 16:04:44.601 18439-18485 AAudioStream            com.app.ralaunch                     D  setState(s#2) from 2 to 3
2026-02-03 16:04:44.601 18439-18485 AudioTrack              com.app.ralaunch                     D  start(portId:1125, sessionId:7385): prior state:STATE_STOPPED
2026-02-03 16:04:44.601 18439-18485 AudioTrack              com.app.ralaunch                     D  getpackName client name com.app.ralaunch:game(18439)
2026-02-03 16:04:44.610 18439-18485 AAudio                  com.app.ralaunch                     D  AAudioStream_requestStart(s#2) returned 0 ---------
2026-02-03 16:04:44.613 18439-18541 AudioTrack              com.app.ralaunch                     D  hasStarted(1125): hasStarted wait:1  ets:0  start position:0
2026-02-03 16:04:44.613 18439-18541 AudioTrack              com.app.ralaunch                     D  hasStarted(1125): hasStarted wait:1  ets:0  start position:0
2026-02-03 16:04:44.613 18439-18541 AudioTrack              com.app.ralaunch                     D  hasStarted(1125): hasStarted wait:1  ets:0  start position:0
2026-02-03 16:04:44.621 18439-18485 DOTNET                  com.app.ralaunch                     I  [16:04:44.620] [Main Thread/INFO] [FNA]: SDL Audio Driver: AAudio
2026-02-03 16:04:44.621 18439-18460 AudioStreamLegacy       com.app.ralaunch                     D  onAudioDeviceUpdate(deviceId = 3)
2026-02-03 16:04:44.621 18439-18485 app_process64           com.app.ralaunch                     D  FNA: [16:04:44.620] [Main Thread/INFO] [FNA]: SDL Audio Driver: AAudio
2026-02-03 16:04:44.640 18439-18541 AudioTrack              com.app.ralaunch                     D  hasStarted(1125): hasStarted wait:0  ets:2048  start position:0
2026-02-03 16:04:44.640 18439-18541 AAudioStream            com.app.ralaunch                     D  setState(s#2) from 3 to 4
2026-02-03 16:04:44.662 18439-18453 System                  com.app.ralaunch                     W  A resource failed to call close. 
2026-02-03 16:04:45.014 18439-18439 SDLActivity             com.app.ralaunch                     W  type=1400 audit(0.0:538439): avc: denied { read } for name="gpu_busy_percentage" dev="sysfs" ino=68755 scontext=u:r:untrusted_app:s0:c14,c257,c512,c768 tcontext=u:object_r:vendor_sysfs_kgsl:s0 tclass=file permissive=0 app=com.app.ralaunch
2026-02-03 16:04:45.014 18439-18439 SDLActivity             com.app.ralaunch                     W  type=1400 audit(0.0:538440): avc: denied { read } for name="devfreq" dev="sysfs" ino=68883 scontext=u:r:untrusted_app:s0:c14,c257,c512,c768 tcontext=u:object_r:vendor_sysfs_kgsl:s0 tclass=lnk_file permissive=0 app=com.app.ralaunch
2026-02-03 16:04:45.014 18439-18439 SDLActivity             com.app.ralaunch                     W  type=1400 audit(0.0:538441): avc: denied { read } for name="gpu_busy_percentage" dev="sysfs" ino=68755 scontext=u:r:untrusted_app:s0:c14,c257,c512,c768 tcontext=u:object_r:vendor_sysfs_kgsl:s0 tclass=file permissive=0 app=com.app.ralaunch
2026-02-03 16:04:45.018 18439-18439 SDLActivity             com.app.ralaunch                     W  type=1400 audit(0.0:538442): avc: denied { search } for name="devfreq" dev="sysfs" ino=46116 scontext=u:r:untrusted_app:s0:c14,c257,c512,c768 tcontext=u:object_r:vendor_sysfs_devfreq:s0 tclass=dir permissive=0 app=com.app.ralaunch
2026-02-03 16:04:45.018 18439-18439 SDLActivity             com.app.ralaunch                     W  type=1400 audit(0.0:538443): avc: denied { search } for name="devfreq" dev="sysfs" ino=46116 scontext=u:r:untrusted_app:s0:c14,c257,c512,c768 tcontext=u:object_r:vendor_sysfs_devfreq:s0 tclass=dir permissive=0 app=com.app.ralaunch
2026-02-03 16:04:45.829 18439-18485 DOTNET                  com.app.ralaunch                     I  [16:04:45.829] [Main Thread/DEBUG] [Terraria]: Device Reset, Adapter: 0, DisplayMode: {{Width:2376 Height:1080 Format:Color}}, Profile: HiDef, Width: 2376, Height: 1080, Fullscreen: True, Display: \\.\DISPLAY1
2026-02-03 16:04:45.829 18439-18485 app_process64           com.app.ralaunch                     D  Terraria: [16:04:45.829] [Main Thread/DEBUG] [Terraria]: Device Reset, Adapter: 0, DisplayMode: {{Width:2376 Height:1080 Format:Color}}, Profile: HiDef, Width: 2376, Height: 1080, Fullscreen: True, Display: \\.\DISPLAY1
2026-02-03 16:04:45.944 18439-18485 SDL_FPS                 com.app.ralaunch                     I  FPS tracking initialized (sample window: 30 frames)
2026-02-03 16:04:45.945 18439-18485 BLASTBufferQueue        com.app.ralaunch                     E  [SurfaceView[com.app.ralaunch/com.app.ralaunch.ui.game.GameActivity]#1](f:0,a:0) rejecting buffer:active_size=2376x1080, requested_size=2376x1080 buffer{size=993x2278 transform=7}
2026-02-03 16:04:46.090 18439-18439 SDLActivity             com.app.ralaunch                     W  type=1400 audit(0.0:538506): avc: denied { read } for name="gpu_busy_percentage" dev="sysfs" ino=68755 scontext=u:r:untrusted_app:s0:c14,c257,c512,c768 tcontext=u:object_r:vendor_sysfs_kgsl:s0 tclass=file permissive=0 app=com.app.ralaunch
2026-02-03 16:04:46.090 18439-18439 SDLActivity             com.app.ralaunch                     W  type=1400 audit(0.0:538507): avc: denied { read } for name="devfreq" dev="sysfs" ino=68883 scontext=u:r:untrusted_app:s0:c14,c257,c512,c768 tcontext=u:object_r:vendor_sysfs_kgsl:s0 tclass=lnk_file permissive=0 app=com.app.ralaunch
2026-02-03 16:04:46.090 18439-18439 SDLActivity             com.app.ralaunch                     W  type=1400 audit(0.0:538508): avc: denied { read } for name="gpu_busy_percentage" dev="sysfs" ino=68755 scontext=u:r:untrusted_app:s0:c14,c257,c512,c768 tcontext=u:object_r:vendor_sysfs_kgsl:s0 tclass=file permissive=0 app=com.app.ralaunch
2026-02-03 16:04:46.090 18439-18439 SDLActivity             com.app.ralaunch                     W  type=1400 audit(0.0:538509): avc: denied { search } for name="devfreq" dev="sysfs" ino=46116 scontext=u:r:untrusted_app:s0:c14,c257,c512,c768 tcontext=u:object_r:vendor_sysfs_devfreq:s0 tclass=dir permissive=0 app=com.app.ralaunch
2026-02-03 16:04:46.090 18439-18439 SDLActivity             com.app.ralaunch                     W  type=1400 audit(0.0:538510): avc: denied { search } for name="devfreq" dev="sysfs" ino=46116 scontext=u:r:untrusted_app:s0:c14,c257,c512,c768 tcontext=u:object_r:vendor_sysfs_devfreq:s0 tclass=dir permissive=0 app=com.app.ralaunch
2026-02-03 16:04:47.142 18439-18439 SDLActivity             com.app.ralaunch                     W  type=1400 audit(0.0:538564): avc: denied { read } for name="gpu_busy_percentage" dev="sysfs" ino=68755 scontext=u:r:untrusted_app:s0:c14,c257,c512,c768 tcontext=u:object_r:vendor_sysfs_kgsl:s0 tclass=file permissive=0 app=com.app.ralaunch
2026-02-03 16:04:47.142 18439-18439 SDLActivity             com.app.ralaunch                     W  type=1400 audit(0.0:538565): avc: denied { read } for name="devfreq" dev="sysfs" ino=68883 scontext=u:r:untrusted_app:s0:c14,c257,c512,c768 tcontext=u:object_r:vendor_sysfs_kgsl:s0 tclass=lnk_file permissive=0 app=com.app.ralaunch
2026-02-03 16:04:47.142 18439-18439 SDLActivity             com.app.ralaunch                     W  type=1400 audit(0.0:538566): avc: denied { read } for name="gpu_busy_percentage" dev="sysfs" ino=68755 scontext=u:r:untrusted_app:s0:c14,c257,c512,c768 tcontext=u:object_r:vendor_sysfs_kgsl:s0 tclass=file permissive=0 app=com.app.ralaunch
2026-02-03 16:04:47.146 18439-18439 SDLActivity             com.app.ralaunch                     W  type=1400 audit(0.0:538567): avc: denied { search } for name="devfreq" dev="sysfs" ino=46116 scontext=u:r:untrusted_app:s0:c14,c257,c512,c768 tcontext=u:object_r:vendor_sysfs_devfreq:s0 tclass=dir permissive=0 app=com.app.ralaunch
2026-02-03 16:04:47.146 18439-18439 SDLActivity             com.app.ralaunch                     W  type=1400 audit(0.0:538568): avc: denied { search } for name="devfreq" dev="sysfs" ino=46116 scontext=u:r:untrusted_app:s0:c14,c257,c512,c768 tcontext=u:object_r:vendor_sysfs_devfreq:s0 tclass=dir permissive=0 app=com.app.ralaunch
2026-02-03 16:04:48.206 18439-18439 SDLActivity             com.app.ralaunch                     W  type=1400 audit(0.0:538622): avc: denied { read } for name="gpu_busy_percentage" dev="sysfs" ino=68755 scontext=u:r:untrusted_app:s0:c14,c257,c512,c768 tcontext=u:object_r:vendor_sysfs_kgsl:s0 tclass=file permissive=0 app=com.app.ralaunch
2026-02-03 16:04:48.206 18439-18439 SDLActivity             com.app.ralaunch                     W  type=1400 audit(0.0:538623): avc: denied { read } for name="devfreq" dev="sysfs" ino=68883 scontext=u:r:untrusted_app:s0:c14,c257,c512,c768 tcontext=u:object_r:vendor_sysfs_kgsl:s0 tclass=lnk_file permissive=0 app=com.app.ralaunch
2026-02-03 16:04:48.206 18439-18439 SDLActivity             com.app.ralaunch                     W  type=1400 audit(0.0:538624): avc: denied { read } for name="gpu_busy_percentage" dev="sysfs" ino=68755 scontext=u:r:untrusted_app:s0:c14,c257,c512,c768 tcontext=u:object_r:vendor_sysfs_kgsl:s0 tclass=file permissive=0 app=com.app.ralaunch
2026-02-03 16:04:48.206 18439-18439 SDLActivity             com.app.ralaunch                     W  type=1400 audit(0.0:538625): avc: denied { search } for name="devfreq" dev="sysfs" ino=46116 scontext=u:r:untrusted_app:s0:c14,c257,c512,c768 tcontext=u:object_r:vendor_sysfs_devfreq:s0 tclass=dir permissive=0 app=com.app.ralaunch
2026-02-03 16:04:48.206 18439-18439 SDLActivity             com.app.ralaunch                     W  type=1400 audit(0.0:538626): avc: denied { search } for name="devfreq" dev="sysfs" ino=46116 scontext=u:r:untrusted_app:s0:c14,c257,c512,c768 tcontext=u:object_r:vendor_sysfs_devfreq:s0 tclass=dir permissive=0 app=com.app.ralaunch
2026-02-03 16:04:49.286 18439-18439 SDLActivity             com.app.ralaunch                     W  type=1400 audit(0.0:538680): avc: denied { read } for name="gpu_busy_percentage" dev="sysfs" ino=68755 scontext=u:r:untrusted_app:s0:c14,c257,c512,c768 tcontext=u:object_r:vendor_sysfs_kgsl:s0 tclass=file permissive=0 app=com.app.ralaunch
2026-02-03 16:04:49.286 18439-18439 SDLActivity             com.app.ralaunch                     W  type=1400 audit(0.0:538681): avc: denied { read } for name="devfreq" dev="sysfs" ino=68883 scontext=u:r:untrusted_app:s0:c14,c257,c512,c768 tcontext=u:object_r:vendor_sysfs_kgsl:s0 tclass=lnk_file permissive=0 app=com.app.ralaunch
2026-02-03 16:04:49.286 18439-18439 SDLActivity             com.app.ralaunch                     W  type=1400 audit(0.0:538682): avc: denied { read } for name="gpu_busy_percentage" dev="sysfs" ino=68755 scontext=u:r:untrusted_app:s0:c14,c257,c512,c768 tcontext=u:object_r:vendor_sysfs_kgsl:s0 tclass=file permissive=0 app=com.app.ralaunch
2026-02-03 16:04:49.286 18439-18439 SDLActivity             com.app.ralaunch                     W  type=1400 audit(0.0:538683): avc: denied { search } for name="devfreq" dev="sysfs" ino=46116 scontext=u:r:untrusted_app:s0:c14,c257,c512,c768 tcontext=u:object_r:vendor_sysfs_devfreq:s0 tclass=dir permissive=0 app=com.app.ralaunch
2026-02-03 16:04:49.286 18439-18439 SDLActivity             com.app.ralaunch                     W  type=1400 audit(0.0:538684): avc: denied { search } for name="devfreq" dev="sysfs" ino=46116 scontext=u:r:untrusted_app:s0:c14,c257,c512,c768 tcontext=u:object_r:vendor_sysfs_devfreq:s0 tclass=dir permissive=0 app=com.app.ralaunch
2026-02-03 16:04:50.346 18439-18439 SDLActivity             com.app.ralaunch                     W  type=1400 audit(0.0:538741): avc: denied { read } for name="gpu_busy_percentage" dev="sysfs" ino=68755 scontext=u:r:untrusted_app:s0:c14,c257,c512,c768 tcontext=u:object_r:vendor_sysfs_kgsl:s0 tclass=file permissive=0 app=com.app.ralaunch
2026-02-03 16:04:50.350 18439-18439 SDLActivity             com.app.ralaunch                     W  type=1400 audit(0.0:538742): avc: denied { read } for name="devfreq" dev="sysfs" ino=68883 scontext=u:r:untrusted_app:s0:c14,c257,c512,c768 tcontext=u:object_r:vendor_sysfs_kgsl:s0 tclass=lnk_file permissive=0 app=com.app.ralaunch
2026-02-03 16:04:50.350 18439-18439 SDLActivity             com.app.ralaunch                     W  type=1400 audit(0.0:538743): avc: denied { read } for name="gpu_busy_percentage" dev="sysfs" ino=68755 scontext=u:r:untrusted_app:s0:c14,c257,c512,c768 tcontext=u:object_r:vendor_sysfs_kgsl:s0 tclass=file permissive=0 app=com.app.ralaunch
2026-02-03 16:04:50.350 18439-18439 SDLActivity             com.app.ralaunch                     W  type=1400 audit(0.0:538744): avc: denied { search } for name="devfreq" dev="sysfs" ino=46116 scontext=u:r:untrusted_app:s0:c14,c257,c512,c768 tcontext=u:object_r:vendor_sysfs_devfreq:s0 tclass=dir permissive=0 app=com.app.ralaunch
2026-02-03 16:04:50.350 18439-18439 SDLActivity             com.app.ralaunch                     W  type=1400 audit(0.0:538745): avc: denied { search } for name="devfreq" dev="sysfs" ino=46116 scontext=u:r:untrusted_app:s0:c14,c257,c512,c768 tcontext=u:object_r:vendor_sysfs_devfreq:s0 tclass=dir permissive=0 app=com.app.ralaunch
2026-02-03 16:04:51.402 18439-18439 SDLActivity             com.app.ralaunch                     W  type=1400 audit(0.0:538796): avc: denied { read } for name="gpu_busy_percentage" dev="sysfs" ino=68755 scontext=u:r:untrusted_app:s0:c14,c257,c512,c768 tcontext=u:object_r:vendor_sysfs_kgsl:s0 tclass=file permissive=0 app=com.app.ralaunch
2026-02-03 16:04:51.402 18439-18439 SDLActivity             com.app.ralaunch                     W  type=1400 audit(0.0:538797): avc: denied { read } for name="devfreq" dev="sysfs" ino=68883 scontext=u:r:untrusted_app:s0:c14,c257,c512,c768 tcontext=u:object_r:vendor_sysfs_kgsl:s0 tclass=lnk_file permissive=0 app=com.app.ralaunch
2026-02-03 16:04:51.402 18439-18439 SDLActivity             com.app.ralaunch                     W  type=1400 audit(0.0:538798): avc: denied { read } for name="gpu_busy_percentage" dev="sysfs" ino=68755 scontext=u:r:untrusted_app:s0:c14,c257,c512,c768 tcontext=u:object_r:vendor_sysfs_kgsl:s0 tclass=file permissive=0 app=com.app.ralaunch
2026-02-03 16:04:51.402 18439-18439 SDLActivity             com.app.ralaunch                     W  type=1400 audit(0.0:538799): avc: denied { search } for name="devfreq" dev="sysfs" ino=46116 scontext=u:r:untrusted_app:s0:c14,c257,c512,c768 tcontext=u:object_r:vendor_sysfs_devfreq:s0 tclass=dir permissive=0 app=com.app.ralaunch
2026-02-03 16:04:51.402 18439-18439 SDLActivity             com.app.ralaunch                     W  type=1400 audit(0.0:538800): avc: denied { search } for name="devfreq" dev="sysfs" ino=46116 scontext=u:r:untrusted_app:s0:c14,c257,c512,c768 tcontext=u:object_r:vendor_sysfs_devfreq:s0 tclass=dir permissive=0 app=com.app.ralaunch
2026-02-03 16:04:51.626 18439-18546 DOTNET                  com.app.ralaunch                     I  [16:04:51.625] [8/DEBUG] [tML]: SSDP search line separator: CRLF
2026-02-03 16:04:51.626 18439-18546 app_process64           com.app.ralaunch                     D  tML: [16:04:51.625] [8/DEBUG] [tML]: SSDP search line separator: CRLF
2026-02-03 16:04:52.466 18439-18439 SDLActivity             com.app.ralaunch                     W  type=1400 audit(0.0:538854): avc: denied { read } for name="gpu_busy_percentage" dev="sysfs" ino=68755 scontext=u:r:untrusted_app:s0:c14,c257,c512,c768 tcontext=u:object_r:vendor_sysfs_kgsl:s0 tclass=file permissive=0 app=com.app.ralaunch
2026-02-03 16:04:52.466 18439-18439 SDLActivity             com.app.ralaunch                     W  type=1400 audit(0.0:538855): avc: denied { read } for name="devfreq" dev="sysfs" ino=68883 scontext=u:r:untrusted_app:s0:c14,c257,c512,c768 tcontext=u:object_r:vendor_sysfs_kgsl:s0 tclass=lnk_file permissive=0 app=com.app.ralaunch
2026-02-03 16:04:52.466 18439-18439 SDLActivity             com.app.ralaunch                     W  type=1400 audit(0.0:538856): avc: denied { read } for name="gpu_busy_percentage" dev="sysfs" ino=68755 scontext=u:r:untrusted_app:s0:c14,c257,c512,c768 tcontext=u:object_r:vendor_sysfs_kgsl:s0 tclass=file permissive=0 app=com.app.ralaunch
2026-02-03 16:04:52.470 18439-18439 SDLActivity             com.app.ralaunch                     W  type=1400 audit(0.0:538857): avc: denied { search } for name="devfreq" dev="sysfs" ino=46116 scontext=u:r:untrusted_app:s0:c14,c257,c512,c768 tcontext=u:object_r:vendor_sysfs_devfreq:s0 tclass=dir permissive=0 app=com.app.ralaunch
2026-02-03 16:04:52.470 18439-18439 SDLActivity             com.app.ralaunch                     W  type=1400 audit(0.0:538858): avc: denied { search } for name="devfreq" dev="sysfs" ino=46116 scontext=u:r:untrusted_app:s0:c14,c257,c512,c768 tcontext=u:object_r:vendor_sysfs_devfreq:s0 tclass=dir permissive=0 app=com.app.ralaunch
2026-02-03 16:04:53.516 18439-18439 SDL                     com.app.ralaunch                     V  nativeFocusChanged()
2026-02-03 16:04:53.538 18439-18439 SDLActivity             com.app.ralaunch                     W  type=1400 audit(0.0:538909): avc: denied { read } for name="gpu_busy_percentage" dev="sysfs" ino=68755 scontext=u:r:untrusted_app:s0:c14,c257,c512,c768 tcontext=u:object_r:vendor_sysfs_kgsl:s0 tclass=file permissive=0 app=com.app.ralaunch
2026-02-03 16:04:53.538 18439-18439 SDLActivity             com.app.ralaunch                     W  type=1400 audit(0.0:538910): avc: denied { read } for name="devfreq" dev="sysfs" ino=68883 scontext=u:r:untrusted_app:s0:c14,c257,c512,c768 tcontext=u:object_r:vendor_sysfs_kgsl:s0 tclass=lnk_file permissive=0 app=com.app.ralaunch
2026-02-03 16:04:53.538 18439-18439 SDLActivity             com.app.ralaunch                     W  type=1400 audit(0.0:538911): avc: denied { read } for name="gpu_busy_percentage" dev="sysfs" ino=68755 scontext=u:r:untrusted_app:s0:c14,c257,c512,c768 tcontext=u:object_r:vendor_sysfs_kgsl:s0 tclass=file permissive=0 app=com.app.ralaunch
2026-02-03 16:04:53.542 18439-18439 SDLActivity             com.app.ralaunch                     W  type=1400 audit(0.0:538912): avc: denied { search } for name="devfreq" dev="sysfs" ino=46116 scontext=u:r:untrusted_app:s0:c14,c257,c512,c768 tcontext=u:object_r:vendor_sysfs_devfreq:s0 tclass=dir permissive=0 app=com.app.ralaunch
2026-02-03 16:04:53.542 18439-18439 SDLActivity             com.app.ralaunch                     W  type=1400 audit(0.0:538913): avc: denied { search } for name="devfreq" dev="sysfs" ino=46116 scontext=u:r:untrusted_app:s0:c14,c257,c512,c768 tcontext=u:object_r:vendor_sysfs_devfreq:s0 tclass=dir permissive=0 app=com.app.ralaunch
2026-02-03 16:04:54.467 18439-18439 SDL                     com.app.ralaunch                     V  nativePause()
2026-02-03 16:04:54.475 18177-18177 DensityAdapter          com.app.ralaunch                     D  ç³»ç»Ÿå­—ä½“å¤§å°å˜åŒ–ï¼Œæ›´æ–° scaledDensity: 2.1000264
2026-02-03 16:04:55.311 18439-18439 Surface                 com.app.ralaunch                     E  freeAllBuffers: 1 buffers were freed while being dequeued!
2026-02-03 16:04:55.311 18439-18439 Surface                 com.app.ralaunch                     E  freeAllBuffers: 1 buffers were freed while being dequeued!
2026-02-03 16:04:55.322 18439-18439 Choreographer           com.app.ralaunch                     I  Skipped 57 frames!  The application may be doing too much work on its main thread.
2026-02-03 16:04:55.347 18439-18439 DensityAdapter          com.app.ralaunch                     D  ç³»ç»Ÿå­—ä½“å¤§å°å˜åŒ–ï¼Œæ›´æ–° scaledDensity: 2.1000264
2026-02-03 16:04:55.346 18439-18439 SDLActivity             com.app.ralaunch                     W  type=1400 audit(0.0:538953): avc: denied { read } for name="gpu_busy_percentage" dev="sysfs" ino=68755 scontext=u:r:untrusted_app:s0:c14,c257,c512,c768 tcontext=u:object_r:vendor_sysfs_kgsl:s0 tclass=file permissive=0 app=com.app.ralaunch
2026-02-03 16:04:55.346 18439-18439 SDLActivity             com.app.ralaunch                     W  type=1400 audit(0.0:538954): avc: denied { read } for name="devfreq" dev="sysfs" ino=68883 scontext=u:r:untrusted_app:s0:c14,c257,c512,c768 tcontext=u:object_r:vendor_sysfs_kgsl:s0 tclass=lnk_file permissive=0 app=com.app.ralaunch
2026-02-03 16:04:55.346 18439-18439 SDLActivity             com.app.ralaunch                     W  type=1400 audit(0.0:538955): avc: denied { read } for name="gpu_busy_percentage" dev="sysfs" ino=68755 scontext=u:r:untrusted_app:s0:c14,c257,c512,c768 tcontext=u:object_r:vendor_sysfs_kgsl:s0 tclass=file permissive=0 app=com.app.ralaunch
2026-02-03 16:04:55.346 18439-18439 SDLActivity             com.app.ralaunch                     W  type=1400 audit(0.0:538956): avc: denied { search } for name="devfreq" dev="sysfs" ino=46116 scontext=u:r:untrusted_app:s0:c14,c257,c512,c768 tcontext=u:object_r:vendor_sysfs_devfreq:s0 tclass=dir permissive=0 app=com.app.ralaunch
2026-02-03 16:04:55.346 18439-18439 SDLActivity             com.app.ralaunch                     W  type=1400 audit(0.0:538957): avc: denied { search } for name="devfreq" dev="sysfs" ino=46116 scontext=u:r:untrusted_app:s0:c14,c257,c512,c768 tcontext=u:object_r:vendor_sysfs_devfreq:s0 tclass=dir permissive=0 app=com.app.ralaunch
2026-02-03 16:04:56.426 18439-18439 SDLActivity             com.app.ralaunch                     W  type=1400 audit(0.0:539008): avc: denied { read } for name="gpu_busy_percentage" dev="sysfs" ino=68755 scontext=u:r:untrusted_app:s0:c14,c257,c512,c768 tcontext=u:object_r:vendor_sysfs_kgsl:s0 tclass=file permissive=0 app=com.app.ralaunch
2026-02-03 16:04:56.426 18439-18439 SDLActivity             com.app.ralaunch                     W  type=1400 audit(0.0:539009): avc: denied { read } for name="devfreq" dev="sysfs" ino=68883 scontext=u:r:untrusted_app:s0:c14,c257,c512,c768 tcontext=u:object_r:vendor_sysfs_kgsl:s0 tclass=lnk_file permissive=0 app=com.app.ralaunch
2026-02-03 16:04:56.426 18439-18439 SDLActivity             com.app.ralaunch                     W  type=1400 audit(0.0:539010): avc: denied { read } for name="gpu_busy_percentage" dev="sysfs" ino=68755 scontext=u:r:untrusted_app:s0:c14,c257,c512,c768 tcontext=u:object_r:vendor_sysfs_kgsl:s0 tclass=file permissive=0 app=com.app.ralaunch
2026-02-03 16:04:56.426 18439-18439 SDLActivity             com.app.ralaunch                     W  type=1400 audit(0.0:539011): avc: denied { search } for name="devfreq" dev="sysfs" ino=46116 scontext=u:r:untrusted_app:s0:c14,c257,c512,c768 tcontext=u:object_r:vendor_sysfs_devfreq:s0 tclass=dir permissive=0 app=com.app.ralaunch
2026-02-03 16:04:56.430 18439-18439 SDLActivity             com.app.ralaunch                     W  type=1400 audit(0.0:539012): avc: denied { search } for name="devfreq" dev="sysfs" ino=46116 scontext=u:r:untrusted_app:s0:c14,c257,c512,c768 tcontext=u:object_r:vendor_sysfs_devfreq:s0 tclass=dir permissive=0 app=com.app.ralaunch
2026-02-03 16:04:57.506 18439-18439 SDLActivity             com.app.ralaunch                     W  type=1400 audit(0.0:539063): avc: denied { read } for name="gpu_busy_percentage" dev="sysfs" ino=68755 scontext=u:r:untrusted_app:s0:c14,c257,c512,c768 tcontext=u:object_r:vendor_sysfs_kgsl:s0 tclass=file permissive=0 app=com.app.ralaunch
2026-02-03 16:04:57.506 18439-18439 SDLActivity             com.app.ralaunch                     W  type=1400 audit(0.0:539064): avc: denied { read } for name="devfreq" dev="sysfs" ino=68883 scontext=u:r:untrusted_app:s0:c14,c257,c512,c768 tcontext=u:object_r:vendor_sysfs_kgsl:s0 tclass=lnk_file permissive=0 app=com.app.ralaunch
2026-02-03 16:04:57.506 18439-18439 SDLActivity             com.app.ralaunch                     W  type=1400 audit(0.0:539065): avc: denied { read } for name="gpu_busy_percentage" dev="sysfs" ino=68755 scontext=u:r:untrusted_app:s0:c14,c257,c512,c768 tcontext=u:object_r:vendor_sysfs_kgsl:s0 tclass=file permissive=0 app=com.app.ralaunch
2026-02-03 16:04:57.510 18439-18439 SDLActivity             com.app.ralaunch                     W  type=1400 audit(0.0:539066): avc: denied { search } for name="devfreq" dev="sysfs" ino=46116 scontext=u:r:untrusted_app:s0:c14,c257,c512,c768 tcontext=u:object_r:vendor_sysfs_devfreq:s0 tclass=dir permissive=0 app=com.app.ralaunch
2026-02-03 16:04:57.510 18439-18439 SDLActivity             com.app.ralaunch                     W  type=1400 audit(0.0:539067): avc: denied { search } for name="devfreq" dev="sysfs" ino=46116 scontext=u:r:untrusted_app:s0:c14,c257,c512,c768 tcontext=u:object_r:vendor_sysfs_devfreq:s0 tclass=dir permissive=0 app=com.app.ralaunch
2026-02-03 16:04:58.594 18439-18439 SDLActivity             com.app.ralaunch                     W  type=1400 audit(0.0:539118): avc: denied { read } for name="gpu_busy_percentage" dev="sysfs" ino=68755 scontext=u:r:untrusted_app:s0:c14,c257,c512,c768 tcontext=u:object_r:vendor_sysfs_kgsl:s0 tclass=file permissive=0 app=com.app.ralaunch
2026-02-03 16:04:58.594 18439-18439 SDLActivity             com.app.ralaunch                     W  type=1400 audit(0.0:539119): avc: denied { read } for name="devfreq" dev="sysfs" ino=68883 scontext=u:r:untrusted_app:s0:c14,c257,c512,c768 tcontext=u:object_r:vendor_sysfs_kgsl:s0 tclass=lnk_file permissive=0 app=com.app.ralaunch
2026-02-03 16:04:58.594 18439-18439 SDLActivity             com.app.ralaunch                     W  type=1400 audit(0.0:539120): avc: denied { read } for name="gpu_busy_percentage" dev="sysfs" ino=68755 scontext=u:r:untrusted_app:s0:c14,c257,c512,c768 tcontext=u:object_r:vendor_sysfs_kgsl:s0 tclass=file permissive=0 app=com.app.ralaunch
2026-02-03 16:04:58.594 18439-18439 SDLActivity             com.app.ralaunch                     W  type=1400 audit(0.0:539121): avc: denied { search } for name="devfreq" dev="sysfs" ino=46116 scontext=u:r:untrusted_app:s0:c14,c257,c512,c768 tcontext=u:object_r:vendor_sysfs_devfreq:s0 tclass=dir permissive=0 app=com.app.ralaunch
2026-02-03 16:04:58.594 18439-18439 SDLActivity             com.app.ralaunch                     W  type=1400 audit(0.0:539122): avc: denied { search } for name="devfreq" dev="sysfs" ino=46116 scontext=u:r:untrusted_app:s0:c14,c257,c512,c768 tcontext=u:object_r:vendor_sysfs_devfreq:s0 tclass=dir permissive=0 app=com.app.ralaunch
2026-02-03 16:04:59.304 18439-18439 DensityAdapter          com.app.ralaunch                     D  ç³»ç»Ÿå­—ä½“å¤§å°å˜åŒ–ï¼Œæ›´æ–° scaledDensity: 2.1000264
2026-02-03 16:04:59.577 18439-18439 SDL_JNI                 com.app.ralaunch                     I  Android_JNI_GetNativeWindow called
2026-02-03 16:04:59.577 18439-18439 SDL_JNI                 com.app.ralaunch                     I    env=0xb400007c924a7350, mActivityClass=0x6626, midGetNativeSurface=0x71
2026-02-03 16:04:59.577 18439-18439 SDL                     com.app.ralaunch                     I  getNativeSurface() called from JNI
2026-02-03 16:04:59.577 18439-18439 SDL                     com.app.ralaunch                     I    mSingleton=com.app.ralaunch.ui.game.GameActivity@966c6eb, mSurface=org.libsdl.app.SDLSurface{83bedc0 VFE...... .F...... 0,0-2376,1080 aid=1073741824}
2026-02-03 16:04:59.577 18439-18439 SDL                     com.app.ralaunch                     I    mSurface.getNativeSurface() returned: Surface(name=null)/@0xa15656b
2026-02-03 16:04:59.577 18439-18439 SDL                     com.app.ralaunch                     I    mSurface.mIsSurfaceReady=false
2026-02-03 16:04:59.577 18439-18439 SDL_JNI                 com.app.ralaunch                     I    getNativeSurface() returned: 0xe1
2026-02-03 16:04:59.577 18439-18439 SDL_JNI                 com.app.ralaunch                     I    ANativeWindow_fromSurface returned: 0xb400007d52505cf0
2026-02-03 16:04:59.591 18439-18439 SDL/APP                 com.app.ralaunch                     I  pixel format wanted SDL_PIXELFORMAT_RGBA8888 (1), got SDL_PIXELFORMAT_RGBA8888 (1)
2026-02-03 16:04:59.639 18439-18451 p.ralaunch:game         com.app.ralaunch                     I  CollectorTransition concurrent copying GC freed 25143(2203KB) AllocSpace objects, 86(1720KB) LOS objects, 60% free, 4015KB(RS:2159KB + LOS:1856KB)/10159KB, paused 231us,45us total 262.241ms
2026-02-03 16:04:59.722 18439-18439 SDLActivity             com.app.ralaunch                     W  type=1400 audit(0.0:539162): avc: denied { read } for name="gpu_busy_percentage" dev="sysfs" ino=68755 scontext=u:r:untrusted_app:s0:c14,c257,c512,c768 tcontext=u:object_r:vendor_sysfs_kgsl:s0 tclass=file permissive=0 app=com.app.ralaunch
2026-02-03 16:04:59.722 18439-18439 SDLActivity             com.app.ralaunch                     W  type=1400 audit(0.0:539163): avc: denied { read } for name="devfreq" dev="sysfs" ino=68883 scontext=u:r:untrusted_app:s0:c14,c257,c512,c768 tcontext=u:object_r:vendor_sysfs_kgsl:s0 tclass=lnk_file permissive=0 app=com.app.ralaunch
2026-02-03 16:04:59.722 18439-18439 SDLActivity             com.app.ralaunch                     W  type=1400 audit(0.0:539164): avc: denied { read } for name="gpu_busy_percentage" dev="sysfs" ino=68755 scontext=u:r:untrusted_app:s0:c14,c257,c512,c768 tcontext=u:object_r:vendor_sysfs_kgsl:s0 tclass=file permissive=0 app=com.app.ralaunch
2026-02-03 16:04:59.722 18439-18439 SDLActivity             com.app.ralaunch                     W  type=1400 audit(0.0:539165): avc: denied { search } for name="devfreq" dev="sysfs" ino=46116 scontext=u:r:untrusted_app:s0:c14,c257,c512,c768 tcontext=u:object_r:vendor_sysfs_devfreq:s0 tclass=dir permissive=0 app=com.app.ralaunch
2026-02-03 16:04:59.722 18439-18439 SDLActivity             com.app.ralaunch                     W  type=1400 audit(0.0:539166): avc: denied { search } for name="devfreq" dev="sysfs" ino=46116 scontext=u:r:untrusted_app:s0:c14,c257,c512,c768 tcontext=u:object_r:vendor_sysfs_devfreq:s0 tclass=dir permissive=0 app=com.app.ralaunch
2026-02-03 16:04:59.758 18439-18439 SDL                     com.app.ralaunch                     V  nativeResume()
2026-02-03 16:04:59.766 18439-18439 SDL                     com.app.ralaunch                     V  nativeFocusChanged()
2026-02-03 16:04:59.767 18439-18439 ImeFocusController      com.app.ralaunch                     D  onViewFocusChanged, view=org.libsdl.app.SDLSurface{83bedc0 VFE...... .F...... 0,0-2376,1080 aid=1073741824}, mServedView=org.libsdl.app.SDLSurface{83bedc0 VFE...... .F...... 0,0-2376,1080 aid=1073741824}
2026-02-03 16:04:59.770 18439-18439 ImeFocusController      com.app.ralaunch                     V  onWindowFocus: org.libsdl.app.SDLSurface{83bedc0 VFE...... .F...... 0,0-2376,1080 aid=1073741824} softInputMode=STATE_UNSPECIFIED|ADJUST_PAN|IS_FORWARD_NAVIGATION
2026-02-03 16:04:59.770 18439-18439 ImeFocusController      com.app.ralaunch                     V  Restarting due to isRestartOnNextWindowFocus as true
2026-02-03 16:04:59.770 18439-18439 ImeFocusController      com.app.ralaunch                     D  onViewFocusChanged, view=org.libsdl.app.SDLSurface{83bedc0 VFE...... .F...... 0,0-2376,1080 aid=1073741824}, mServedView=org.libsdl.app.SDLSurface{83bedc0 VFE...... .F...... 0,0-2376,1080 aid=1073741824}
2026-02-03 16:04:59.770 18439-18439 ImeFocusController      com.app.ralaunch                     V  checkFocus: view=org.libsdl.app.SDLSurface{83bedc0 VFE...... .F...... 0,0-2376,1080 aid=1073741824} next=org.libsdl.app.SDLSurface{83bedc0 VFE...... .F...... 0,0-2376,1080 aid=1073741824} immDelegate=delegate{1714c20 displayId=0} force=true package=com.app.ralaunch
2026-02-03 16:05:01.014 18439-18439 SDLActivity             com.app.ralaunch                     W  type=1400 audit(0.0:539206): avc: denied { read } for name="gpu_busy_percentage" dev="sysfs" ino=68755 scontext=u:r:untrusted_app:s0:c14,c257,c512,c768 tcontext=u:object_r:vendor_sysfs_kgsl:s0 tclass=file permissive=0 app=com.app.ralaunch
2026-02-03 16:05:01.014 18439-18439 SDLActivity             com.app.ralaunch                     W  type=1400 audit(0.0:539207): avc: denied { read } for name="devfreq" dev="sysfs" ino=68883 scontext=u:r:untrusted_app:s0:c14,c257,c512,c768 tcontext=u:object_r:vendor_sysfs_kgsl:s0 tclass=lnk_file permissive=0 app=com.app.ralaunch
2026-02-03 16:05:01.018 18439-18439 SDLActivity             com.app.ralaunch                     W  type=1400 audit(0.0:539208): avc: denied { read } for name="gpu_busy_percentage" dev="sysfs" ino=68755 scontext=u:r:untrusted_app:s0:c14,c257,c512,c768 tcontext=u:object_r:vendor_sysfs_kgsl:s0 tclass=file permissive=0 app=com.app.ralaunch
2026-02-03 16:05:01.018 18439-18439 SDLActivity             com.app.ralaunch                     W  type=1400 audit(0.0:539209): avc: denied { search } for name="devfreq" dev="sysfs" ino=46116 scontext=u:r:untrusted_app:s0:c14,c257,c512,c768 tcontext=u:object_r:vendor_sysfs_devfreq:s0 tclass=dir permissive=0 app=com.app.ralaunch
2026-02-03 16:05:01.018 18439-18439 SDLActivity             com.app.ralaunch                     W  type=1400 audit(0.0:539210): avc: denied { search } for name="devfreq" dev="sysfs" ino=46116 scontext=u:r:untrusted_app:s0:c14,c257,c512,c768 tcontext=u:object_r:vendor_sysfs_devfreq:s0 tclass=dir permissive=0 app=com.app.ralaunch
2026-02-03 16:05:01.575 18439-18546 DOTNET                  com.app.ralaunch                     I  [16:05:01.575] [8/DEBUG] [tML]: Hook System.Runtime.Loader.AssemblyLoadContext::ValidateAssemblyNameWithSimpleName(Assembly, string) added by tModLoader
2026-02-03 16:05:01.576 18439-18546 app_process64           com.app.ralaunch                     D  tML: [16:05:01.575] [8/DEBUG] [tML]: Hook System.Runtime.Loader.AssemblyLoadContext::ValidateAssemblyNameWithSimpleName(Assembly, string) added by tModLoader
2026-02-03 16:05:01.696 18439-18539 ActivityThread          com.app.ralaunch                     V  updateVmProcessStateForGc sceneId =0 state=197120
2026-02-03 16:05:01.697 18439-18539 p.ralaunch:game         com.app.ralaunch                     I  Open vivo delay for GC JIT .
